<?xml version="1.0"?>
<link_info>
   <banner>TI ARM Linker PC v16.9.4.LTS</banner>
   <copyright>Copyright (c) 1996-2017 Texas Instruments Incorporated</copyright>
   <link_time>0x5a45695d</link_time>
   <link_errors>0x0</link_errors>
   <output_file>ProjectFinal.out</output_file>
   <entry_point>
      <name>_c_int00</name>
      <address>0x29fd</address>
   </entry_point>
   <input_file_list>
      <input_file id="fl-2">
         <path>.\</path>
         <kind>object</kind>
         <file>clk.obj</file>
         <name>clk.obj</name>
      </input_file>
      <input_file id="fl-3">
         <path>.\</path>
         <kind>object</kind>
         <file>main.obj</file>
         <name>main.obj</name>
      </input_file>
      <input_file id="fl-4">
         <path>.\</path>
         <kind>object</kind>
         <file>printfOverride.obj</file>
         <name>printfOverride.obj</name>
      </input_file>
      <input_file id="fl-5">
         <path>.\</path>
         <kind>object</kind>
         <file>sensors.obj</file>
         <name>sensors.obj</name>
      </input_file>
      <input_file id="fl-6">
         <path>.\</path>
         <kind>object</kind>
         <file>startup_msp432p401r_ccs.obj</file>
         <name>startup_msp432p401r_ccs.obj</name>
      </input_file>
      <input_file id="fl-7">
         <path>.\</path>
         <kind>object</kind>
         <file>system_msp432p401r.obj</file>
         <name>system_msp432p401r.obj</name>
      </input_file>
      <input_file id="fl-8">
         <path>.\</path>
         <kind>object</kind>
         <file>systick.obj</file>
         <name>systick.obj</name>
      </input_file>
      <input_file id="fl-9">
         <path>.\</path>
         <kind>object</kind>
         <file>uart.obj</file>
         <name>uart.obj</name>
      </input_file>
      <input_file id="fl-e">
         <kind>object</kind>
         <file>&lt;internal&gt;</file>
         <name>&lt;internal&gt;</name>
      </input_file>
      <input_file id="fl-f">
         <path>C:\ti\msp\MSP432Ware_3_50_00_02\driverlib\driverlib\MSP432P4xx\ccs\</path>
         <kind>archive</kind>
         <file>msp432p4xx_driverlib.lib</file>
         <name>cs.o</name>
      </input_file>
      <input_file id="fl-10">
         <path>C:\ti\msp\MSP432Ware_3_50_00_02\driverlib\driverlib\MSP432P4xx\ccs\</path>
         <kind>archive</kind>
         <file>msp432p4xx_driverlib.lib</file>
         <name>interrupt.o</name>
      </input_file>
      <input_file id="fl-11">
         <path>C:\ti\msp\MSP432Ware_3_50_00_02\driverlib\driverlib\MSP432P4xx\ccs\</path>
         <kind>archive</kind>
         <file>msp432p4xx_driverlib.lib</file>
         <name>sysctl.o</name>
      </input_file>
      <input_file id="fl-12">
         <path>C:\ti\msp\MSP432Ware_3_50_00_02\driverlib\driverlib\MSP432P4xx\ccs\</path>
         <kind>archive</kind>
         <file>msp432p4xx_driverlib.lib</file>
         <name>uart.o</name>
      </input_file>
      <input_file id="fl-13">
         <path>C:\ti\msp\MSP432Ware_3_50_00_02\driverlib\driverlib\MSP432P4xx\ccs\</path>
         <kind>archive</kind>
         <file>msp432p4xx_driverlib.lib</file>
         <name>cpu.o</name>
      </input_file>
      <input_file id="fl-c9">
         <path>C:\ti\ccsv7\tools\compiler\ti-cgt-arm_16.9.4.LTS\lib\</path>
         <kind>archive</kind>
         <file>rtsv7M4_T_le_v4SPD16_eabi.lib</file>
         <name>boot.obj</name>
      </input_file>
      <input_file id="fl-ca">
         <path>C:\ti\ccsv7\tools\compiler\ti-cgt-arm_16.9.4.LTS\lib\</path>
         <kind>archive</kind>
         <file>rtsv7M4_T_le_v4SPD16_eabi.lib</file>
         <name>copy_decompress_lzss.obj</name>
      </input_file>
      <input_file id="fl-cb">
         <path>C:\ti\ccsv7\tools\compiler\ti-cgt-arm_16.9.4.LTS\lib\</path>
         <kind>archive</kind>
         <file>rtsv7M4_T_le_v4SPD16_eabi.lib</file>
         <name>copy_decompress_none.obj</name>
      </input_file>
      <input_file id="fl-cc">
         <path>C:\ti\ccsv7\tools\compiler\ti-cgt-arm_16.9.4.LTS\lib\</path>
         <kind>archive</kind>
         <file>rtsv7M4_T_le_v4SPD16_eabi.lib</file>
         <name>copy_zero_init.obj</name>
      </input_file>
      <input_file id="fl-cd">
         <path>C:\ti\ccsv7\tools\compiler\ti-cgt-arm_16.9.4.LTS\lib\</path>
         <kind>archive</kind>
         <file>rtsv7M4_T_le_v4SPD16_eabi.lib</file>
         <name>exit.obj</name>
      </input_file>
      <input_file id="fl-ce">
         <path>C:\ti\ccsv7\tools\compiler\ti-cgt-arm_16.9.4.LTS\lib\</path>
         <kind>archive</kind>
         <file>rtsv7M4_T_le_v4SPD16_eabi.lib</file>
         <name>fs_tod_t2.obj</name>
      </input_file>
      <input_file id="fl-cf">
         <path>C:\ti\ccsv7\tools\compiler\ti-cgt-arm_16.9.4.LTS\lib\</path>
         <kind>archive</kind>
         <file>rtsv7M4_T_le_v4SPD16_eabi.lib</file>
         <name>memcpy_t2.obj</name>
      </input_file>
      <input_file id="fl-d0">
         <path>C:\ti\ccsv7\tools\compiler\ti-cgt-arm_16.9.4.LTS\lib\</path>
         <kind>archive</kind>
         <file>rtsv7M4_T_le_v4SPD16_eabi.lib</file>
         <name>memset_t2.obj</name>
      </input_file>
      <input_file id="fl-d1">
         <path>C:\ti\ccsv7\tools\compiler\ti-cgt-arm_16.9.4.LTS\lib\</path>
         <kind>archive</kind>
         <file>rtsv7M4_T_le_v4SPD16_eabi.lib</file>
         <name>mpu_init.obj</name>
      </input_file>
      <input_file id="fl-d2">
         <path>C:\ti\ccsv7\tools\compiler\ti-cgt-arm_16.9.4.LTS\lib\</path>
         <kind>archive</kind>
         <file>rtsv7M4_T_le_v4SPD16_eabi.lib</file>
         <name>pre_init.obj</name>
      </input_file>
      <input_file id="fl-d3">
         <path>C:\ti\ccsv7\tools\compiler\ti-cgt-arm_16.9.4.LTS\lib\</path>
         <kind>archive</kind>
         <file>rtsv7M4_T_le_v4SPD16_eabi.lib</file>
         <name>printf.obj</name>
      </input_file>
      <input_file id="fl-d4">
         <path>C:\ti\ccsv7\tools\compiler\ti-cgt-arm_16.9.4.LTS\lib\</path>
         <kind>archive</kind>
         <file>rtsv7M4_T_le_v4SPD16_eabi.lib</file>
         <name>sprintf.obj</name>
      </input_file>
      <input_file id="fl-d5">
         <path>C:\ti\ccsv7\tools\compiler\ti-cgt-arm_16.9.4.LTS\lib\</path>
         <kind>archive</kind>
         <file>rtsv7M4_T_le_v4SPD16_eabi.lib</file>
         <name>stkdepth_vars.obj</name>
      </input_file>
      <input_file id="fl-d6">
         <path>C:\ti\ccsv7\tools\compiler\ti-cgt-arm_16.9.4.LTS\lib\</path>
         <kind>archive</kind>
         <file>rtsv7M4_T_le_v4SPD16_eabi.lib</file>
         <name>strlen.obj</name>
      </input_file>
      <input_file id="fl-d7">
         <path>C:\ti\ccsv7\tools\compiler\ti-cgt-arm_16.9.4.LTS\lib\</path>
         <kind>archive</kind>
         <file>rtsv7M4_T_le_v4SPD16_eabi.lib</file>
         <name>strstr.obj</name>
      </input_file>
      <input_file id="fl-d8">
         <path>C:\ti\ccsv7\tools\compiler\ti-cgt-arm_16.9.4.LTS\lib\</path>
         <kind>archive</kind>
         <file>rtsv7M4_T_le_v4SPD16_eabi.lib</file>
         <name>_lock.obj</name>
      </input_file>
      <input_file id="fl-d9">
         <path>C:\ti\ccsv7\tools\compiler\ti-cgt-arm_16.9.4.LTS\lib\</path>
         <kind>archive</kind>
         <file>rtsv7M4_T_le_v4SPD16_eabi.lib</file>
         <name>_printfi.obj</name>
      </input_file>
      <input_file id="fl-da">
         <path>C:\ti\ccsv7\tools\compiler\ti-cgt-arm_16.9.4.LTS\lib\</path>
         <kind>archive</kind>
         <file>rtsv7M4_T_le_v4SPD16_eabi.lib</file>
         <name>args_main.obj</name>
      </input_file>
      <input_file id="fl-db">
         <path>C:\ti\ccsv7\tools\compiler\ti-cgt-arm_16.9.4.LTS\lib\</path>
         <kind>archive</kind>
         <file>rtsv7M4_T_le_v4SPD16_eabi.lib</file>
         <name>atoi.obj</name>
      </input_file>
      <input_file id="fl-dc">
         <path>C:\ti\ccsv7\tools\compiler\ti-cgt-arm_16.9.4.LTS\lib\</path>
         <kind>archive</kind>
         <file>rtsv7M4_T_le_v4SPD16_eabi.lib</file>
         <name>autoinit.obj</name>
      </input_file>
      <input_file id="fl-dd">
         <path>C:\ti\ccsv7\tools\compiler\ti-cgt-arm_16.9.4.LTS\lib\</path>
         <kind>archive</kind>
         <file>rtsv7M4_T_le_v4SPD16_eabi.lib</file>
         <name>cpy_tbl.obj</name>
      </input_file>
      <input_file id="fl-de">
         <path>C:\ti\ccsv7\tools\compiler\ti-cgt-arm_16.9.4.LTS\lib\</path>
         <kind>archive</kind>
         <file>rtsv7M4_T_le_v4SPD16_eabi.lib</file>
         <name>ctype.obj</name>
      </input_file>
      <input_file id="fl-df">
         <path>C:\ti\ccsv7\tools\compiler\ti-cgt-arm_16.9.4.LTS\lib\</path>
         <kind>archive</kind>
         <file>rtsv7M4_T_le_v4SPD16_eabi.lib</file>
         <name>defs.obj</name>
      </input_file>
      <input_file id="fl-e0">
         <path>C:\ti\ccsv7\tools\compiler\ti-cgt-arm_16.9.4.LTS\lib\</path>
         <kind>archive</kind>
         <file>rtsv7M4_T_le_v4SPD16_eabi.lib</file>
         <name>fd_add_t2.obj</name>
      </input_file>
      <input_file id="fl-e1">
         <path>C:\ti\ccsv7\tools\compiler\ti-cgt-arm_16.9.4.LTS\lib\</path>
         <kind>archive</kind>
         <file>rtsv7M4_T_le_v4SPD16_eabi.lib</file>
         <name>fd_cmp_t2.obj</name>
      </input_file>
      <input_file id="fl-e2">
         <path>C:\ti\ccsv7\tools\compiler\ti-cgt-arm_16.9.4.LTS\lib\</path>
         <kind>archive</kind>
         <file>rtsv7M4_T_le_v4SPD16_eabi.lib</file>
         <name>fd_div_t2.obj</name>
      </input_file>
      <input_file id="fl-e3">
         <path>C:\ti\ccsv7\tools\compiler\ti-cgt-arm_16.9.4.LTS\lib\</path>
         <kind>archive</kind>
         <file>rtsv7M4_T_le_v4SPD16_eabi.lib</file>
         <name>fd_mul_t2.obj</name>
      </input_file>
      <input_file id="fl-e4">
         <path>C:\ti\ccsv7\tools\compiler\ti-cgt-arm_16.9.4.LTS\lib\</path>
         <kind>archive</kind>
         <file>rtsv7M4_T_le_v4SPD16_eabi.lib</file>
         <name>fd_toi_t2.obj</name>
      </input_file>
      <input_file id="fl-e5">
         <path>C:\ti\ccsv7\tools\compiler\ti-cgt-arm_16.9.4.LTS\lib\</path>
         <kind>archive</kind>
         <file>rtsv7M4_T_le_v4SPD16_eabi.lib</file>
         <name>i_tofd_t2.obj</name>
      </input_file>
      <input_file id="fl-e6">
         <path>C:\ti\ccsv7\tools\compiler\ti-cgt-arm_16.9.4.LTS\lib\</path>
         <kind>archive</kind>
         <file>rtsv7M4_T_le_v4SPD16_eabi.lib</file>
         <name>ltoa.obj</name>
      </input_file>
      <input_file id="fl-e7">
         <path>C:\ti\ccsv7\tools\compiler\ti-cgt-arm_16.9.4.LTS\lib\</path>
         <kind>archive</kind>
         <file>rtsv7M4_T_le_v4SPD16_eabi.lib</file>
         <name>memccpy.obj</name>
      </input_file>
      <input_file id="fl-e8">
         <path>C:\ti\ccsv7\tools\compiler\ti-cgt-arm_16.9.4.LTS\lib\</path>
         <kind>archive</kind>
         <file>rtsv7M4_T_le_v4SPD16_eabi.lib</file>
         <name>s_frexp.obj</name>
      </input_file>
      <input_file id="fl-e9">
         <path>C:\ti\ccsv7\tools\compiler\ti-cgt-arm_16.9.4.LTS\lib\</path>
         <kind>archive</kind>
         <file>rtsv7M4_T_le_v4SPD16_eabi.lib</file>
         <name>s_scalbn.obj</name>
      </input_file>
      <input_file id="fl-ea">
         <path>C:\ti\ccsv7\tools\compiler\ti-cgt-arm_16.9.4.LTS\lib\</path>
         <kind>archive</kind>
         <file>rtsv7M4_T_le_v4SPD16_eabi.lib</file>
         <name>startup.obj</name>
      </input_file>
      <input_file id="fl-eb">
         <path>C:\ti\ccsv7\tools\compiler\ti-cgt-arm_16.9.4.LTS\lib\</path>
         <kind>archive</kind>
         <file>rtsv7M4_T_le_v4SPD16_eabi.lib</file>
         <name>strchr.obj</name>
      </input_file>
      <input_file id="fl-ec">
         <path>C:\ti\ccsv7\tools\compiler\ti-cgt-arm_16.9.4.LTS\lib\</path>
         <kind>archive</kind>
         <file>rtsv7M4_T_le_v4SPD16_eabi.lib</file>
         <name>ull_div_t2.obj</name>
      </input_file>
      <input_file id="fl-ed">
         <path>C:\ti\ccsv7\tools\compiler\ti-cgt-arm_16.9.4.LTS\lib\</path>
         <kind>archive</kind>
         <file>rtsv7M4_T_le_v4SPD16_eabi.lib</file>
         <name>errno.obj</name>
      </input_file>
      <input_file id="fl-ee">
         <path>C:\ti\ccsv7\tools\compiler\ti-cgt-arm_16.9.4.LTS\lib\</path>
         <kind>archive</kind>
         <file>rtsv7M4_T_le_v4SPD16_eabi.lib</file>
         <name>s_copysign.obj</name>
      </input_file>
   </input_file_list>
   <object_component_list>
      <object_component id="oc-28">
         <name>.intvecs:retain</name>
         <load_address>0x0</load_address>
         <run_address>0x0</run_address>
         <size>0xe4</size>
         <input_file_ref idref="fl-6"/>
      </object_component>
      <object_component id="oc-16b">
         <name>.text</name>
         <load_address>0xe4</load_address>
         <run_address>0xe4</run_address>
         <size>0x113e</size>
         <input_file_ref idref="fl-d9"/>
      </object_component>
      <object_component id="oc-4f">
         <name>.text</name>
         <load_address>0x1222</load_address>
         <run_address>0x1222</run_address>
         <size>0x2</size>
         <input_file_ref idref="fl-d1"/>
      </object_component>
      <object_component id="oc-b9">
         <name>.text</name>
         <load_address>0x1224</load_address>
         <run_address>0x1224</run_address>
         <size>0x328</size>
         <input_file_ref idref="fl-7"/>
      </object_component>
      <object_component id="oc-c6">
         <name>.text</name>
         <load_address>0x154c</load_address>
         <run_address>0x154c</run_address>
         <size>0x294</size>
         <input_file_ref idref="fl-5"/>
      </object_component>
      <object_component id="oc-7d">
         <name>.text</name>
         <load_address>0x17e0</load_address>
         <run_address>0x17e0</run_address>
         <size>0x220</size>
         <input_file_ref idref="fl-9"/>
      </object_component>
      <object_component id="oc-77">
         <name>.text</name>
         <load_address>0x1a00</load_address>
         <run_address>0x1a00</run_address>
         <size>0x21c</size>
         <input_file_ref idref="fl-3"/>
      </object_component>
      <object_component id="oc-1da">
         <name>.text</name>
         <load_address>0x1c1c</load_address>
         <run_address>0x1c1c</run_address>
         <size>0x1f4</size>
         <input_file_ref idref="fl-ec"/>
      </object_component>
      <object_component id="oc-203">
         <name>.text</name>
         <load_address>0x1e10</load_address>
         <run_address>0x1e10</run_address>
         <size>0x1b6</size>
         <input_file_ref idref="fl-e0"/>
      </object_component>
      <object_component id="oc-1e9">
         <name>.text</name>
         <load_address>0x1fc6</load_address>
         <run_address>0x1fc6</run_address>
         <size>0x136</size>
         <input_file_ref idref="fl-e2"/>
      </object_component>
      <object_component id="oc-1e4">
         <name>.text</name>
         <load_address>0x20fc</load_address>
         <run_address>0x20fc</run_address>
         <size>0xfc</size>
         <input_file_ref idref="fl-e3"/>
      </object_component>
      <object_component id="oc-20e">
         <name>.text</name>
         <load_address>0x21f8</load_address>
         <run_address>0x21f8</run_address>
         <size>0xfc</size>
         <input_file_ref idref="fl-e9"/>
      </object_component>
      <object_component id="oc-c0">
         <name>.text</name>
         <load_address>0x22f4</load_address>
         <run_address>0x22f4</run_address>
         <size>0xa8</size>
         <input_file_ref idref="fl-2"/>
      </object_component>
      <object_component id="oc-1b6">
         <name>.text:CS_startHFXTWithTimeout</name>
         <load_address>0x239c</load_address>
         <run_address>0x239c</run_address>
         <size>0x9c</size>
         <input_file_ref idref="fl-f"/>
      </object_component>
      <object_component id="oc-37">
         <name>.text</name>
         <load_address>0x2438</load_address>
         <run_address>0x2438</run_address>
         <size>0x9c</size>
         <input_file_ref idref="fl-cf"/>
      </object_component>
      <object_component id="oc-1df">
         <name>.text:__aeabi_cdcmple</name>
         <load_address>0x24d4</load_address>
         <run_address>0x24d4</run_address>
         <size>0x86</size>
         <input_file_ref idref="fl-e1"/>
      </object_component>
      <object_component id="oc-1ee">
         <name>.text:__aeabi_cdrcmple</name>
         <load_address>0x255a</load_address>
         <run_address>0x255a</run_address>
         <size>0x86</size>
         <input_file_ref idref="fl-e1"/>
      </object_component>
      <object_component id="oc-43">
         <name>.text</name>
         <load_address>0x25e0</load_address>
         <run_address>0x25e0</run_address>
         <size>0x7a</size>
         <input_file_ref idref="fl-d0"/>
      </object_component>
      <object_component id="oc-a4">
         <name>.text</name>
         <load_address>0x265a</load_address>
         <run_address>0x265a</run_address>
         <size>0x2</size>
         <input_file_ref idref="fl-ea"/>
      </object_component>
      <object_component id="oc-262">
         <name>.text:_CSGetHFXTFrequency</name>
         <load_address>0x265c</load_address>
         <run_address>0x265c</run_address>
         <size>0x70</size>
         <input_file_ref idref="fl-f"/>
      </object_component>
      <object_component id="oc-5b">
         <name>.text</name>
         <load_address>0x26cc</load_address>
         <run_address>0x26cc</run_address>
         <size>0x70</size>
         <input_file_ref idref="fl-dc"/>
      </object_component>
      <object_component id="oc-d2">
         <name>.text</name>
         <load_address>0x273c</load_address>
         <run_address>0x273c</run_address>
         <size>0x70</size>
         <input_file_ref idref="fl-d3"/>
      </object_component>
      <object_component id="oc-10">
         <name>.text:decompress:lzss</name>
         <load_address>0x27ac</load_address>
         <run_address>0x27ac</run_address>
         <size>0x68</size>
         <input_file_ref idref="fl-ca"/>
      </object_component>
      <object_component id="oc-fb">
         <name>.text:Interrupt_enableInterrupt</name>
         <load_address>0x2814</load_address>
         <run_address>0x2814</run_address>
         <size>0x64</size>
         <input_file_ref idref="fl-10"/>
      </object_component>
      <object_component id="oc-165">
         <name>.text</name>
         <load_address>0x2878</load_address>
         <run_address>0x2878</run_address>
         <size>0x64</size>
         <input_file_ref idref="fl-4"/>
      </object_component>
      <object_component id="oc-208">
         <name>.text</name>
         <load_address>0x28dc</load_address>
         <run_address>0x28dc</run_address>
         <size>0x64</size>
         <input_file_ref idref="fl-e8"/>
      </object_component>
      <object_component id="oc-154">
         <name>.text</name>
         <load_address>0x2940</load_address>
         <run_address>0x2940</run_address>
         <size>0x60</size>
         <input_file_ref idref="fl-d4"/>
      </object_component>
      <object_component id="oc-cc">
         <name>.text</name>
         <load_address>0x29a0</load_address>
         <run_address>0x29a0</run_address>
         <size>0x5c</size>
         <input_file_ref idref="fl-8"/>
      </object_component>
      <object_component id="oc-22">
         <name>.text</name>
         <load_address>0x29fc</load_address>
         <run_address>0x29fc</run_address>
         <size>0x54</size>
         <input_file_ref idref="fl-c9"/>
      </object_component>
      <object_component id="oc-67">
         <name>.text</name>
         <load_address>0x2a50</load_address>
         <run_address>0x2a50</run_address>
         <size>0x54</size>
         <input_file_ref idref="fl-cd"/>
      </object_component>
      <object_component id="oc-1f8">
         <name>.text</name>
         <load_address>0x2aa4</load_address>
         <run_address>0x2aa4</run_address>
         <size>0x54</size>
         <input_file_ref idref="fl-e6"/>
      </object_component>
      <object_component id="oc-21a">
         <name>.text</name>
         <load_address>0x2af8</load_address>
         <run_address>0x2af8</run_address>
         <size>0x4c</size>
         <input_file_ref idref="fl-db"/>
      </object_component>
      <object_component id="oc-9e">
         <name>.text</name>
         <load_address>0x2b44</load_address>
         <run_address>0x2b44</run_address>
         <size>0x4c</size>
         <input_file_ref idref="fl-dd"/>
      </object_component>
      <object_component id="oc-1f3">
         <name>.text</name>
         <load_address>0x2b90</load_address>
         <run_address>0x2b90</run_address>
         <size>0x48</size>
         <input_file_ref idref="fl-e4"/>
      </object_component>
      <object_component id="oc-14f">
         <name>.text</name>
         <load_address>0x2bd8</load_address>
         <run_address>0x2bd8</run_address>
         <size>0x38</size>
         <input_file_ref idref="fl-ce"/>
      </object_component>
      <object_component id="oc-149">
         <name>.text</name>
         <load_address>0x2c10</load_address>
         <run_address>0x2c10</run_address>
         <size>0x34</size>
         <input_file_ref idref="fl-d7"/>
      </object_component>
      <object_component id="oc-1fe">
         <name>.text</name>
         <load_address>0x2c44</load_address>
         <run_address>0x2c44</run_address>
         <size>0x2e</size>
         <input_file_ref idref="fl-e5"/>
      </object_component>
      <object_component id="oc-e7">
         <name>.text:uartA0_tx</name>
         <load_address>0x2c74</load_address>
         <run_address>0x2c74</run_address>
         <size>0x24</size>
         <input_file_ref idref="fl-9"/>
      </object_component>
      <object_component id="oc-ee">
         <name>.text:uartA2_tx</name>
         <load_address>0x2c98</load_address>
         <run_address>0x2c98</run_address>
         <size>0x24</size>
         <input_file_ref idref="fl-9"/>
      </object_component>
      <object_component id="oc-220">
         <name>.text</name>
         <load_address>0x2cbc</load_address>
         <run_address>0x2cbc</run_address>
         <size>0x1c</size>
         <input_file_ref idref="fl-e7"/>
      </object_component>
      <object_component id="oc-61">
         <name>.text</name>
         <load_address>0x2cd8</load_address>
         <run_address>0x2cd8</run_address>
         <size>0x18</size>
         <input_file_ref idref="fl-da"/>
      </object_component>
      <object_component id="oc-f5">
         <name>.text:UART_enableInterrupt</name>
         <load_address>0x2cf0</load_address>
         <run_address>0x2cf0</run_address>
         <size>0x16</size>
         <input_file_ref idref="fl-12"/>
      </object_component>
      <object_component id="oc-214">
         <name>.text</name>
         <load_address>0x2d06</load_address>
         <run_address>0x2d06</run_address>
         <size>0x16</size>
         <input_file_ref idref="fl-eb"/>
      </object_component>
      <object_component id="oc-13c">
         <name>.text:CS_setExternalClockSourceFrequency</name>
         <load_address>0x2d1c</load_address>
         <run_address>0x2d1c</run_address>
         <size>0x14</size>
         <input_file_ref idref="fl-f"/>
      </object_component>
      <object_component id="oc-12c">
         <name>.text</name>
         <load_address>0x2d30</load_address>
         <run_address>0x2d30</run_address>
         <size>0x14</size>
         <input_file_ref idref="fl-d8"/>
      </object_component>
      <object_component id="oc-288">
         <name>.text</name>
         <load_address>0x2d44</load_address>
         <run_address>0x2d44</run_address>
         <size>0x14</size>
         <input_file_ref idref="fl-ee"/>
      </object_component>
      <object_component id="oc-1d2">
         <name>.text</name>
         <load_address>0x2d58</load_address>
         <run_address>0x2d58</run_address>
         <size>0x14</size>
         <input_file_ref idref="fl-d6"/>
      </object_component>
      <object_component id="oc-25c">
         <name>.text:SysCtl_disableNMISource</name>
         <load_address>0x2d6c</load_address>
         <run_address>0x2d6c</run_address>
         <size>0x10</size>
         <input_file_ref idref="fl-11"/>
      </object_component>
      <object_component id="oc-268">
         <name>.text:SysCtl_enableNMISource</name>
         <load_address>0x2d7c</load_address>
         <run_address>0x2d7c</run_address>
         <size>0x10</size>
         <input_file_ref idref="fl-11"/>
      </object_component>
      <object_component id="oc-16">
         <name>.text:decompress:none</name>
         <load_address>0x2d8c</load_address>
         <run_address>0x2d8c</run_address>
         <size>0xe</size>
         <input_file_ref idref="fl-cb"/>
      </object_component>
      <object_component id="oc-71">
         <name>.text</name>
         <load_address>0x2d9a</load_address>
         <run_address>0x2d9a</run_address>
         <size>0xe</size>
         <input_file_ref idref="fl-6"/>
      </object_component>
      <object_component id="oc-256">
         <name>.text:SysCtl_getNMISourceStatus</name>
         <load_address>0x2da8</load_address>
         <run_address>0x2da8</run_address>
         <size>0xc</size>
         <input_file_ref idref="fl-11"/>
      </object_component>
      <object_component id="oc-1c">
         <name>.text:decompress:ZI</name>
         <load_address>0x2db4</load_address>
         <run_address>0x2db4</run_address>
         <size>0xc</size>
         <input_file_ref idref="fl-cc"/>
      </object_component>
      <object_component id="oc-142">
         <name>.text:CS_startHFXT</name>
         <load_address>0x2dc0</load_address>
         <run_address>0x2dc0</run_address>
         <size>0x6</size>
         <input_file_ref idref="fl-f"/>
      </object_component>
      <object_component id="oc-55">
         <name>.text</name>
         <load_address>0x2dc6</load_address>
         <run_address>0x2dc6</run_address>
         <size>0x4</size>
         <input_file_ref idref="fl-d2"/>
      </object_component>
      <object_component id="oc-295">
         <name>.const:.string:_ctypes_</name>
         <load_address>0x2dcc</load_address>
         <run_address>0x2dcc</run_address>
         <size>0x101</size>
         <input_file_ref idref="fl-de"/>
      </object_component>
      <object_component id="oc-192">
         <name>.const</name>
         <load_address>0x2ed0</load_address>
         <run_address>0x2ed0</run_address>
         <size>0x40</size>
         <input_file_ref idref="fl-10"/>
      </object_component>
      <object_component id="oc-15a">
         <name>.const:$P$T0$1</name>
         <load_address>0x2f10</load_address>
         <run_address>0x2f10</run_address>
         <size>0x24</size>
         <input_file_ref idref="fl-5"/>
      </object_component>
      <object_component id="oc-15d">
         <name>.const:$P$T1$2</name>
         <load_address>0x2f34</load_address>
         <run_address>0x2f34</run_address>
         <size>0x24</size>
         <input_file_ref idref="fl-5"/>
      </object_component>
      <object_component id="oc-2e6">
         <name>.cinit..data.load</name>
         <load_address>0x2f58</load_address>
         <run_address>0x2f58</run_address>
         <size>0x4b</size>
      </object_component>
      <object_component id="oc-2e4">
         <name>__TI_handler_table</name>
         <load_address>0x2fa4</load_address>
         <run_address>0x2fa4</run_address>
         <size>0xc</size>
      </object_component>
      <object_component id="oc-2e7">
         <name>.cinit..bss.load</name>
         <load_address>0x2fb0</load_address>
         <run_address>0x2fb0</run_address>
         <size>0x8</size>
      </object_component>
      <object_component id="oc-2e5">
         <name>__TI_cinit_table</name>
         <load_address>0x2fb8</load_address>
         <run_address>0x2fb8</run_address>
         <size>0x10</size>
      </object_component>
      <object_component id="oc-de">
         <name>.data:g_sensor_data</name>
         <load_address>0x200002cc</load_address>
         <run_address>0x200002cc</run_address>
         <size>0x1c</size>
         <input_file_ref idref="fl-3"/>
      </object_component>
      <object_component id="oc-d8">
         <name>.data</name>
         <load_address>0x200002e8</load_address>
         <run_address>0x200002e8</run_address>
         <size>0x18</size>
         <input_file_ref idref="fl-3"/>
      </object_component>
      <object_component id="oc-160">
         <name>.data</name>
         <load_address>0x2000031c</load_address>
         <run_address>0x2000031c</run_address>
         <size>0x4</size>
         <input_file_ref idref="fl-5"/>
      </object_component>
      <object_component id="oc-138">
         <name>.data</name>
         <load_address>0x20000320</load_address>
         <run_address>0x20000320</run_address>
         <size>0x4</size>
         <input_file_ref idref="fl-7"/>
      </object_component>
      <object_component id="oc-107">
         <name>.data</name>
         <load_address>0x20000324</load_address>
         <run_address>0x20000324</run_address>
         <size>0x4</size>
         <input_file_ref idref="fl-9"/>
      </object_component>
      <object_component id="oc-ae">
         <name>.data:$O1$$</name>
         <load_address>0x20000300</load_address>
         <run_address>0x20000300</run_address>
         <size>0xc</size>
         <input_file_ref idref="fl-cd"/>
      </object_component>
      <object_component id="oc-6d">
         <name>.data</name>
         <load_address>0x20000318</load_address>
         <run_address>0x20000318</run_address>
         <size>0x4</size>
         <input_file_ref idref="fl-d5"/>
      </object_component>
      <object_component id="oc-b1">
         <name>.data:$O1$$</name>
         <load_address>0x2000030c</load_address>
         <run_address>0x2000030c</run_address>
         <size>0x8</size>
         <input_file_ref idref="fl-d8"/>
      </object_component>
      <object_component id="oc-171">
         <name>.data:_ftable</name>
         <load_address>0x200001dc</load_address>
         <run_address>0x200001dc</run_address>
         <size>0xf0</size>
         <input_file_ref idref="fl-df"/>
      </object_component>
      <object_component id="oc-28e">
         <name>.data</name>
         <load_address>0x20000314</load_address>
         <run_address>0x20000314</run_address>
         <size>0x4</size>
         <input_file_ref idref="fl-ed"/>
      </object_component>
      <object_component id="oc-161">
         <name>.bss:ble_buff$3</name>
         <uninitialized>true</uninitialized>
         <run_address>0x20000100</run_address>
         <size>0xc8</size>
         <input_file_ref idref="fl-5"/>
      </object_component>
      <object_component id="oc-db">
         <name>.common:g_rx_buff</name>
         <uninitialized>true</uninitialized>
         <run_address>0x20000000</run_address>
         <size>0x100</size>
      </object_component>
      <object_component id="oc-101">
         <name>.common:uartA0_rx_buff</name>
         <uninitialized>true</uninitialized>
         <run_address>0x200001d0</run_address>
         <size>0x4</size>
      </object_component>
      <object_component id="oc-105">
         <name>.common:uartA2_rx_buff</name>
         <uninitialized>true</uninitialized>
         <run_address>0x200001d4</run_address>
         <size>0x4</size>
      </object_component>
      <object_component id="oc-104">
         <name>.common:uartA0_rx_buff_len</name>
         <uninitialized>true</uninitialized>
         <run_address>0x200001d8</run_address>
         <size>0x2</size>
      </object_component>
      <object_component id="oc-106">
         <name>.common:uartA2_rx_buff_len</name>
         <uninitialized>true</uninitialized>
         <run_address>0x200001da</run_address>
         <size>0x2</size>
      </object_component>
      <object_component id="oc-1b4">
         <name>.common:hfxtFreq</name>
         <uninitialized>true</uninitialized>
         <run_address>0x200001c8</run_address>
         <size>0x4</size>
      </object_component>
      <object_component id="oc-1b1">
         <name>.common:lfxtFreq</name>
         <uninitialized>true</uninitialized>
         <run_address>0x200001cc</run_address>
         <size>0x4</size>
      </object_component>
      <object_component id="oc-2b">
         <name>.stack</name>
         <uninitialized>true</uninitialized>
         <run_address>0x2000fe00</run_address>
         <size>0x0</size>
         <input_file_ref idref="fl-c9"/>
      </object_component>
      <object_component id="oc-2e8">
         <name>.stack</name>
         <uninitialized>true</uninitialized>
         <run_address>0x2000fe00</run_address>
         <size>0x0</size>
      </object_component>
      <object_component id="oc-242">
         <name>.debug_info</name>
         <load_address>0x0</load_address>
         <run_address>0x0</run_address>
         <size>0x602</size>
         <input_file_ref idref="fl-2"/>
      </object_component>
      <object_component id="oc-c2">
         <name>.debug_info</name>
         <load_address>0x602</load_address>
         <run_address>0x602</run_address>
         <size>0x1e3</size>
         <input_file_ref idref="fl-2"/>
      </object_component>
      <object_component id="oc-189">
         <name>.debug_info</name>
         <load_address>0x7e5</load_address>
         <run_address>0x7e5</run_address>
         <size>0x1055</size>
         <input_file_ref idref="fl-2"/>
      </object_component>
      <object_component id="oc-184">
         <name>.debug_info</name>
         <load_address>0x183a</load_address>
         <run_address>0x183a</run_address>
         <size>0x37cd</size>
         <input_file_ref idref="fl-2"/>
      </object_component>
      <object_component id="oc-251">
         <name>.debug_info</name>
         <load_address>0x5007</load_address>
         <run_address>0x5007</run_address>
         <size>0x1b5</size>
         <input_file_ref idref="fl-2"/>
      </object_component>
      <object_component id="oc-10b">
         <name>.debug_info</name>
         <load_address>0x51bc</load_address>
         <run_address>0x51bc</run_address>
         <size>0x8b</size>
         <input_file_ref idref="fl-2"/>
      </object_component>
      <object_component id="oc-e2">
         <name>.debug_info</name>
         <load_address>0x5247</load_address>
         <run_address>0x5247</run_address>
         <size>0x18b</size>
         <input_file_ref idref="fl-2"/>
      </object_component>
      <object_component id="oc-199">
         <name>.debug_info</name>
         <load_address>0x53d2</load_address>
         <run_address>0x53d2</run_address>
         <size>0xee</size>
         <input_file_ref idref="fl-2"/>
      </object_component>
      <object_component id="oc-dc">
         <name>.debug_info</name>
         <load_address>0x54c0</load_address>
         <run_address>0x54c0</run_address>
         <size>0x6dd</size>
         <input_file_ref idref="fl-3"/>
      </object_component>
      <object_component id="oc-df">
         <name>.debug_info</name>
         <load_address>0x5b9d</load_address>
         <run_address>0x5b9d</run_address>
         <size>0xe8</size>
         <input_file_ref idref="fl-3"/>
      </object_component>
      <object_component id="oc-d9">
         <name>.debug_info</name>
         <load_address>0x5c85</load_address>
         <run_address>0x5c85</run_address>
         <size>0x1e9</size>
         <input_file_ref idref="fl-3"/>
      </object_component>
      <object_component id="oc-78">
         <name>.debug_info</name>
         <load_address>0x5e6e</load_address>
         <run_address>0x5e6e</run_address>
         <size>0x2c0</size>
         <input_file_ref idref="fl-3"/>
      </object_component>
      <object_component id="oc-17d">
         <name>.debug_info</name>
         <load_address>0x612e</load_address>
         <run_address>0x612e</run_address>
         <size>0xd5</size>
         <input_file_ref idref="fl-3"/>
      </object_component>
      <object_component id="oc-1cd">
         <name>.debug_info</name>
         <load_address>0x6203</load_address>
         <run_address>0x6203</run_address>
         <size>0xc8</size>
         <input_file_ref idref="fl-3"/>
      </object_component>
      <object_component id="oc-176">
         <name>.debug_info</name>
         <load_address>0x62cb</load_address>
         <run_address>0x62cb</run_address>
         <size>0x4e</size>
         <input_file_ref idref="fl-3"/>
      </object_component>
      <object_component id="oc-1d9">
         <name>.debug_info</name>
         <load_address>0x6319</load_address>
         <run_address>0x6319</run_address>
         <size>0x5aa</size>
         <input_file_ref idref="fl-4"/>
      </object_component>
      <object_component id="oc-166">
         <name>.debug_info</name>
         <load_address>0x68c3</load_address>
         <run_address>0x68c3</run_address>
         <size>0x1fe</size>
         <input_file_ref idref="fl-4"/>
      </object_component>
      <object_component id="oc-32">
         <name>.debug_info</name>
         <load_address>0x6ac1</load_address>
         <run_address>0x6ac1</run_address>
         <size>0x84</size>
         <input_file_ref idref="fl-4"/>
      </object_component>
      <object_component id="oc-163">
         <name>.debug_info</name>
         <load_address>0x6b45</load_address>
         <run_address>0x6b45</run_address>
         <size>0x71b</size>
         <input_file_ref idref="fl-5"/>
      </object_component>
      <object_component id="oc-15b">
         <name>.debug_info</name>
         <load_address>0x7260</load_address>
         <run_address>0x7260</run_address>
         <size>0xde</size>
         <input_file_ref idref="fl-5"/>
      </object_component>
      <object_component id="oc-15e">
         <name>.debug_info</name>
         <load_address>0x733e</load_address>
         <run_address>0x733e</run_address>
         <size>0xde</size>
         <input_file_ref idref="fl-5"/>
      </object_component>
      <object_component id="oc-c8">
         <name>.debug_info</name>
         <load_address>0x741c</load_address>
         <run_address>0x741c</run_address>
         <size>0x5f5</size>
         <input_file_ref idref="fl-5"/>
      </object_component>
      <object_component id="oc-1c8">
         <name>.debug_info</name>
         <load_address>0x7a11</load_address>
         <run_address>0x7a11</run_address>
         <size>0x37cd</size>
         <input_file_ref idref="fl-5"/>
      </object_component>
      <object_component id="oc-85">
         <name>.debug_info</name>
         <load_address>0xb1de</load_address>
         <run_address>0xb1de</run_address>
         <size>0x2c3</size>
         <input_file_ref idref="fl-6"/>
      </object_component>
      <object_component id="oc-29">
         <name>.debug_info</name>
         <load_address>0xb4a1</load_address>
         <run_address>0xb4a1</run_address>
         <size>0x101</size>
         <input_file_ref idref="fl-6"/>
      </object_component>
      <object_component id="oc-72">
         <name>.debug_info</name>
         <load_address>0xb5a2</load_address>
         <run_address>0xb5a2</run_address>
         <size>0x1c8</size>
         <input_file_ref idref="fl-6"/>
      </object_component>
      <object_component id="oc-139">
         <name>.debug_info</name>
         <load_address>0xb76a</load_address>
         <run_address>0xb76a</run_address>
         <size>0xfa</size>
         <input_file_ref idref="fl-7"/>
      </object_component>
      <object_component id="oc-bb">
         <name>.debug_info</name>
         <load_address>0xb864</load_address>
         <run_address>0xb864</run_address>
         <size>0x26c</size>
         <input_file_ref idref="fl-7"/>
      </object_component>
      <object_component id="oc-ce">
         <name>.debug_info</name>
         <load_address>0xbad0</load_address>
         <run_address>0xbad0</run_address>
         <size>0x18d</size>
         <input_file_ref idref="fl-8"/>
      </object_component>
      <object_component id="oc-102">
         <name>.debug_info</name>
         <load_address>0xbc5d</load_address>
         <run_address>0xbc5d</run_address>
         <size>0x68e</size>
         <input_file_ref idref="fl-9"/>
      </object_component>
      <object_component id="oc-108">
         <name>.debug_info</name>
         <load_address>0xc2eb</load_address>
         <run_address>0xc2eb</run_address>
         <size>0x113</size>
         <input_file_ref idref="fl-9"/>
      </object_component>
      <object_component id="oc-e8">
         <name>.debug_info</name>
         <load_address>0xc3fe</load_address>
         <run_address>0xc3fe</run_address>
         <size>0x125</size>
         <input_file_ref idref="fl-9"/>
      </object_component>
      <object_component id="oc-ef">
         <name>.debug_info</name>
         <load_address>0xc523</load_address>
         <run_address>0xc523</run_address>
         <size>0x125</size>
         <input_file_ref idref="fl-9"/>
      </object_component>
      <object_component id="oc-7f">
         <name>.debug_info</name>
         <load_address>0xc648</load_address>
         <run_address>0xc648</run_address>
         <size>0x81e</size>
         <input_file_ref idref="fl-9"/>
      </object_component>
      <object_component id="oc-1b2">
         <name>.debug_info</name>
         <load_address>0xce66</load_address>
         <run_address>0xce66</run_address>
         <size>0x5ef</size>
         <input_file_ref idref="fl-f"/>
      </object_component>
      <object_component id="oc-264">
         <name>.debug_info</name>
         <load_address>0xd455</load_address>
         <run_address>0xd455</run_address>
         <size>0xfc</size>
         <input_file_ref idref="fl-f"/>
      </object_component>
      <object_component id="oc-1b8">
         <name>.debug_info</name>
         <load_address>0xd551</load_address>
         <run_address>0xd551</run_address>
         <size>0x23c</size>
         <input_file_ref idref="fl-f"/>
      </object_component>
      <object_component id="oc-144">
         <name>.debug_info</name>
         <load_address>0xd78d</load_address>
         <run_address>0xd78d</run_address>
         <size>0x122</size>
         <input_file_ref idref="fl-f"/>
      </object_component>
      <object_component id="oc-13e">
         <name>.debug_info</name>
         <load_address>0xd8af</load_address>
         <run_address>0xd8af</run_address>
         <size>0x1dd</size>
         <input_file_ref idref="fl-f"/>
      </object_component>
      <object_component id="oc-246">
         <name>.debug_info</name>
         <load_address>0xda8c</load_address>
         <run_address>0xda8c</run_address>
         <size>0x103e</size>
         <input_file_ref idref="fl-f"/>
      </object_component>
      <object_component id="oc-196">
         <name>.debug_info</name>
         <load_address>0xeaca</load_address>
         <run_address>0xeaca</run_address>
         <size>0x432</size>
         <input_file_ref idref="fl-10"/>
      </object_component>
      <object_component id="oc-193">
         <name>.debug_info</name>
         <load_address>0xeefc</load_address>
         <run_address>0xeefc</run_address>
         <size>0x173</size>
         <input_file_ref idref="fl-10"/>
      </object_component>
      <object_component id="oc-ff">
         <name>.debug_info</name>
         <load_address>0xf06f</load_address>
         <run_address>0xf06f</run_address>
         <size>0x16b</size>
         <input_file_ref idref="fl-10"/>
      </object_component>
      <object_component id="oc-2a9">
         <name>.debug_info</name>
         <load_address>0xf1da</load_address>
         <run_address>0xf1da</run_address>
         <size>0x379</size>
         <input_file_ref idref="fl-11"/>
      </object_component>
      <object_component id="oc-259">
         <name>.debug_info</name>
         <load_address>0xf553</load_address>
         <run_address>0xf553</run_address>
         <size>0x10f</size>
         <input_file_ref idref="fl-11"/>
      </object_component>
      <object_component id="oc-26b">
         <name>.debug_info</name>
         <load_address>0xf662</load_address>
         <run_address>0xf662</run_address>
         <size>0x12b</size>
         <input_file_ref idref="fl-11"/>
      </object_component>
      <object_component id="oc-25f">
         <name>.debug_info</name>
         <load_address>0xf78d</load_address>
         <run_address>0xf78d</run_address>
         <size>0x12d</size>
         <input_file_ref idref="fl-11"/>
      </object_component>
      <object_component id="oc-191">
         <name>.debug_info</name>
         <load_address>0xf8ba</load_address>
         <run_address>0xf8ba</run_address>
         <size>0x498</size>
         <input_file_ref idref="fl-12"/>
      </object_component>
      <object_component id="oc-f7">
         <name>.debug_info</name>
         <load_address>0xfd52</load_address>
         <run_address>0xfd52</run_address>
         <size>0x168</size>
         <input_file_ref idref="fl-12"/>
      </object_component>
      <object_component id="oc-23">
         <name>.debug_info</name>
         <load_address>0xfeba</load_address>
         <run_address>0xfeba</run_address>
         <size>0x160</size>
         <input_file_ref idref="fl-c9"/>
      </object_component>
      <object_component id="oc-8b">
         <name>.debug_info</name>
         <load_address>0x1001a</load_address>
         <run_address>0x1001a</run_address>
         <size>0x293</size>
         <input_file_ref idref="fl-ca"/>
      </object_component>
      <object_component id="oc-11">
         <name>.debug_info</name>
         <load_address>0x102ad</load_address>
         <run_address>0x102ad</run_address>
         <size>0x245</size>
         <input_file_ref idref="fl-ca"/>
      </object_component>
      <object_component id="oc-2d">
         <name>.debug_info</name>
         <load_address>0x104f2</load_address>
         <run_address>0x104f2</run_address>
         <size>0x60</size>
         <input_file_ref idref="fl-ca"/>
      </object_component>
      <object_component id="oc-86">
         <name>.debug_info</name>
         <load_address>0x10552</load_address>
         <run_address>0x10552</run_address>
         <size>0x46</size>
         <input_file_ref idref="fl-ca"/>
      </object_component>
      <object_component id="oc-42">
         <name>.debug_info</name>
         <load_address>0x10598</load_address>
         <run_address>0x10598</run_address>
         <size>0x2da</size>
         <input_file_ref idref="fl-cb"/>
      </object_component>
      <object_component id="oc-18">
         <name>.debug_info</name>
         <load_address>0x10872</load_address>
         <run_address>0x10872</run_address>
         <size>0x1df</size>
         <input_file_ref idref="fl-cb"/>
      </object_component>
      <object_component id="oc-3d">
         <name>.debug_info</name>
         <load_address>0x10a51</load_address>
         <run_address>0x10a51</run_address>
         <size>0x46</size>
         <input_file_ref idref="fl-cb"/>
      </object_component>
      <object_component id="oc-8d">
         <name>.debug_info</name>
         <load_address>0x10a97</load_address>
         <run_address>0x10a97</run_address>
         <size>0x2c</size>
         <input_file_ref idref="fl-cb"/>
      </object_component>
      <object_component id="oc-4e">
         <name>.debug_info</name>
         <load_address>0x10ac3</load_address>
         <run_address>0x10ac3</run_address>
         <size>0x2c9</size>
         <input_file_ref idref="fl-cc"/>
      </object_component>
      <object_component id="oc-1e">
         <name>.debug_info</name>
         <load_address>0x10d8c</load_address>
         <run_address>0x10d8c</run_address>
         <size>0x1aa</size>
         <input_file_ref idref="fl-cc"/>
      </object_component>
      <object_component id="oc-49">
         <name>.debug_info</name>
         <load_address>0x10f36</load_address>
         <run_address>0x10f36</run_address>
         <size>0x46</size>
         <input_file_ref idref="fl-cc"/>
      </object_component>
      <object_component id="oc-95">
         <name>.debug_info</name>
         <load_address>0x10f7c</load_address>
         <run_address>0x10f7c</run_address>
         <size>0x2c</size>
         <input_file_ref idref="fl-cc"/>
      </object_component>
      <object_component id="oc-b5">
         <name>.debug_info</name>
         <load_address>0x10fa8</load_address>
         <run_address>0x10fa8</run_address>
         <size>0x3ce</size>
         <input_file_ref idref="fl-cd"/>
      </object_component>
      <object_component id="oc-af">
         <name>.debug_info</name>
         <load_address>0x11376</load_address>
         <run_address>0x11376</run_address>
         <size>0x185</size>
         <input_file_ref idref="fl-cd"/>
      </object_component>
      <object_component id="oc-6a">
         <name>.debug_info</name>
         <load_address>0x114fb</load_address>
         <run_address>0x114fb</run_address>
         <size>0x214</size>
         <input_file_ref idref="fl-cd"/>
      </object_component>
      <object_component id="oc-151">
         <name>.debug_info</name>
         <load_address>0x1170f</load_address>
         <run_address>0x1170f</run_address>
         <size>0x124</size>
         <input_file_ref idref="fl-ce"/>
      </object_component>
      <object_component id="oc-38">
         <name>.debug_info</name>
         <load_address>0x11833</load_address>
         <run_address>0x11833</run_address>
         <size>0x111</size>
         <input_file_ref idref="fl-cf"/>
      </object_component>
      <object_component id="oc-45">
         <name>.debug_info</name>
         <load_address>0x11944</load_address>
         <run_address>0x11944</run_address>
         <size>0x13f</size>
         <input_file_ref idref="fl-d0"/>
      </object_component>
      <object_component id="oc-53">
         <name>.debug_info</name>
         <load_address>0x11a83</load_address>
         <run_address>0x11a83</run_address>
         <size>0x138</size>
         <input_file_ref idref="fl-d1"/>
      </object_component>
      <object_component id="oc-56">
         <name>.debug_info</name>
         <load_address>0x11bbb</load_address>
         <run_address>0x11bbb</run_address>
         <size>0x148</size>
         <input_file_ref idref="fl-d2"/>
      </object_component>
      <object_component id="oc-175">
         <name>.debug_info</name>
         <load_address>0x11d03</load_address>
         <run_address>0x11d03</run_address>
         <size>0x3c6</size>
         <input_file_ref idref="fl-d3"/>
      </object_component>
      <object_component id="oc-d6">
         <name>.debug_info</name>
         <load_address>0x120c9</load_address>
         <run_address>0x120c9</run_address>
         <size>0x284</size>
         <input_file_ref idref="fl-d3"/>
      </object_component>
      <object_component id="oc-23d">
         <name>.debug_info</name>
         <load_address>0x1234d</load_address>
         <run_address>0x1234d</run_address>
         <size>0xae</size>
         <input_file_ref idref="fl-d3"/>
      </object_component>
      <object_component id="oc-1c1">
         <name>.debug_info</name>
         <load_address>0x123fb</load_address>
         <run_address>0x123fb</run_address>
         <size>0x355</size>
         <input_file_ref idref="fl-d4"/>
      </object_component>
      <object_component id="oc-155">
         <name>.debug_info</name>
         <load_address>0x12750</load_address>
         <run_address>0x12750</run_address>
         <size>0x2e4</size>
         <input_file_ref idref="fl-d4"/>
      </object_component>
      <object_component id="oc-232">
         <name>.debug_info</name>
         <load_address>0x12a34</load_address>
         <run_address>0x12a34</run_address>
         <size>0x2c</size>
         <input_file_ref idref="fl-d4"/>
      </object_component>
      <object_component id="oc-6e">
         <name>.debug_info</name>
         <load_address>0x12a60</load_address>
         <run_address>0x12a60</run_address>
         <size>0x109</size>
         <input_file_ref idref="fl-d5"/>
      </object_component>
      <object_component id="oc-274">
         <name>.debug_info</name>
         <load_address>0x12b69</load_address>
         <run_address>0x12b69</run_address>
         <size>0x284</size>
         <input_file_ref idref="fl-d6"/>
      </object_component>
      <object_component id="oc-1d3">
         <name>.debug_info</name>
         <load_address>0x12ded</load_address>
         <run_address>0x12ded</run_address>
         <size>0x22a</size>
         <input_file_ref idref="fl-d6"/>
      </object_component>
      <object_component id="oc-1be">
         <name>.debug_info</name>
         <load_address>0x13017</load_address>
         <run_address>0x13017</run_address>
         <size>0x28a</size>
         <input_file_ref idref="fl-d7"/>
      </object_component>
      <object_component id="oc-14c">
         <name>.debug_info</name>
         <load_address>0x132a1</load_address>
         <run_address>0x132a1</run_address>
         <size>0x1c6</size>
         <input_file_ref idref="fl-d7"/>
      </object_component>
      <object_component id="oc-134">
         <name>.debug_info</name>
         <load_address>0x13467</load_address>
         <run_address>0x13467</run_address>
         <size>0x2be</size>
         <input_file_ref idref="fl-d8"/>
      </object_component>
      <object_component id="oc-b2">
         <name>.debug_info</name>
         <load_address>0x13725</load_address>
         <run_address>0x13725</run_address>
         <size>0x113</size>
         <input_file_ref idref="fl-d8"/>
      </object_component>
      <object_component id="oc-12d">
         <name>.debug_info</name>
         <load_address>0x13838</load_address>
         <run_address>0x13838</run_address>
         <size>0x21f</size>
         <input_file_ref idref="fl-d8"/>
      </object_component>
      <object_component id="oc-227">
         <name>.debug_info</name>
         <load_address>0x13a57</load_address>
         <run_address>0x13a57</run_address>
         <size>0x51f</size>
         <input_file_ref idref="fl-d9"/>
      </object_component>
      <object_component id="oc-16c">
         <name>.debug_info</name>
         <load_address>0x13f76</load_address>
         <run_address>0x13f76</run_address>
         <size>0x1543</size>
         <input_file_ref idref="fl-d9"/>
      </object_component>
      <object_component id="oc-228">
         <name>.debug_info</name>
         <load_address>0x154b9</load_address>
         <run_address>0x154b9</run_address>
         <size>0x86</size>
         <input_file_ref idref="fl-d9"/>
      </object_component>
      <object_component id="oc-29e">
         <name>.debug_info</name>
         <load_address>0x1553f</load_address>
         <run_address>0x1553f</run_address>
         <size>0x46</size>
         <input_file_ref idref="fl-d9"/>
      </object_component>
      <object_component id="oc-22d">
         <name>.debug_info</name>
         <load_address>0x15585</load_address>
         <run_address>0x15585</run_address>
         <size>0x39</size>
         <input_file_ref idref="fl-d9"/>
      </object_component>
      <object_component id="oc-ad">
         <name>.debug_info</name>
         <load_address>0x155be</load_address>
         <run_address>0x155be</run_address>
         <size>0x300</size>
         <input_file_ref idref="fl-da"/>
      </object_component>
      <object_component id="oc-64">
         <name>.debug_info</name>
         <load_address>0x158be</load_address>
         <run_address>0x158be</run_address>
         <size>0x167</size>
         <input_file_ref idref="fl-da"/>
      </object_component>
      <object_component id="oc-125">
         <name>.debug_info</name>
         <load_address>0x15a25</load_address>
         <run_address>0x15a25</run_address>
         <size>0x5e</size>
         <input_file_ref idref="fl-da"/>
      </object_component>
      <object_component id="oc-299">
         <name>.debug_info</name>
         <load_address>0x15a83</load_address>
         <run_address>0x15a83</run_address>
         <size>0x2ae</size>
         <input_file_ref idref="fl-db"/>
      </object_component>
      <object_component id="oc-21c">
         <name>.debug_info</name>
         <load_address>0x15d31</load_address>
         <run_address>0x15d31</run_address>
         <size>0x171</size>
         <input_file_ref idref="fl-db"/>
      </object_component>
      <object_component id="oc-ab">
         <name>.debug_info</name>
         <load_address>0x15ea2</load_address>
         <run_address>0x15ea2</run_address>
         <size>0x483</size>
         <input_file_ref idref="fl-dc"/>
      </object_component>
      <object_component id="oc-5d">
         <name>.debug_info</name>
         <load_address>0x16325</load_address>
         <run_address>0x16325</run_address>
         <size>0x190</size>
         <input_file_ref idref="fl-dc"/>
      </object_component>
      <object_component id="oc-119">
         <name>.debug_info</name>
         <load_address>0x164b5</load_address>
         <run_address>0x164b5</run_address>
         <size>0x39</size>
         <input_file_ref idref="fl-dc"/>
      </object_component>
      <object_component id="oc-1a7">
         <name>.debug_info</name>
         <load_address>0x164ee</load_address>
         <run_address>0x164ee</run_address>
         <size>0x39</size>
         <input_file_ref idref="fl-dc"/>
      </object_component>
      <object_component id="oc-11e">
         <name>.debug_info</name>
         <load_address>0x16527</load_address>
         <run_address>0x16527</run_address>
         <size>0xcd</size>
         <input_file_ref idref="fl-dc"/>
      </object_component>
      <object_component id="oc-115">
         <name>.debug_info</name>
         <load_address>0x165f4</load_address>
         <run_address>0x165f4</run_address>
         <size>0x37a</size>
         <input_file_ref idref="fl-dd"/>
      </object_component>
      <object_component id="oc-9f">
         <name>.debug_info</name>
         <load_address>0x1696e</load_address>
         <run_address>0x1696e</run_address>
         <size>0x183</size>
         <input_file_ref idref="fl-dd"/>
      </object_component>
      <object_component id="oc-1a2">
         <name>.debug_info</name>
         <load_address>0x16af1</load_address>
         <run_address>0x16af1</run_address>
         <size>0x2c</size>
         <input_file_ref idref="fl-dd"/>
      </object_component>
      <object_component id="oc-2bb">
         <name>.debug_info</name>
         <load_address>0x16b1d</load_address>
         <run_address>0x16b1d</run_address>
         <size>0xee</size>
         <input_file_ref idref="fl-de"/>
      </object_component>
      <object_component id="oc-296">
         <name>.debug_info</name>
         <load_address>0x16c0b</load_address>
         <run_address>0x16c0b</run_address>
         <size>0xfa</size>
         <input_file_ref idref="fl-de"/>
      </object_component>
      <object_component id="oc-239">
         <name>.debug_info</name>
         <load_address>0x16d05</load_address>
         <run_address>0x16d05</run_address>
         <size>0x139</size>
         <input_file_ref idref="fl-df"/>
      </object_component>
      <object_component id="oc-172">
         <name>.debug_info</name>
         <load_address>0x16e3e</load_address>
         <run_address>0x16e3e</run_address>
         <size>0xf7</size>
         <input_file_ref idref="fl-df"/>
      </object_component>
      <object_component id="oc-204">
         <name>.debug_info</name>
         <load_address>0x16f35</load_address>
         <run_address>0x16f35</run_address>
         <size>0x144</size>
         <input_file_ref idref="fl-e0"/>
      </object_component>
      <object_component id="oc-1e0">
         <name>.debug_info</name>
         <load_address>0x17079</load_address>
         <run_address>0x17079</run_address>
         <size>0x120</size>
         <input_file_ref idref="fl-e1"/>
      </object_component>
      <object_component id="oc-1f1">
         <name>.debug_info</name>
         <load_address>0x17199</load_address>
         <run_address>0x17199</run_address>
         <size>0x122</size>
         <input_file_ref idref="fl-e1"/>
      </object_component>
      <object_component id="oc-1ea">
         <name>.debug_info</name>
         <load_address>0x172bb</load_address>
         <run_address>0x172bb</run_address>
         <size>0x132</size>
         <input_file_ref idref="fl-e2"/>
      </object_component>
      <object_component id="oc-1e7">
         <name>.debug_info</name>
         <load_address>0x173ed</load_address>
         <run_address>0x173ed</run_address>
         <size>0x132</size>
         <input_file_ref idref="fl-e3"/>
      </object_component>
      <object_component id="oc-1f5">
         <name>.debug_info</name>
         <load_address>0x1751f</load_address>
         <run_address>0x1751f</run_address>
         <size>0x126</size>
         <input_file_ref idref="fl-e4"/>
      </object_component>
      <object_component id="oc-1ff">
         <name>.debug_info</name>
         <load_address>0x17645</load_address>
         <run_address>0x17645</run_address>
         <size>0x124</size>
         <input_file_ref idref="fl-e5"/>
      </object_component>
      <object_component id="oc-27e">
         <name>.debug_info</name>
         <load_address>0x17769</load_address>
         <run_address>0x17769</run_address>
         <size>0x2e6</size>
         <input_file_ref idref="fl-e6"/>
      </object_component>
      <object_component id="oc-1fa">
         <name>.debug_info</name>
         <load_address>0x17a4f</load_address>
         <run_address>0x17a4f</run_address>
         <size>0x1c2</size>
         <input_file_ref idref="fl-e6"/>
      </object_component>
      <object_component id="oc-29b">
         <name>.debug_info</name>
         <load_address>0x17c11</load_address>
         <run_address>0x17c11</run_address>
         <size>0x28b</size>
         <input_file_ref idref="fl-e7"/>
      </object_component>
      <object_component id="oc-223">
         <name>.debug_info</name>
         <load_address>0x17e9c</load_address>
         <run_address>0x17e9c</run_address>
         <size>0x1ab</size>
         <input_file_ref idref="fl-e7"/>
      </object_component>
      <object_component id="oc-282">
         <name>.debug_info</name>
         <load_address>0x18047</load_address>
         <run_address>0x18047</run_address>
         <size>0x2d9</size>
         <input_file_ref idref="fl-e8"/>
      </object_component>
      <object_component id="oc-20b">
         <name>.debug_info</name>
         <load_address>0x18320</load_address>
         <run_address>0x18320</run_address>
         <size>0x18a</size>
         <input_file_ref idref="fl-e8"/>
      </object_component>
      <object_component id="oc-283">
         <name>.debug_info</name>
         <load_address>0x184aa</load_address>
         <run_address>0x184aa</run_address>
         <size>0x2c</size>
         <input_file_ref idref="fl-e8"/>
      </object_component>
      <object_component id="oc-292">
         <name>.debug_info</name>
         <load_address>0x184d6</load_address>
         <run_address>0x184d6</run_address>
         <size>0x316</size>
         <input_file_ref idref="fl-e9"/>
      </object_component>
      <object_component id="oc-20f">
         <name>.debug_info</name>
         <load_address>0x187ec</load_address>
         <run_address>0x187ec</run_address>
         <size>0x1d5</size>
         <input_file_ref idref="fl-e9"/>
      </object_component>
      <object_component id="oc-a7">
         <name>.debug_info</name>
         <load_address>0x189c1</load_address>
         <run_address>0x189c1</run_address>
         <size>0x145</size>
         <input_file_ref idref="fl-ea"/>
      </object_component>
      <object_component id="oc-294">
         <name>.debug_info</name>
         <load_address>0x18b06</load_address>
         <run_address>0x18b06</run_address>
         <size>0x28f</size>
         <input_file_ref idref="fl-eb"/>
      </object_component>
      <object_component id="oc-215">
         <name>.debug_info</name>
         <load_address>0x18d95</load_address>
         <run_address>0x18d95</run_address>
         <size>0x244</size>
         <input_file_ref idref="fl-eb"/>
      </object_component>
      <object_component id="oc-1dc">
         <name>.debug_info</name>
         <load_address>0x18fd9</load_address>
         <run_address>0x18fd9</run_address>
         <size>0x17d</size>
         <input_file_ref idref="fl-ec"/>
      </object_component>
      <object_component id="oc-28f">
         <name>.debug_info</name>
         <load_address>0x19156</load_address>
         <run_address>0x19156</run_address>
         <size>0xf3</size>
         <input_file_ref idref="fl-ed"/>
      </object_component>
      <object_component id="oc-28c">
         <name>.debug_info</name>
         <load_address>0x19249</load_address>
         <run_address>0x19249</run_address>
         <size>0x156</size>
         <input_file_ref idref="fl-ee"/>
      </object_component>
      <object_component id="oc-2e9">
         <name>.debug_info</name>
         <load_address>0x1939f</load_address>
         <run_address>0x1939f</run_address>
         <size>0xb0</size>
      </object_component>
      <object_component id="oc-2a6">
         <name>.debug_line</name>
         <load_address>0x0</load_address>
         <run_address>0x0</run_address>
         <size>0x73</size>
         <input_file_ref idref="fl-2"/>
      </object_component>
      <object_component id="oc-c1">
         <name>.debug_line</name>
         <load_address>0x73</load_address>
         <run_address>0x73</run_address>
         <size>0x64</size>
         <input_file_ref idref="fl-2"/>
      </object_component>
      <object_component id="oc-18c">
         <name>.debug_line</name>
         <load_address>0xd7</load_address>
         <run_address>0xd7</run_address>
         <size>0x55</size>
         <input_file_ref idref="fl-2"/>
      </object_component>
      <object_component id="oc-187">
         <name>.debug_line</name>
         <load_address>0x12c</load_address>
         <run_address>0x12c</run_address>
         <size>0x52</size>
         <input_file_ref idref="fl-2"/>
      </object_component>
      <object_component id="oc-254">
         <name>.debug_line</name>
         <load_address>0x17e</load_address>
         <run_address>0x17e</run_address>
         <size>0x6b</size>
         <input_file_ref idref="fl-2"/>
      </object_component>
      <object_component id="oc-10e">
         <name>.debug_line</name>
         <load_address>0x1e9</load_address>
         <run_address>0x1e9</run_address>
         <size>0x20</size>
         <input_file_ref idref="fl-2"/>
      </object_component>
      <object_component id="oc-e5">
         <name>.debug_line</name>
         <load_address>0x209</load_address>
         <run_address>0x209</run_address>
         <size>0x65</size>
         <input_file_ref idref="fl-2"/>
      </object_component>
      <object_component id="oc-19c">
         <name>.debug_line</name>
         <load_address>0x26e</load_address>
         <run_address>0x26e</run_address>
         <size>0x69</size>
         <input_file_ref idref="fl-2"/>
      </object_component>
      <object_component id="oc-183">
         <name>.debug_line</name>
         <load_address>0x2d7</load_address>
         <run_address>0x2d7</run_address>
         <size>0xaa</size>
         <input_file_ref idref="fl-3"/>
      </object_component>
      <object_component id="oc-18f">
         <name>.debug_line</name>
         <load_address>0x381</load_address>
         <run_address>0x381</run_address>
         <size>0x2d</size>
         <input_file_ref idref="fl-3"/>
      </object_component>
      <object_component id="oc-17c">
         <name>.debug_line</name>
         <load_address>0x3ae</load_address>
         <run_address>0x3ae</run_address>
         <size>0x2d</size>
         <input_file_ref idref="fl-3"/>
      </object_component>
      <object_component id="oc-7b">
         <name>.debug_line</name>
         <load_address>0x3db</load_address>
         <run_address>0x3db</run_address>
         <size>0xbf</size>
         <input_file_ref idref="fl-3"/>
      </object_component>
      <object_component id="oc-180">
         <name>.debug_line</name>
         <load_address>0x49a</load_address>
         <run_address>0x49a</run_address>
         <size>0x30</size>
         <input_file_ref idref="fl-3"/>
      </object_component>
      <object_component id="oc-1d0">
         <name>.debug_line</name>
         <load_address>0x4ca</load_address>
         <run_address>0x4ca</run_address>
         <size>0x64</size>
         <input_file_ref idref="fl-3"/>
      </object_component>
      <object_component id="oc-179">
         <name>.debug_line</name>
         <load_address>0x52e</load_address>
         <run_address>0x52e</run_address>
         <size>0x65</size>
         <input_file_ref idref="fl-3"/>
      </object_component>
      <object_component id="oc-276">
         <name>.debug_line</name>
         <load_address>0x593</load_address>
         <run_address>0x593</run_address>
         <size>0x65</size>
         <input_file_ref idref="fl-4"/>
      </object_component>
      <object_component id="oc-16a">
         <name>.debug_line</name>
         <load_address>0x5f8</load_address>
         <run_address>0x5f8</run_address>
         <size>0x83</size>
         <input_file_ref idref="fl-4"/>
      </object_component>
      <object_component id="oc-35">
         <name>.debug_line</name>
         <load_address>0x67b</load_address>
         <run_address>0x67b</run_address>
         <size>0x20</size>
         <input_file_ref idref="fl-4"/>
      </object_component>
      <object_component id="oc-1c7">
         <name>.debug_line</name>
         <load_address>0x69b</load_address>
         <run_address>0x69b</run_address>
         <size>0xc6</size>
         <input_file_ref idref="fl-5"/>
      </object_component>
      <object_component id="oc-1c3">
         <name>.debug_line</name>
         <load_address>0x761</load_address>
         <run_address>0x761</run_address>
         <size>0x30</size>
         <input_file_ref idref="fl-5"/>
      </object_component>
      <object_component id="oc-1c5">
         <name>.debug_line</name>
         <load_address>0x791</load_address>
         <run_address>0x791</run_address>
         <size>0x30</size>
         <input_file_ref idref="fl-5"/>
      </object_component>
      <object_component id="oc-c7">
         <name>.debug_line</name>
         <load_address>0x7c1</load_address>
         <run_address>0x7c1</run_address>
         <size>0x11e</size>
         <input_file_ref idref="fl-5"/>
      </object_component>
      <object_component id="oc-1cb">
         <name>.debug_line</name>
         <load_address>0x8df</load_address>
         <run_address>0x8df</run_address>
         <size>0x52</size>
         <input_file_ref idref="fl-5"/>
      </object_component>
      <object_component id="oc-111">
         <name>.debug_line</name>
         <load_address>0x931</load_address>
         <run_address>0x931</run_address>
         <size>0x40</size>
         <input_file_ref idref="fl-6"/>
      </object_component>
      <object_component id="oc-84">
         <name>.debug_line</name>
         <load_address>0x971</load_address>
         <run_address>0x971</run_address>
         <size>0x40</size>
         <input_file_ref idref="fl-6"/>
      </object_component>
      <object_component id="oc-75">
         <name>.debug_line</name>
         <load_address>0x9b1</load_address>
         <run_address>0x9b1</run_address>
         <size>0x71</size>
         <input_file_ref idref="fl-6"/>
      </object_component>
      <object_component id="oc-1b0">
         <name>.debug_line</name>
         <load_address>0xa22</load_address>
         <run_address>0xa22</run_address>
         <size>0x3b</size>
         <input_file_ref idref="fl-7"/>
      </object_component>
      <object_component id="oc-ba">
         <name>.debug_line</name>
         <load_address>0xa5d</load_address>
         <run_address>0xa5d</run_address>
         <size>0x146</size>
         <input_file_ref idref="fl-7"/>
      </object_component>
      <object_component id="oc-d0">
         <name>.debug_line</name>
         <load_address>0xba3</load_address>
         <run_address>0xba3</run_address>
         <size>0x69</size>
         <input_file_ref idref="fl-8"/>
      </object_component>
      <object_component id="oc-198">
         <name>.debug_line</name>
         <load_address>0xc0c</load_address>
         <run_address>0xc0c</run_address>
         <size>0xc4</size>
         <input_file_ref idref="fl-9"/>
      </object_component>
      <object_component id="oc-19f">
         <name>.debug_line</name>
         <load_address>0xcd0</load_address>
         <run_address>0xcd0</run_address>
         <size>0x2d</size>
         <input_file_ref idref="fl-9"/>
      </object_component>
      <object_component id="oc-eb">
         <name>.debug_line</name>
         <load_address>0xcfd</load_address>
         <run_address>0xcfd</run_address>
         <size>0x48</size>
         <input_file_ref idref="fl-9"/>
      </object_component>
      <object_component id="oc-f2">
         <name>.debug_line</name>
         <load_address>0xd45</load_address>
         <run_address>0xd45</run_address>
         <size>0x48</size>
         <input_file_ref idref="fl-9"/>
      </object_component>
      <object_component id="oc-81">
         <name>.debug_line</name>
         <load_address>0xd8d</load_address>
         <run_address>0xd8d</run_address>
         <size>0x1af</size>
         <input_file_ref idref="fl-9"/>
      </object_component>
      <object_component id="oc-250">
         <name>.debug_line</name>
         <load_address>0xf3c</load_address>
         <run_address>0xf3c</run_address>
         <size>0x47</size>
         <input_file_ref idref="fl-f"/>
      </object_component>
      <object_component id="oc-266">
         <name>.debug_line</name>
         <load_address>0xf83</load_address>
         <run_address>0xf83</run_address>
         <size>0x5b</size>
         <input_file_ref idref="fl-f"/>
      </object_component>
      <object_component id="oc-1ba">
         <name>.debug_line</name>
         <load_address>0xfde</load_address>
         <run_address>0xfde</run_address>
         <size>0x73</size>
         <input_file_ref idref="fl-f"/>
      </object_component>
      <object_component id="oc-146">
         <name>.debug_line</name>
         <load_address>0x1051</load_address>
         <run_address>0x1051</run_address>
         <size>0x3d</size>
         <input_file_ref idref="fl-f"/>
      </object_component>
      <object_component id="oc-140">
         <name>.debug_line</name>
         <load_address>0x108e</load_address>
         <run_address>0x108e</run_address>
         <size>0x3e</size>
         <input_file_ref idref="fl-f"/>
      </object_component>
      <object_component id="oc-249">
         <name>.debug_line</name>
         <load_address>0x10cc</load_address>
         <run_address>0x10cc</run_address>
         <size>0x5e</size>
         <input_file_ref idref="fl-f"/>
      </object_component>
      <object_component id="oc-24e">
         <name>.debug_line</name>
         <load_address>0x112a</load_address>
         <run_address>0x112a</run_address>
         <size>0x2b</size>
         <input_file_ref idref="fl-10"/>
      </object_component>
      <object_component id="oc-24c">
         <name>.debug_line</name>
         <load_address>0x1155</load_address>
         <run_address>0x1155</run_address>
         <size>0x2f</size>
         <input_file_ref idref="fl-10"/>
      </object_component>
      <object_component id="oc-fd">
         <name>.debug_line</name>
         <load_address>0x1184</load_address>
         <run_address>0x1184</run_address>
         <size>0x6d</size>
         <input_file_ref idref="fl-10"/>
      </object_component>
      <object_component id="oc-2c1">
         <name>.debug_line</name>
         <load_address>0x11f1</load_address>
         <run_address>0x11f1</run_address>
         <size>0x20</size>
         <input_file_ref idref="fl-11"/>
      </object_component>
      <object_component id="oc-25b">
         <name>.debug_line</name>
         <load_address>0x1211</load_address>
         <run_address>0x1211</run_address>
         <size>0x41</size>
         <input_file_ref idref="fl-11"/>
      </object_component>
      <object_component id="oc-26d">
         <name>.debug_line</name>
         <load_address>0x1252</load_address>
         <run_address>0x1252</run_address>
         <size>0x41</size>
         <input_file_ref idref="fl-11"/>
      </object_component>
      <object_component id="oc-261">
         <name>.debug_line</name>
         <load_address>0x1293</load_address>
         <run_address>0x1293</run_address>
         <size>0x41</size>
         <input_file_ref idref="fl-11"/>
      </object_component>
      <object_component id="oc-245">
         <name>.debug_line</name>
         <load_address>0x12d4</load_address>
         <run_address>0x12d4</run_address>
         <size>0x31</size>
         <input_file_ref idref="fl-12"/>
      </object_component>
      <object_component id="oc-f9">
         <name>.debug_line</name>
         <load_address>0x1305</load_address>
         <run_address>0x1305</run_address>
         <size>0x40</size>
         <input_file_ref idref="fl-12"/>
      </object_component>
      <object_component id="oc-26">
         <name>.debug_line</name>
         <load_address>0x1345</load_address>
         <run_address>0x1345</run_address>
         <size>0x53</size>
         <input_file_ref idref="fl-c9"/>
      </object_component>
      <object_component id="oc-113">
         <name>.debug_line</name>
         <load_address>0x1398</load_address>
         <run_address>0x1398</run_address>
         <size>0x20</size>
         <input_file_ref idref="fl-ca"/>
      </object_component>
      <object_component id="oc-15">
         <name>.debug_line</name>
         <load_address>0x13b8</load_address>
         <run_address>0x13b8</run_address>
         <size>0xa9</size>
         <input_file_ref idref="fl-ca"/>
      </object_component>
      <object_component id="oc-30">
         <name>.debug_line</name>
         <load_address>0x1461</load_address>
         <run_address>0x1461</run_address>
         <size>0x3a</size>
         <input_file_ref idref="fl-ca"/>
      </object_component>
      <object_component id="oc-89">
         <name>.debug_line</name>
         <load_address>0x149b</load_address>
         <run_address>0x149b</run_address>
         <size>0x8a</size>
         <input_file_ref idref="fl-ca"/>
      </object_component>
      <object_component id="oc-93">
         <name>.debug_line</name>
         <load_address>0x1525</load_address>
         <run_address>0x1525</run_address>
         <size>0x8a</size>
         <input_file_ref idref="fl-cb"/>
      </object_component>
      <object_component id="oc-1b">
         <name>.debug_line</name>
         <load_address>0x15af</load_address>
         <run_address>0x15af</run_address>
         <size>0x55</size>
         <input_file_ref idref="fl-cb"/>
      </object_component>
      <object_component id="oc-40">
         <name>.debug_line</name>
[...]
      </symbol>
      <symbol id="sm-1dc">
         <name>uartA0_read_rx_buff</name>
         <value>0x1905</value>
         <object_component_ref idref="oc-7d"/>
      </symbol>
      <symbol id="sm-1dd">
         <name>uartA2_read_rx_buff</name>
         <value>0x1927</value>
         <object_component_ref idref="oc-7d"/>
      </symbol>
      <symbol id="sm-1de">
         <name>uartA2_rx_ptr</name>
         <value>0x20000326</value>
         <object_component_ref idref="oc-107"/>
      </symbol>
      <symbol id="sm-1df">
         <name>uartA2_init</name>
         <value>0x18b3</value>
         <object_component_ref idref="oc-7d"/>
      </symbol>
      <symbol id="sm-1e0">
         <name>uartA0_init</name>
         <value>0x1861</value>
         <object_component_ref idref="oc-7d"/>
      </symbol>
      <symbol id="sm-1e1">
         <name>uartA0_tx_str</name>
         <value>0x17e1</value>
         <object_component_ref idref="oc-7d"/>
      </symbol>
      <symbol id="sm-1e2">
         <name>return_UARTA2_rx_ptr</name>
         <value>0x19b5</value>
         <object_component_ref idref="oc-7d"/>
      </symbol>
      <symbol id="sm-1e3">
         <name>set_UARTA2_rx_ptr</name>
         <value>0x19bb</value>
         <object_component_ref idref="oc-7d"/>
      </symbol>
      <symbol id="sm-1e4">
         <name>EUSCIA2_IRQHandler</name>
         <value>0x197f</value>
         <object_component_ref idref="oc-7d"/>
      </symbol>
      <symbol id="sm-1e5">
         <name>uartA2_tx_bytes</name>
         <value>0x183f</value>
         <object_component_ref idref="oc-7d"/>
      </symbol>
      <symbol id="sm-1e6">
         <name>uartA0_tx_bytes</name>
         <value>0x181d</value>
         <object_component_ref idref="oc-7d"/>
      </symbol>
      <symbol id="sm-1e7">
         <name>uartA2_tx</name>
         <value>0x2c99</value>
         <object_component_ref idref="oc-ee"/>
      </symbol>
      <symbol id="sm-1e8">
         <name>uartA0_rx_ptr</name>
         <value>0x20000324</value>
         <object_component_ref idref="oc-107"/>
      </symbol>
      <symbol id="sm-1e9">
         <name>EUSCIA0_IRQHandler</name>
         <value>0x1949</value>
         <object_component_ref idref="oc-7d"/>
      </symbol>
      <symbol id="sm-1ea">
         <name>uartA2_tx_str</name>
         <value>0x17ff</value>
         <object_component_ref idref="oc-7d"/>
      </symbol>
      <symbol id="sm-22f">
         <name>CS_startHFXT</name>
         <value>0x2dc1</value>
         <object_component_ref idref="oc-142"/>
      </symbol>
      <symbol id="sm-230">
         <name>CS_setExternalClockSourceFrequency</name>
         <value>0x2d1d</value>
         <object_component_ref idref="oc-13c"/>
      </symbol>
      <symbol id="sm-231">
         <name>CS_startHFXTWithTimeout</name>
         <value>0x239d</value>
         <object_component_ref idref="oc-1b6"/>
      </symbol>
      <symbol id="sm-258">
         <name>Interrupt_enableInterrupt</name>
         <value>0x2815</value>
         <object_component_ref idref="oc-fb"/>
      </symbol>
      <symbol id="sm-27b">
         <name>SysCtl_getNMISourceStatus</name>
         <value>0x2da9</value>
         <object_component_ref idref="oc-256"/>
      </symbol>
      <symbol id="sm-27c">
         <name>SysCtl_enableNMISource</name>
         <value>0x2d7d</value>
         <object_component_ref idref="oc-268"/>
      </symbol>
      <symbol id="sm-27d">
         <name>SysCtl_disableNMISource</name>
         <value>0x2d6d</value>
         <object_component_ref idref="oc-25c"/>
      </symbol>
      <symbol id="sm-28a">
         <name>UART_enableInterrupt</name>
         <value>0x2cf1</value>
         <object_component_ref idref="oc-f5"/>
      </symbol>
      <symbol id="sm-29c">
         <name>_c_int00</name>
         <value>0x29fd</value>
         <object_component_ref idref="oc-22"/>
      </symbol>
      <symbol id="sm-29d">
         <name>__stack</name>
         <value>0x2000fe00</value>
         <object_component_ref idref="oc-2b"/>
      </symbol>
      <symbol id="sm-2bb">
         <name>__TI_decompress_lzss</name>
         <value>0x27ad</value>
         <object_component_ref idref="oc-10"/>
      </symbol>
      <symbol id="sm-2d2">
         <name>__TI_decompress_none</name>
         <value>0x2d8d</value>
         <object_component_ref idref="oc-16"/>
      </symbol>
      <symbol id="sm-2e9">
         <name>__TI_zero_init</name>
         <value>0x2db5</value>
         <object_component_ref idref="oc-1c"/>
      </symbol>
      <symbol id="sm-30a">
         <name>C$$EXIT</name>
         <value>0x2a51</value>
         <object_component_ref idref="oc-67"/>
      </symbol>
      <symbol id="sm-30b">
         <name>abort</name>
         <value>0x2a55</value>
         <object_component_ref idref="oc-67"/>
      </symbol>
      <symbol id="sm-30c">
         <name>exit</name>
         <value>0x2a5d</value>
         <object_component_ref idref="oc-67"/>
      </symbol>
      <symbol id="sm-30d">
         <name>__TI_dtors_ptr</name>
         <value>0x20000304</value>
         <object_component_ref idref="oc-ae"/>
      </symbol>
      <symbol id="sm-30e">
         <name>__TI_cleanup_ptr</name>
         <value>0x20000300</value>
         <object_component_ref idref="oc-ae"/>
      </symbol>
      <symbol id="sm-30f">
         <name>__TI_enable_exit_profile_output</name>
         <value>0x20000308</value>
         <object_component_ref idref="oc-ae"/>
      </symbol>
      <symbol id="sm-31a">
         <name>__aeabi_f2d</name>
         <value>0x2bd9</value>
         <object_component_ref idref="oc-14f"/>
      </symbol>
      <symbol id="sm-335">
         <name>memcpy</name>
         <value>0x2439</value>
         <object_component_ref idref="oc-37"/>
      </symbol>
      <symbol id="sm-336">
         <name>__aeabi_memcpy</name>
         <value>0x2439</value>
         <object_component_ref idref="oc-37"/>
      </symbol>
      <symbol id="sm-337">
         <name>__aeabi_memcpy8</name>
         <value>0x2439</value>
         <object_component_ref idref="oc-37"/>
      </symbol>
      <symbol id="sm-338">
         <name>__aeabi_memcpy4</name>
         <value>0x2439</value>
         <object_component_ref idref="oc-37"/>
      </symbol>
      <symbol id="sm-347">
         <name>__aeabi_memset</name>
         <value>0x25e3</value>
         <object_component_ref idref="oc-43"/>
      </symbol>
      <symbol id="sm-348">
         <name>memset</name>
         <value>0x25e9</value>
         <object_component_ref idref="oc-43"/>
      </symbol>
      <symbol id="sm-349">
         <name>__aeabi_memset8</name>
         <value>0x25e3</value>
         <object_component_ref idref="oc-43"/>
      </symbol>
      <symbol id="sm-34a">
         <name>__aeabi_memset4</name>
         <value>0x25e3</value>
         <object_component_ref idref="oc-43"/>
      </symbol>
      <symbol id="sm-34b">
         <name>__aeabi_memclr8</name>
         <value>0x25e1</value>
         <object_component_ref idref="oc-43"/>
      </symbol>
      <symbol id="sm-34c">
         <name>__aeabi_memclr4</name>
         <value>0x25e1</value>
         <object_component_ref idref="oc-43"/>
      </symbol>
      <symbol id="sm-34d">
         <name>__aeabi_memclr</name>
         <value>0x25e1</value>
         <object_component_ref idref="oc-43"/>
      </symbol>
      <symbol id="sm-357">
         <name>__mpu_init</name>
         <value>0x1223</value>
         <object_component_ref idref="oc-4f"/>
      </symbol>
      <symbol id="sm-361">
         <name>_system_pre_init</name>
         <value>0x2dc7</value>
         <object_component_ref idref="oc-55"/>
      </symbol>
      <symbol id="sm-37f">
         <name>printf</name>
         <value>0x2745</value>
         <object_component_ref idref="oc-d2"/>
      </symbol>
      <symbol id="sm-398">
         <name>sprintf</name>
         <value>0x2941</value>
         <object_component_ref idref="oc-154"/>
      </symbol>
      <symbol id="sm-3a0">
         <name>main_func_sp</name>
         <value>0x20000318</value>
         <object_component_ref idref="oc-6d"/>
      </symbol>
      <symbol id="sm-3ae">
         <name>strlen</name>
         <value>0x2d59</value>
         <object_component_ref idref="oc-1d2"/>
      </symbol>
      <symbol id="sm-3c1">
         <name>strstr</name>
         <value>0x2c11</value>
         <object_component_ref idref="oc-149"/>
      </symbol>
      <symbol id="sm-3da">
         <name>_nop</name>
         <value>0x2d3f</value>
         <object_component_ref idref="oc-12c"/>
      </symbol>
      <symbol id="sm-3db">
         <name>_lock</name>
         <value>0x2000030c</value>
         <object_component_ref idref="oc-b1"/>
      </symbol>
      <symbol id="sm-3dc">
         <name>_unlock</name>
         <value>0x20000310</value>
         <object_component_ref idref="oc-b1"/>
      </symbol>
      <symbol id="sm-3dd">
         <name>_register_lock</name>
         <value>0x2d37</value>
         <object_component_ref idref="oc-12c"/>
      </symbol>
      <symbol id="sm-3de">
         <name>_register_unlock</name>
         <value>0x2d31</value>
         <object_component_ref idref="oc-12c"/>
      </symbol>
      <symbol id="sm-4df">
         <name>__TI_printfi</name>
         <value>0x929</value>
         <object_component_ref idref="oc-16b"/>
      </symbol>
      <symbol id="sm-4f3">
         <name>_args_main</name>
         <value>0x2cd9</value>
         <object_component_ref idref="oc-61"/>
      </symbol>
      <symbol id="sm-509">
         <name>atoi</name>
         <value>0x2af9</value>
         <object_component_ref idref="oc-21a"/>
      </symbol>
      <symbol id="sm-533">
         <name>__TI_auto_init</name>
         <value>0x26cd</value>
         <object_component_ref idref="oc-5b"/>
      </symbol>
      <symbol id="sm-54d">
         <name>copy_in</name>
         <value>0x2b45</value>
         <object_component_ref idref="oc-9e"/>
      </symbol>
      <symbol id="sm-558">
         <name>_ctypes_</name>
         <value>0x2dcc</value>
         <object_component_ref idref="oc-295"/>
      </symbol>
      <symbol id="sm-564">
         <name>_ftable</name>
         <value>0x200001dc</value>
         <object_component_ref idref="oc-171"/>
      </symbol>
      <symbol id="sm-57b">
         <name>__aeabi_dsub</name>
         <value>0x1e11</value>
         <object_component_ref idref="oc-203"/>
      </symbol>
      <symbol id="sm-57c">
         <name>__aeabi_dadd</name>
         <value>0x1e1b</value>
         <object_component_ref idref="oc-203"/>
      </symbol>
      <symbol id="sm-59e">
         <name>__aeabi_cdcmpeq</name>
         <value>0x24d5</value>
         <object_component_ref idref="oc-1df"/>
      </symbol>
      <symbol id="sm-59f">
         <name>__aeabi_cdcmple</name>
         <value>0x24d5</value>
         <object_component_ref idref="oc-1df"/>
      </symbol>
      <symbol id="sm-5a0">
         <name>__aeabi_cdrcmple</name>
         <value>0x255b</value>
         <object_component_ref idref="oc-1ee"/>
      </symbol>
      <symbol id="sm-5b4">
         <name>__aeabi_ddiv</name>
         <value>0x1fc7</value>
         <object_component_ref idref="oc-1e9"/>
      </symbol>
      <symbol id="sm-5bf">
         <name>__aeabi_dmul</name>
         <value>0x20fd</value>
         <object_component_ref idref="oc-1e4"/>
      </symbol>
      <symbol id="sm-5c9">
         <name>__aeabi_d2iz</name>
         <value>0x2b91</value>
         <object_component_ref idref="oc-1f3"/>
      </symbol>
      <symbol id="sm-5d3">
         <name>__aeabi_i2d</name>
         <value>0x2c45</value>
         <object_component_ref idref="oc-1fe"/>
      </symbol>
      <symbol id="sm-5e2">
         <name>ltoa</name>
         <value>0x2aa5</value>
         <object_component_ref idref="oc-1f8"/>
      </symbol>
      <symbol id="sm-5f2">
         <name>memccpy</name>
         <value>0x2cbd</value>
         <object_component_ref idref="oc-220"/>
      </symbol>
      <symbol id="sm-60d">
         <name>frexpl</name>
         <value>0x28dd</value>
         <object_component_ref idref="oc-208"/>
      </symbol>
      <symbol id="sm-60e">
         <name>frexp</name>
         <value>0x28dd</value>
         <object_component_ref idref="oc-208"/>
      </symbol>
      <symbol id="sm-62b">
         <name>scalbn</name>
         <value>0x21f9</value>
         <object_component_ref idref="oc-20e"/>
      </symbol>
      <symbol id="sm-62c">
         <name>scalbnl</name>
         <value>0x21f9</value>
         <object_component_ref idref="oc-20e"/>
      </symbol>
      <symbol id="sm-62d">
         <name>ldexpl</name>
         <value>0x21f9</value>
         <object_component_ref idref="oc-20e"/>
      </symbol>
      <symbol id="sm-62e">
         <name>ldexp</name>
         <value>0x21f9</value>
         <object_component_ref idref="oc-20e"/>
      </symbol>
      <symbol id="sm-638">
         <name>_system_post_cinit</name>
         <value>0x265b</value>
         <object_component_ref idref="oc-a4"/>
      </symbol>
      <symbol id="sm-648">
         <name>strchr</name>
         <value>0x2d07</value>
         <object_component_ref idref="oc-214"/>
      </symbol>
      <symbol id="sm-664">
         <name>__aeabi_uldivmod</name>
         <value>0x1c1d</value>
         <object_component_ref idref="oc-1da"/>
      </symbol>
      <symbol id="sm-66c">
         <name>errno</name>
         <value>0x20000314</value>
         <object_component_ref idref="oc-28e"/>
      </symbol>
      <symbol id="sm-676">
         <name>copysign</name>
         <value>0x2d45</value>
         <object_component_ref idref="oc-288"/>
      </symbol>
      <symbol id="sm-677">
         <name>copysignl</name>
         <value>0x2d45</value>
         <object_component_ref idref="oc-288"/>
      </symbol>
      <symbol id="sm-678">
         <name>__TI_static_base__</name>
         <value>0x0</value>
      </symbol>
      <symbol id="sm-67b">
         <name>SHT$$INIT_ARRAY$$Limit</name>
         <value>0x0</value>
      </symbol>
      <symbol id="sm-67c">
         <name>SHT$$INIT_ARRAY$$Base</name>
         <value>0x0</value>
      </symbol>
      <symbol id="sm-67d">
         <name>NMI_Handler</name>
         <value>0x2da7</value>
      </symbol>
      <symbol id="sm-67e">
         <name>HardFault_Handler</name>
         <value>0x2da7</value>
      </symbol>
      <symbol id="sm-67f">
         <name>MemManage_Handler</name>
         <value>0x2da7</value>
      </symbol>
      <symbol id="sm-680">
         <name>BusFault_Handler</name>
         <value>0x2da7</value>
      </symbol>
      <symbol id="sm-681">
         <name>UsageFault_Handler</name>
         <value>0x2da7</value>
      </symbol>
      <symbol id="sm-682">
         <name>SVC_Handler</name>
         <value>0x2da7</value>
      </symbol>
      <symbol id="sm-683">
         <name>DebugMon_Handler</name>
         <value>0x2da7</value>
      </symbol>
      <symbol id="sm-684">
         <name>PendSV_Handler</name>
         <value>0x2da7</value>
      </symbol>
      <symbol id="sm-685">
         <name>SysTick_Handler</name>
         <value>0x1a01</value>
      </symbol>
      <symbol id="sm-686">
         <name>PSS_IRQHandler</name>
         <value>0x2da7</value>
      </symbol>
      <symbol id="sm-687">
         <name>CS_IRQHandler</name>
         <value>0x2da7</value>
      </symbol>
      <symbol id="sm-688">
         <name>PCM_IRQHandler</name>
         <value>0x2da7</value>
      </symbol>
      <symbol id="sm-689">
         <name>WDT_A_IRQHandler</name>
         <value>0x2da7</value>
      </symbol>
      <symbol id="sm-68a">
         <name>FPU_IRQHandler</name>
         <value>0x2da7</value>
      </symbol>
      <symbol id="sm-68b">
         <name>FLCTL_IRQHandler</name>
         <value>0x2da7</value>
      </symbol>
      <symbol id="sm-68c">
         <name>COMP_E0_IRQHandler</name>
         <value>0x2da7</value>
      </symbol>
      <symbol id="sm-68d">
         <name>COMP_E1_IRQHandler</name>
         <value>0x2da7</value>
      </symbol>
      <symbol id="sm-68e">
         <name>TA0_0_IRQHandler</name>
         <value>0x2da7</value>
      </symbol>
      <symbol id="sm-68f">
         <name>TA0_N_IRQHandler</name>
         <value>0x2da7</value>
      </symbol>
      <symbol id="sm-690">
         <name>TA1_0_IRQHandler</name>
         <value>0x2da7</value>
      </symbol>
      <symbol id="sm-691">
         <name>TA1_N_IRQHandler</name>
         <value>0x2da7</value>
      </symbol>
      <symbol id="sm-692">
         <name>TA2_0_IRQHandler</name>
         <value>0x2da7</value>
      </symbol>
      <symbol id="sm-693">
         <name>TA2_N_IRQHandler</name>
         <value>0x2da7</value>
      </symbol>
      <symbol id="sm-694">
         <name>TA3_0_IRQHandler</name>
         <value>0x2da7</value>
      </symbol>
      <symbol id="sm-695">
         <name>TA3_N_IRQHandler</name>
         <value>0x2da7</value>
      </symbol>
      <symbol id="sm-696">
         <name>EUSCIA0_IRQHandler</name>
         <value>0x1949</value>
      </symbol>
      <symbol id="sm-697">
         <name>EUSCIA1_IRQHandler</name>
         <value>0x2da7</value>
      </symbol>
      <symbol id="sm-698">
         <name>EUSCIA2_IRQHandler</name>
         <value>0x197f</value>
      </symbol>
      <symbol id="sm-699">
         <name>EUSCIA3_IRQHandler</name>
         <value>0x2da7</value>
      </symbol>
      <symbol id="sm-69a">
         <name>EUSCIB0_IRQHandler</name>
         <value>0x2da7</value>
      </symbol>
      <symbol id="sm-69b">
         <name>EUSCIB1_IRQHandler</name>
         <value>0x2da7</value>
      </symbol>
      <symbol id="sm-69c">
         <name>EUSCIB2_IRQHandler</name>
         <value>0x2da7</value>
      </symbol>
      <symbol id="sm-69d">
         <name>EUSCIB3_IRQHandler</name>
         <value>0x2da7</value>
      </symbol>
      <symbol id="sm-69e">
         <name>ADC14_IRQHandler</name>
         <value>0x2da7</value>
      </symbol>
      <symbol id="sm-69f">
         <name>T32_INT1_IRQHandler</name>
         <value>0x2da7</value>
      </symbol>
      <symbol id="sm-6a0">
         <name>T32_INT2_IRQHandler</name>
         <value>0x2da7</value>
      </symbol>
      <symbol id="sm-6a1">
         <name>T32_INTC_IRQHandler</name>
         <value>0x2da7</value>
      </symbol>
      <symbol id="sm-6a2">
         <name>AES256_IRQHandler</name>
         <value>0x2da7</value>
      </symbol>
      <symbol id="sm-6a3">
         <name>RTC_C_IRQHandler</name>
         <value>0x2da7</value>
      </symbol>
      <symbol id="sm-6a4">
         <name>DMA_ERR_IRQHandler</name>
         <value>0x2da7</value>
      </symbol>
      <symbol id="sm-6a5">
         <name>DMA_INT3_IRQHandler</name>
         <value>0x2da7</value>
      </symbol>
      <symbol id="sm-6a6">
         <name>DMA_INT2_IRQHandler</name>
         <value>0x2da7</value>
      </symbol>
      <symbol id="sm-6a7">
         <name>DMA_INT1_IRQHandler</name>
         <value>0x2da7</value>
      </symbol>
      <symbol id="sm-6a8">
         <name>DMA_INT0_IRQHandler</name>
         <value>0x2da7</value>
      </symbol>
      <symbol id="sm-6a9">
         <name>PORT1_IRQHandler</name>
         <value>0x2da7</value>
      </symbol>
      <symbol id="sm-6aa">
         <name>PORT2_IRQHandler</name>
         <value>0x2da7</value>
      </symbol>
      <symbol id="sm-6ab">
         <name>PORT3_IRQHandler</name>
         <value>0x2da7</value>
      </symbol>
      <symbol id="sm-6ac">
         <name>PORT4_IRQHandler</name>
         <value>0x2da7</value>
      </symbol>
      <symbol id="sm-6ad">
         <name>PORT5_IRQHandler</name>
         <value>0x2da7</value>
      </symbol>
      <symbol id="sm-6ae">
         <name>PORT6_IRQHandler</name>
         <value>0x2da7</value>
      </symbol>
   </symbol_table>
   <title>Link successful</title>
</link_info>
