******************************************************************************
                  TI ARM Linker PC v16.9.4                     
******************************************************************************
>> Linked Thu Dec 28 16:59:57 2017

OUTPUT FILE NAME:   <ProjectFinal.out>
ENTRY POINT SYMBOL: "_c_int00"  address: 000029fd


MEMORY CONFIGURATION

         name            origin    length      used     unused   attr    fill
----------------------  --------  ---------  --------  --------  ----  --------
  MAIN                  00000000   00040000  00002fc6  0003d03a  R  X
  INFO                  00200000   00004000  00000000  00004000  R  X
  SRAM_CODE             01000000   00010000  00000000  00010000  RW X
  SRAM_DATA             20000000   00010000  00000528  0000fad8  RW  


SEGMENT ALLOCATION MAP

run origin  load origin   length   init length attrs members
----------  ----------- ---------- ----------- ----- -------
00000000    00000000    00002fc8   00002fc8    r-x
  00000000    00000000    000000e4   000000e4    r-- .intvecs
  000000e4    000000e4    00002ce6   00002ce6    r-x .text
  00002dcc    00002dcc    0000018c   0000018c    r-- .const
  00002f58    00002f58    00000070   00000070    r-- .cinit
20000000    20000000    00000328   00000000    rw-
  20000000    20000000    000001dc   00000000    rw- .bss
  200001dc    200001dc    0000014c   00000000    rw- .data
2000fe00    2000fe00    00000200   00000000    rw-
  2000fe00    2000fe00    00000200   00000000    rw- .stack


SECTION ALLOCATION MAP

 output                                  attributes/
section   page    origin      length       input sections
--------  ----  ----------  ----------   ----------------
.intvecs   0    00000000    000000e4     
                  00000000    000000e4     startup_msp432p401r_ccs.obj (.intvecs:retain)

.text      0    000000e4    00002ce6     
                  000000e4    0000113e     rtsv7M4_T_le_v4SPD16_eabi.lib : _printfi.obj (.text)
                  00001222    00000002                                   : mpu_init.obj (.text)
                  00001224    00000328     system_msp432p401r.obj (.text)
                  0000154c    00000294     sensors.obj (.text)
                  000017e0    00000220     uart.obj (.text)
                  00001a00    0000021c     main.obj (.text)
                  00001c1c    000001f4     rtsv7M4_T_le_v4SPD16_eabi.lib : ull_div_t2.obj (.text)
                  00001e10    000001b6                                   : fd_add_t2.obj (.text)
                  00001fc6    00000136                                   : fd_div_t2.obj (.text)
                  000020fc    000000fc                                   : fd_mul_t2.obj (.text)
                  000021f8    000000fc                                   : s_scalbn.obj (.text)
                  000022f4    000000a8     clk.obj (.text)
                  0000239c    0000009c     msp432p4xx_driverlib.lib : cs.o (.text:CS_startHFXTWithTimeout)
                  00002438    0000009c     rtsv7M4_T_le_v4SPD16_eabi.lib : memcpy_t2.obj (.text)
                  000024d4    00000086                                   : fd_cmp_t2.obj (.text:__aeabi_cdcmple)
                  0000255a    00000086                                   : fd_cmp_t2.obj (.text:__aeabi_cdrcmple)
                  000025e0    0000007a                                   : memset_t2.obj (.text)
                  0000265a    00000002                                   : startup.obj (.text)
                  0000265c    00000070     msp432p4xx_driverlib.lib : cs.o (.text:_CSGetHFXTFrequency)
                  000026cc    00000070     rtsv7M4_T_le_v4SPD16_eabi.lib : autoinit.obj (.text)
                  0000273c    00000070                                   : printf.obj (.text)
                  000027ac    00000068                                   : copy_decompress_lzss.obj (.text:decompress:lzss)
                  00002814    00000064     msp432p4xx_driverlib.lib : interrupt.o (.text:Interrupt_enableInterrupt)
                  00002878    00000064     printfOverride.obj (.text)
                  000028dc    00000064     rtsv7M4_T_le_v4SPD16_eabi.lib : s_frexp.obj (.text)
                  00002940    00000060                                   : sprintf.obj (.text)
                  000029a0    0000005c     systick.obj (.text)
                  000029fc    00000054     rtsv7M4_T_le_v4SPD16_eabi.lib : boot.obj (.text)
                  00002a50    00000054                                   : exit.obj (.text)
                  00002aa4    00000054                                   : ltoa.obj (.text)
                  00002af8    0000004c                                   : atoi.obj (.text)
                  00002b44    0000004c                                   : cpy_tbl.obj (.text)
                  00002b90    00000048                                   : fd_toi_t2.obj (.text)
                  00002bd8    00000038                                   : fs_tod_t2.obj (.text)
                  00002c10    00000034                                   : strstr.obj (.text)
                  00002c44    0000002e                                   : i_tofd_t2.obj (.text)
                  00002c72    00000002     --HOLE-- [fill = 0]
                  00002c74    00000024     uart.obj (.text:uartA0_tx)
                  00002c98    00000024     uart.obj (.text:uartA2_tx)
                  00002cbc    0000001c     rtsv7M4_T_le_v4SPD16_eabi.lib : memccpy.obj (.text)
                  00002cd8    00000018                                   : args_main.obj (.text)
                  00002cf0    00000016     msp432p4xx_driverlib.lib : uart.o (.text:UART_enableInterrupt)
                  00002d06    00000016     rtsv7M4_T_le_v4SPD16_eabi.lib : strchr.obj (.text)
                  00002d1c    00000014     msp432p4xx_driverlib.lib : cs.o (.text:CS_setExternalClockSourceFrequency)
                  00002d30    00000014     rtsv7M4_T_le_v4SPD16_eabi.lib : _lock.obj (.text)
                  00002d44    00000014                                   : s_copysign.obj (.text)
                  00002d58    00000014                                   : strlen.obj (.text)
                  00002d6c    00000010     msp432p4xx_driverlib.lib : sysctl.o (.text:SysCtl_disableNMISource)
                  00002d7c    00000010                              : sysctl.o (.text:SysCtl_enableNMISource)
                  00002d8c    0000000e     rtsv7M4_T_le_v4SPD16_eabi.lib : copy_decompress_none.obj (.text:decompress:none)
                  00002d9a    0000000e     startup_msp432p401r_ccs.obj (.text)
                  00002da8    0000000c     msp432p4xx_driverlib.lib : sysctl.o (.text:SysCtl_getNMISourceStatus)
                  00002db4    0000000c     rtsv7M4_T_le_v4SPD16_eabi.lib : copy_zero_init.obj (.text:decompress:ZI)
                  00002dc0    00000006     msp432p4xx_driverlib.lib : cs.o (.text:CS_startHFXT)
                  00002dc6    00000004     rtsv7M4_T_le_v4SPD16_eabi.lib : pre_init.obj (.text)

.const     0    00002dcc    0000018c     
                  00002dcc    00000101     rtsv7M4_T_le_v4SPD16_eabi.lib : ctype.obj (.const:.string:_ctypes_)
                  00002ecd    00000003     --HOLE-- [fill = 0]
                  00002ed0    00000040     msp432p4xx_driverlib.lib : interrupt.o (.const)
                  00002f10    00000024     sensors.obj (.const:$P$T0$1)
                  00002f34    00000024     sensors.obj (.const:$P$T1$2)

.cinit     0    00002f58    00000070     
                  00002f58    0000004b     (.cinit..data.load) [load image, compression = lzss]
                  00002fa3    00000001     --HOLE-- [fill = 0]
                  00002fa4    0000000c     (__TI_handler_table)
                  00002fb0    00000008     (.cinit..bss.load) [load image, compression = zero_init]
                  00002fb8    00000010     (__TI_cinit_table)

.init_array 
*          0    00000000    00000000     UNINITIALIZED

.bss       0    20000000    000001dc     UNINITIALIZED
                  20000000    00000100     (.common:g_rx_buff)
                  20000100    000000c8     sensors.obj (.bss:ble_buff$3)
                  200001c8    00000004     (.common:hfxtFreq)
                  200001cc    00000004     (.common:lfxtFreq)
                  200001d0    00000004     (.common:uartA0_rx_buff)
                  200001d4    00000004     (.common:uartA2_rx_buff)
                  200001d8    00000002     (.common:uartA0_rx_buff_len)
                  200001da    00000002     (.common:uartA2_rx_buff_len)

.data      0    200001dc    0000014c     UNINITIALIZED
                  200001dc    000000f0     rtsv7M4_T_le_v4SPD16_eabi.lib : defs.obj (.data:_ftable)
                  200002cc    0000001c     main.obj (.data:g_sensor_data)
                  200002e8    00000018     main.obj (.data)
                  20000300    0000000c     rtsv7M4_T_le_v4SPD16_eabi.lib : exit.obj (.data:$O1$$)
                  2000030c    00000008                                   : _lock.obj (.data:$O1$$)
                  20000314    00000004                                   : errno.obj (.data)
                  20000318    00000004                                   : stkdepth_vars.obj (.data)
                  2000031c    00000004     sensors.obj (.data)
                  20000320    00000004     system_msp432p401r.obj (.data)
                  20000324    00000004     uart.obj (.data)

.stack     0    2000fe00    00000200     UNINITIALIZED
                  2000fe00    00000200     --HOLE--

MODULE SUMMARY

       Module                        code    ro data   rw data
       ------                        ----    -------   -------
    .\
       sensors.obj                   660     72        204    
       main.obj                      540     0         308    
       system_msp432p401r.obj        808     0         4      
       uart.obj                      616     0         16     
       startup_msp432p401r_ccs.obj   14      228       0      
       clk.obj                       168     0         0      
       printfOverride.obj            100     0         0      
       systick.obj                   92      0         0      
    +--+-----------------------------+-------+---------+---------+
       Total:                        2998    300       532    
                                                              
    C:/ti/msp/MSP432Ware_3_50_00_02/driverlib/driverlib/MSP432P4xx/ccs/msp432p4xx_driverlib.lib
       cs.o                          294     0         8      
       interrupt.o                   100     64        0      
       sysctl.o                      44      0         0      
       uart.o                        22      0         0      
    +--+-----------------------------+-------+---------+---------+
       Total:                        460     64        8      
                                                              
    C:\ti\ccsv7\tools\compiler\ti-cgt-arm_16.9.4.LTS\lib\rtsv7M4_T_le_v4SPD16_eabi.lib
       _printfi.obj                  4414    0         0      
       ull_div_t2.obj                500     0         0      
       fd_add_t2.obj                 438     0         0      
       fd_div_t2.obj                 310     0         0      
       fd_cmp_t2.obj                 268     0         0      
       ctype.obj                     0       257       0      
       fd_mul_t2.obj                 252     0         0      
       s_scalbn.obj                  252     0         0      
       defs.obj                      0       0         240    
       memcpy_t2.obj                 156     0         0      
       memset_t2.obj                 122     0         0      
       autoinit.obj                  112     0         0      
       printf.obj                    112     0         0      
       copy_decompress_lzss.obj      104     0         0      
       s_frexp.obj                   100     0         0      
       exit.obj                      84      0         12     
       sprintf.obj                   96      0         0      
       boot.obj                      84      0         0      
       ltoa.obj                      84      0         0      
       atoi.obj                      76      0         0      
       cpy_tbl.obj                   76      0         0      
       fd_toi_t2.obj                 72      0         0      
       fs_tod_t2.obj                 56      0         0      
       strstr.obj                    52      0         0      
       i_tofd_t2.obj                 46      0         0      
       _lock.obj                     20      0         8      
       memccpy.obj                   28      0         0      
       args_main.obj                 24      0         0      
       strchr.obj                    22      0         0      
       s_copysign.obj                20      0         0      
       strlen.obj                    20      0         0      
       copy_decompress_none.obj      14      0         0      
       copy_zero_init.obj            12      0         0      
       errno.obj                     0       0         4      
       pre_init.obj                  4       0         0      
       stkdepth_vars.obj             0       0         4      
       mpu_init.obj                  2       0         0      
       startup.obj                   2       0         0      
    +--+-----------------------------+-------+---------+---------+
       Total:                        8034    257       268    
                                                              
       Stack:                        0       0         512    
       Linker Generated:             0       111       0      
    +--+-----------------------------+-------+---------+---------+
       Grand Total:                  11492   732       1320   


LINKER GENERATED COPY TABLES

__TI_cinit_table @ 00002fb8 records: 2, size/record: 8, table size: 16
	.data: load addr=00002f58, load size=0000004b bytes, run addr=200001dc, run size=0000014c bytes, compression=lzss
	.bss: load addr=00002fb0, load size=00000008 bytes, run addr=20000000, run size=000001dc bytes, compression=zero_init


LINKER GENERATED HANDLER TABLE

__TI_handler_table @ 00002fa4 records: 3, size/record: 4, table size: 12
	index: 0, handler: __TI_decompress_lzss
	index: 1, handler: __TI_decompress_none
	index: 2, handler: __TI_zero_init


GLOBAL SYMBOLS: SORTED ALPHABETICALLY BY Name 

address   name                              
-------   ----                              
00002da7  ADC14_IRQHandler                  
00002da7  AES256_IRQHandler                 
00002da7  BusFault_Handler                  
00002a51  C$$EXIT                           
00002da7  COMP_E0_IRQHandler                
00002da7  COMP_E1_IRQHandler                
00002da7  CS_IRQHandler                     
00002d1d  CS_setExternalClockSourceFrequency
00002dc1  CS_startHFXT                      
0000239d  CS_startHFXTWithTimeout           
00002da7  DMA_ERR_IRQHandler                
00002da7  DMA_INT0_IRQHandler               
00002da7  DMA_INT1_IRQHandler               
00002da7  DMA_INT2_IRQHandler               
00002da7  DMA_INT3_IRQHandler               
00002da7  DebugMon_Handler                  
00002da7  Default_Handler                   
00001949  EUSCIA0_IRQHandler                
00001949  EUSCIA0_IRQHandler                
00002da7  EUSCIA1_IRQHandler                
0000197f  EUSCIA2_IRQHandler                
0000197f  EUSCIA2_IRQHandler                
00002da7  EUSCIA3_IRQHandler                
00002da7  EUSCIB0_IRQHandler                
00002da7  EUSCIB1_IRQHandler                
00002da7  EUSCIB2_IRQHandler                
00002da7  EUSCIB3_IRQHandler                
00002da7  FLCTL_IRQHandler                  
00002da7  FPU_IRQHandler                    
00002da7  HardFault_Handler                 
00002815  Interrupt_enableInterrupt         
00002da7  MemManage_Handler                 
00002da7  NMI_Handler                       
00002da7  PCM_IRQHandler                    
00002da7  PORT1_IRQHandler                  
00002da7  PORT2_IRQHandler                  
00002da7  PORT3_IRQHandler                  
00002da7  PORT4_IRQHandler                  
00002da7  PORT5_IRQHandler                  
00002da7  PORT6_IRQHandler                  
00002da7  PSS_IRQHandler                    
00002da7  PendSV_Handler                    
00002da7  RTC_C_IRQHandler                  
00002d9b  Reset_Handler                     
UNDEFED   SHT$$INIT_ARRAY$$Base             
UNDEFED   SHT$$INIT_ARRAY$$Limit            
00002da7  SVC_Handler                       
00002d6d  SysCtl_disableNMISource           
00002d7d  SysCtl_enableNMISource            
00002da9  SysCtl_getNMISourceStatus         
00001a01  SysTick_Handler                   
00001a01  SysTick_Handler                   
20000320  SystemCoreClock                   
00001225  SystemCoreClockUpdate             
00001499  SystemInit                        
00002da7  T32_INT1_IRQHandler               
00002da7  T32_INT2_IRQHandler               
00002da7  T32_INTC_IRQHandler               
00002da7  TA0_0_IRQHandler                  
00002da7  TA0_N_IRQHandler                  
00002da7  TA1_0_IRQHandler                  
00002da7  TA1_N_IRQHandler                  
00002da7  TA2_0_IRQHandler                  
00002da7  TA2_N_IRQHandler                  
00002da7  TA3_0_IRQHandler                  
00002da7  TA3_N_IRQHandler                  
00002cf1  UART_enableInterrupt              
00002da7  UsageFault_Handler                
4000480c  WDTCTL_SYM                        
00002da7  WDT_A_IRQHandler                  
20010000  __STACK_END                       
00000200  __STACK_SIZE                      
00002fb8  __TI_CINIT_Base                   
00002fc8  __TI_CINIT_Limit                  
00002fa4  __TI_Handler_Table_Base           
00002fb0  __TI_Handler_Table_Limit          
000026cd  __TI_auto_init                    
20000300  __TI_cleanup_ptr                  
000027ad  __TI_decompress_lzss              
00002d8d  __TI_decompress_none              
20000304  __TI_dtors_ptr                    
20000308  __TI_enable_exit_profile_output   
ffffffff  __TI_pprof_out_hndl               
00000929  __TI_printfi                      
ffffffff  __TI_prof_data_size               
ffffffff  __TI_prof_data_start              
00000000  __TI_static_base__                
00002db5  __TI_zero_init                    
000024d5  __aeabi_cdcmpeq                   
000024d5  __aeabi_cdcmple                   
0000255b  __aeabi_cdrcmple                  
00002b91  __aeabi_d2iz                      
00001e1b  __aeabi_dadd                      
00001fc7  __aeabi_ddiv                      
000020fd  __aeabi_dmul                      
00001e11  __aeabi_dsub                      
00002bd9  __aeabi_f2d                       
00002c45  __aeabi_i2d                       
000025e1  __aeabi_memclr                    
000025e1  __aeabi_memclr4                   
000025e1  __aeabi_memclr8                   
00002439  __aeabi_memcpy                    
00002439  __aeabi_memcpy4                   
00002439  __aeabi_memcpy8                   
000025e3  __aeabi_memset                    
000025e3  __aeabi_memset4                   
000025e3  __aeabi_memset8                   
00001c1d  __aeabi_uldivmod                  
ffffffff  __binit__                         
ffffffff  __c_args__                        
00001223  __mpu_init                        
2000fe00  __stack                           
00002cd9  _args_main                        
000029fd  _c_int00                          
00002dcc  _ctypes_                          
200001dc  _ftable                           
2000030c  _lock                             
00002d3f  _nop                              
00002d37  _register_lock                    
00002d31  _register_unlock                  
0000265b  _system_post_cinit                
00002dc7  _system_pre_init                  
20000310  _unlock                           
00002a55  abort                             
00002af9  atoi                              
ffffffff  binit                             
00001689  ble_check_connection              
00001565  ble_pins_init                     
000015d1  ble_send_data                     
000015b5  check_response                    
0000235f  clk_init                          
00002b45  copy_in                           
00002d45  copysign                          
00002d45  copysignl                         
0000158f  dummy_uart_init                   
20000314  errno                             
00002a5d  exit                              
00002879  fputc                             
00002897  fputs                             
000028dd  frexp                             
000028dd  frexpl                            
200002f8  g_ble_connect_state               
200002f9  g_ble_state                       
200002f0  g_check_connection_count          
200002f4  g_data_send_interval_count        
200002e8  g_ms_timeout                      
20000000  g_rx_buff                         
200002cc  g_sensor_data                     
200002ec  g_ticks                           
00000000  interruptVectors                  
000021f9  ldexp                             
000021f9  ldexpl                            
00002aa5  ltoa                              
00001a55  main                              
20000318  main_func_sp                      
00002cbd  memccpy                           
00002439  memcpy                            
000025e9  memset                            
00002745  printf                            
0000154d  reset_rx_buffer                   
000019b5  return_UARTA2_rx_ptr              
000021f9  scalbn                            
000021f9  scalbnl                           
000019bb  set_UARTA2_rx_ptr                 
00002941  sprintf                           
00002d07  strchr                            
00002d59  strlen                            
00002c11  strstr                            
000029bd  systick_delay_ms                  
000029a1  systick_init                      
00001861  uartA0_init                       
00001905  uartA0_read_rx_buff               
200001d0  uartA0_rx_buff                    
200001d8  uartA0_rx_buff_len                
20000324  uartA0_rx_ptr                     
00002c75  uartA0_tx                         
0000181d  uartA0_tx_bytes                   
000017e1  uartA0_tx_str                     
000018b3  uartA2_init                       
00001927  uartA2_read_rx_buff               
200001d4  uartA2_rx_buff                    
200001da  uartA2_rx_buff_len                
20000326  uartA2_rx_ptr                     
00002c99  uartA2_tx                         
0000183f  uartA2_tx_bytes                   
000017ff  uartA2_tx_str                     


GLOBAL SYMBOLS: SORTED BY Symbol Address 

address   name                              
-------   ----                              
00000000  __TI_static_base__                
00000000  interruptVectors                  
00000200  __STACK_SIZE                      
00000929  __TI_printfi                      
00001223  __mpu_init                        
00001225  SystemCoreClockUpdate             
00001499  SystemInit                        
0000154d  reset_rx_buffer                   
00001565  ble_pins_init                     
0000158f  dummy_uart_init                   
000015b5  check_response                    
000015d1  ble_send_data                     
00001689  ble_check_connection              
000017e1  uartA0_tx_str                     
000017ff  uartA2_tx_str                     
0000181d  uartA0_tx_bytes                   
0000183f  uartA2_tx_bytes                   
00001861  uartA0_init                       
000018b3  uartA2_init                       
00001905  uartA0_read_rx_buff               
00001927  uartA2_read_rx_buff               
00001949  EUSCIA0_IRQHandler                
00001949  EUSCIA0_IRQHandler                
0000197f  EUSCIA2_IRQHandler                
0000197f  EUSCIA2_IRQHandler                
000019b5  return_UARTA2_rx_ptr              
000019bb  set_UARTA2_rx_ptr                 
00001a01  SysTick_Handler                   
00001a01  SysTick_Handler                   
00001a55  main                              
00001c1d  __aeabi_uldivmod                  
00001e11  __aeabi_dsub                      
00001e1b  __aeabi_dadd                      
00001fc7  __aeabi_ddiv                      
000020fd  __aeabi_dmul                      
000021f9  ldexp                             
000021f9  ldexpl                            
000021f9  scalbn                            
000021f9  scalbnl                           
0000235f  clk_init                          
0000239d  CS_startHFXTWithTimeout           
00002439  __aeabi_memcpy                    
00002439  __aeabi_memcpy4                   
00002439  __aeabi_memcpy8                   
00002439  memcpy                            
000024d5  __aeabi_cdcmpeq                   
000024d5  __aeabi_cdcmple                   
0000255b  __aeabi_cdrcmple                  
000025e1  __aeabi_memclr                    
000025e1  __aeabi_memclr4                   
000025e1  __aeabi_memclr8                   
000025e3  __aeabi_memset                    
000025e3  __aeabi_memset4                   
000025e3  __aeabi_memset8                   
000025e9  memset                            
0000265b  _system_post_cinit                
000026cd  __TI_auto_init                    
00002745  printf                            
000027ad  __TI_decompress_lzss              
00002815  Interrupt_enableInterrupt         
00002879  fputc                             
00002897  fputs                             
000028dd  frexp                             
000028dd  frexpl                            
00002941  sprintf                           
000029a1  systick_init                      
000029bd  systick_delay_ms                  
000029fd  _c_int00                          
00002a51  C$$EXIT                           
00002a55  abort                             
00002a5d  exit                              
00002aa5  ltoa                              
00002af9  atoi                              
00002b45  copy_in                           
00002b91  __aeabi_d2iz                      
00002bd9  __aeabi_f2d                       
00002c11  strstr                            
00002c45  __aeabi_i2d                       
00002c75  uartA0_tx                         
00002c99  uartA2_tx                         
00002cbd  memccpy                           
00002cd9  _args_main                        
00002cf1  UART_enableInterrupt              
00002d07  strchr                            
00002d1d  CS_setExternalClockSourceFrequency
00002d31  _register_unlock                  
00002d37  _register_lock                    
00002d3f  _nop                              
00002d45  copysign                          
00002d45  copysignl                         
00002d59  strlen                            
00002d6d  SysCtl_disableNMISource           
00002d7d  SysCtl_enableNMISource            
00002d8d  __TI_decompress_none              
00002d9b  Reset_Handler                     
00002da7  ADC14_IRQHandler                  
00002da7  AES256_IRQHandler                 
00002da7  BusFault_Handler                  
00002da7  COMP_E0_IRQHandler                
00002da7  COMP_E1_IRQHandler                
00002da7  CS_IRQHandler                     
00002da7  DMA_ERR_IRQHandler                
00002da7  DMA_INT0_IRQHandler               
00002da7  DMA_INT1_IRQHandler               
00002da7  DMA_INT2_IRQHandler               
00002da7  DMA_INT3_IRQHandler               
00002da7  DebugMon_Handler                  
00002da7  Default_Handler                   
00002da7  EUSCIA1_IRQHandler                
00002da7  EUSCIA3_IRQHandler                
00002da7  EUSCIB0_IRQHandler                
00002da7  EUSCIB1_IRQHandler                
00002da7  EUSCIB2_IRQHandler                
00002da7  EUSCIB3_IRQHandler                
00002da7  FLCTL_IRQHandler                  
00002da7  FPU_IRQHandler                    
00002da7  HardFault_Handler                 
00002da7  MemManage_Handler                 
00002da7  NMI_Handler                       
00002da7  PCM_IRQHandler                    
00002da7  PORT1_IRQHandler                  
00002da7  PORT2_IRQHandler                  
00002da7  PORT3_IRQHandler                  
00002da7  PORT4_IRQHandler                  
00002da7  PORT5_IRQHandler                  
00002da7  PORT6_IRQHandler                  
00002da7  PSS_IRQHandler                    
00002da7  PendSV_Handler                    
00002da7  RTC_C_IRQHandler                  
00002da7  SVC_Handler                       
00002da7  T32_INT1_IRQHandler               
00002da7  T32_INT2_IRQHandler               
00002da7  T32_INTC_IRQHandler               
00002da7  TA0_0_IRQHandler                  
00002da7  TA0_N_IRQHandler                  
00002da7  TA1_0_IRQHandler                  
00002da7  TA1_N_IRQHandler                  
00002da7  TA2_0_IRQHandler                  
00002da7  TA2_N_IRQHandler                  
00002da7  TA3_0_IRQHandler                  
00002da7  TA3_N_IRQHandler                  
00002da7  UsageFault_Handler                
00002da7  WDT_A_IRQHandler                  
00002da9  SysCtl_getNMISourceStatus         
00002db5  __TI_zero_init                    
00002dc1  CS_startHFXT                      
00002dc7  _system_pre_init                  
00002dcc  _ctypes_                          
00002fa4  __TI_Handler_Table_Base           
00002fb0  __TI_Handler_Table_Limit          
00002fb8  __TI_CINIT_Base                   
00002fc8  __TI_CINIT_Limit                  
20000000  g_rx_buff                         
200001d0  uartA0_rx_buff                    
200001d4  uartA2_rx_buff                    
200001d8  uartA0_rx_buff_len                
200001da  uartA2_rx_buff_len                
200001dc  _ftable                           
200002cc  g_sensor_data                     
200002e8  g_ms_timeout                      
200002ec  g_ticks                           
200002f0  g_check_connection_count          
200002f4  g_data_send_interval_count        
200002f8  g_ble_connect_state               
200002f9  g_ble_state                       
20000300  __TI_cleanup_ptr                  
20000304  __TI_dtors_ptr                    
20000308  __TI_enable_exit_profile_output   
2000030c  _lock                             
20000310  _unlock                           
20000314  errno                             
20000318  main_func_sp                      
20000320  SystemCoreClock                   
20000324  uartA0_rx_ptr                     
20000326  uartA2_rx_ptr                     
2000fe00  __stack                           
20010000  __STACK_END                       
4000480c  WDTCTL_SYM                        
ffffffff  __TI_pprof_out_hndl               
ffffffff  __TI_prof_data_size               
ffffffff  __TI_prof_data_start              
ffffffff  __binit__                         
ffffffff  __c_args__                        
ffffffff  binit                             
UNDEFED   SHT$$INIT_ARRAY$$Base             
UNDEFED   SHT$$INIT_ARRAY$$Limit            

[186 symbols]
