<?xml version="1.0"?>
<link_info>
   <banner>TI ARM Linker PC v16.9.4.LTS</banner>
   <copyright>Copyright (c) 1996-2017 Texas Instruments Incorporated</copyright>
   <link_time>0x5a666701</link_time>
   <link_errors>0x0</link_errors>
   <output_file>ProjectFinal.out</output_file>
   <entry_point>
      <name>_c_int00</name>
      <address>0x70b9</address>
   </entry_point>
   <input_file_list>
      <input_file id="fl-2">
         <path>.\</path>
         <kind>object</kind>
         <file>HR_RR_Algorithm.obj</file>
         <name>HR_RR_Algorithm.obj</name>
      </input_file>
      <input_file id="fl-3">
         <path>.\</path>
         <kind>object</kind>
         <file>I2C0.obj</file>
         <name>I2C0.obj</name>
      </input_file>
      <input_file id="fl-4">
         <path>.\</path>
         <kind>object</kind>
         <file>I2C1.obj</file>
         <name>I2C1.obj</name>
      </input_file>
      <input_file id="fl-5">
         <path>.\</path>
         <kind>object</kind>
         <file>MAX30102.obj</file>
         <name>MAX30102.obj</name>
      </input_file>
      <input_file id="fl-6">
         <path>.\</path>
         <kind>object</kind>
         <file>adc.obj</file>
         <name>adc.obj</name>
      </input_file>
      <input_file id="fl-7">
         <path>.\</path>
         <kind>object</kind>
         <file>adxl345.obj</file>
         <name>adxl345.obj</name>
      </input_file>
      <input_file id="fl-8">
         <path>.\</path>
         <kind>object</kind>
         <file>algorithm.obj</file>
         <name>algorithm.obj</name>
      </input_file>
      <input_file id="fl-9">
         <path>.\</path>
         <kind>object</kind>
         <file>bme280.obj</file>
         <name>bme280.obj</name>
      </input_file>
      <input_file id="fl-a">
         <path>.\</path>
         <kind>object</kind>
         <file>bme280_sensor.obj</file>
         <name>bme280_sensor.obj</name>
      </input_file>
      <input_file id="fl-b">
         <path>.\</path>
         <kind>object</kind>
         <file>clk.obj</file>
         <name>clk.obj</name>
      </input_file>
      <input_file id="fl-c">
         <path>.\</path>
         <kind>object</kind>
         <file>main.obj</file>
         <name>main.obj</name>
      </input_file>
      <input_file id="fl-d">
         <path>.\</path>
         <kind>object</kind>
         <file>msp432_spi.obj</file>
         <name>msp432_spi.obj</name>
      </input_file>
      <input_file id="fl-e">
         <path>.\</path>
         <kind>object</kind>
         <file>printfOverride.obj</file>
         <name>printfOverride.obj</name>
      </input_file>
      <input_file id="fl-f">
         <path>.\</path>
         <kind>object</kind>
         <file>sensors.obj</file>
         <name>sensors.obj</name>
      </input_file>
      <input_file id="fl-10">
         <path>.\</path>
         <kind>object</kind>
         <file>startup_msp432p401r_ccs.obj</file>
         <name>startup_msp432p401r_ccs.obj</name>
      </input_file>
      <input_file id="fl-11">
         <path>.\</path>
         <kind>object</kind>
         <file>system_msp432p401r.obj</file>
         <name>system_msp432p401r.obj</name>
      </input_file>
      <input_file id="fl-12">
         <path>.\</path>
         <kind>object</kind>
         <file>systick.obj</file>
         <name>systick.obj</name>
      </input_file>
      <input_file id="fl-13">
         <path>.\</path>
         <kind>object</kind>
         <file>uart.obj</file>
         <name>uart.obj</name>
      </input_file>
      <input_file id="fl-18">
         <kind>object</kind>
         <file>&lt;internal&gt;</file>
         <name>&lt;internal&gt;</name>
      </input_file>
      <input_file id="fl-19">
         <path>C:\ti\msp\MSP432Ware_3_50_00_02\driverlib\driverlib\MSP432P4xx\ccs\</path>
         <kind>archive</kind>
         <file>msp432p4xx_driverlib.lib</file>
         <name>cs.o</name>
      </input_file>
      <input_file id="fl-1a">
         <path>C:\ti\msp\MSP432Ware_3_50_00_02\driverlib\driverlib\MSP432P4xx\ccs\</path>
         <kind>archive</kind>
         <file>msp432p4xx_driverlib.lib</file>
         <name>gpio.o</name>
      </input_file>
      <input_file id="fl-1b">
         <path>C:\ti\msp\MSP432Ware_3_50_00_02\driverlib\driverlib\MSP432P4xx\ccs\</path>
         <kind>archive</kind>
         <file>msp432p4xx_driverlib.lib</file>
         <name>interrupt.o</name>
      </input_file>
      <input_file id="fl-1c">
         <path>C:\ti\msp\MSP432Ware_3_50_00_02\driverlib\driverlib\MSP432P4xx\ccs\</path>
         <kind>archive</kind>
         <file>msp432p4xx_driverlib.lib</file>
         <name>spi.o</name>
      </input_file>
      <input_file id="fl-1d">
         <path>C:\ti\msp\MSP432Ware_3_50_00_02\driverlib\driverlib\MSP432P4xx\ccs\</path>
         <kind>archive</kind>
         <file>msp432p4xx_driverlib.lib</file>
         <name>sysctl.o</name>
      </input_file>
      <input_file id="fl-1e">
         <path>C:\ti\msp\MSP432Ware_3_50_00_02\driverlib\driverlib\MSP432P4xx\ccs\</path>
         <kind>archive</kind>
         <file>msp432p4xx_driverlib.lib</file>
         <name>uart.o</name>
      </input_file>
      <input_file id="fl-1f">
         <path>C:\ti\msp\MSP432Ware_3_50_00_02\driverlib\driverlib\MSP432P4xx\ccs\</path>
         <kind>archive</kind>
         <file>msp432p4xx_driverlib.lib</file>
         <name>cpu.o</name>
      </input_file>
      <input_file id="fl-d5">
         <path>C:\ti\ccsv7\tools\compiler\ti-cgt-arm_16.9.4.LTS\lib\</path>
         <kind>archive</kind>
         <file>rtsv7M4_T_le_v4SPD16_eabi.lib</file>
         <name>boot.obj</name>
      </input_file>
      <input_file id="fl-d6">
         <path>C:\ti\ccsv7\tools\compiler\ti-cgt-arm_16.9.4.LTS\lib\</path>
         <kind>archive</kind>
         <file>rtsv7M4_T_le_v4SPD16_eabi.lib</file>
         <name>copy_decompress_lzss.obj</name>
      </input_file>
      <input_file id="fl-d7">
         <path>C:\ti\ccsv7\tools\compiler\ti-cgt-arm_16.9.4.LTS\lib\</path>
         <kind>archive</kind>
         <file>rtsv7M4_T_le_v4SPD16_eabi.lib</file>
         <name>copy_decompress_none.obj</name>
      </input_file>
      <input_file id="fl-d8">
         <path>C:\ti\ccsv7\tools\compiler\ti-cgt-arm_16.9.4.LTS\lib\</path>
         <kind>archive</kind>
         <file>rtsv7M4_T_le_v4SPD16_eabi.lib</file>
         <name>copy_zero_init.obj</name>
      </input_file>
      <input_file id="fl-d9">
         <path>C:\ti\ccsv7\tools\compiler\ti-cgt-arm_16.9.4.LTS\lib\</path>
         <kind>archive</kind>
         <file>rtsv7M4_T_le_v4SPD16_eabi.lib</file>
         <name>exit.obj</name>
      </input_file>
      <input_file id="fl-da">
         <path>C:\ti\ccsv7\tools\compiler\ti-cgt-arm_16.9.4.LTS\lib\</path>
         <kind>archive</kind>
         <file>rtsv7M4_T_le_v4SPD16_eabi.lib</file>
         <name>fd_add_t2.obj</name>
      </input_file>
      <input_file id="fl-db">
         <path>C:\ti\ccsv7\tools\compiler\ti-cgt-arm_16.9.4.LTS\lib\</path>
         <kind>archive</kind>
         <file>rtsv7M4_T_le_v4SPD16_eabi.lib</file>
         <name>fd_cmp_t2.obj</name>
      </input_file>
      <input_file id="fl-dc">
         <path>C:\ti\ccsv7\tools\compiler\ti-cgt-arm_16.9.4.LTS\lib\</path>
         <kind>archive</kind>
         <file>rtsv7M4_T_le_v4SPD16_eabi.lib</file>
         <name>fd_div_t2.obj</name>
      </input_file>
      <input_file id="fl-dd">
         <path>C:\ti\ccsv7\tools\compiler\ti-cgt-arm_16.9.4.LTS\lib\</path>
         <kind>archive</kind>
         <file>rtsv7M4_T_le_v4SPD16_eabi.lib</file>
         <name>fd_mul_t2.obj</name>
      </input_file>
      <input_file id="fl-de">
         <path>C:\ti\ccsv7\tools\compiler\ti-cgt-arm_16.9.4.LTS\lib\</path>
         <kind>archive</kind>
         <file>rtsv7M4_T_le_v4SPD16_eabi.lib</file>
         <name>fd_tos_t2.obj</name>
      </input_file>
      <input_file id="fl-df">
         <path>C:\ti\ccsv7\tools\compiler\ti-cgt-arm_16.9.4.LTS\lib\</path>
         <kind>archive</kind>
         <file>rtsv7M4_T_le_v4SPD16_eabi.lib</file>
         <name>fs_tod_t2.obj</name>
      </input_file>
      <input_file id="fl-e0">
         <path>C:\ti\ccsv7\tools\compiler\ti-cgt-arm_16.9.4.LTS\lib\</path>
         <kind>archive</kind>
         <file>rtsv7M4_T_le_v4SPD16_eabi.lib</file>
         <name>i_tofd_t2.obj</name>
      </input_file>
      <input_file id="fl-e1">
         <path>C:\ti\ccsv7\tools\compiler\ti-cgt-arm_16.9.4.LTS\lib\</path>
         <kind>archive</kind>
         <file>rtsv7M4_T_le_v4SPD16_eabi.lib</file>
         <name>memcpy_t2.obj</name>
      </input_file>
      <input_file id="fl-e2">
         <path>C:\ti\ccsv7\tools\compiler\ti-cgt-arm_16.9.4.LTS\lib\</path>
         <kind>archive</kind>
         <file>rtsv7M4_T_le_v4SPD16_eabi.lib</file>
         <name>memset_t2.obj</name>
      </input_file>
      <input_file id="fl-e3">
         <path>C:\ti\ccsv7\tools\compiler\ti-cgt-arm_16.9.4.LTS\lib\</path>
         <kind>archive</kind>
         <file>rtsv7M4_T_le_v4SPD16_eabi.lib</file>
         <name>mpu_init.obj</name>
      </input_file>
      <input_file id="fl-e4">
         <path>C:\ti\ccsv7\tools\compiler\ti-cgt-arm_16.9.4.LTS\lib\</path>
         <kind>archive</kind>
         <file>rtsv7M4_T_le_v4SPD16_eabi.lib</file>
         <name>pre_init.obj</name>
      </input_file>
      <input_file id="fl-e5">
         <path>C:\ti\ccsv7\tools\compiler\ti-cgt-arm_16.9.4.LTS\lib\</path>
         <kind>archive</kind>
         <file>rtsv7M4_T_le_v4SPD16_eabi.lib</file>
         <name>printf.obj</name>
      </input_file>
      <input_file id="fl-e6">
         <path>C:\ti\ccsv7\tools\compiler\ti-cgt-arm_16.9.4.LTS\lib\</path>
         <kind>archive</kind>
         <file>rtsv7M4_T_le_v4SPD16_eabi.lib</file>
         <name>sprintf.obj</name>
      </input_file>
      <input_file id="fl-e7">
         <path>C:\ti\ccsv7\tools\compiler\ti-cgt-arm_16.9.4.LTS\lib\</path>
         <kind>archive</kind>
         <file>rtsv7M4_T_le_v4SPD16_eabi.lib</file>
         <name>stkdepth_vars.obj</name>
      </input_file>
      <input_file id="fl-e8">
         <path>C:\ti\ccsv7\tools\compiler\ti-cgt-arm_16.9.4.LTS\lib\</path>
         <kind>archive</kind>
         <file>rtsv7M4_T_le_v4SPD16_eabi.lib</file>
         <name>strcpy.obj</name>
      </input_file>
      <input_file id="fl-e9">
         <path>C:\ti\ccsv7\tools\compiler\ti-cgt-arm_16.9.4.LTS\lib\</path>
         <kind>archive</kind>
         <file>rtsv7M4_T_le_v4SPD16_eabi.lib</file>
         <name>strlen.obj</name>
      </input_file>
      <input_file id="fl-ea">
         <path>C:\ti\ccsv7\tools\compiler\ti-cgt-arm_16.9.4.LTS\lib\</path>
         <kind>archive</kind>
         <file>rtsv7M4_T_le_v4SPD16_eabi.lib</file>
         <name>strstr.obj</name>
      </input_file>
      <input_file id="fl-eb">
         <path>C:\ti\ccsv7\tools\compiler\ti-cgt-arm_16.9.4.LTS\lib\</path>
         <kind>archive</kind>
         <file>rtsv7M4_T_le_v4SPD16_eabi.lib</file>
         <name>u_tofd_t2.obj</name>
      </input_file>
      <input_file id="fl-ec">
         <path>C:\ti\ccsv7\tools\compiler\ti-cgt-arm_16.9.4.LTS\lib\</path>
         <kind>archive</kind>
         <file>rtsv7M4_T_le_v4SPD16_eabi.lib</file>
         <name>_lock.obj</name>
      </input_file>
      <input_file id="fl-ed">
         <path>C:\ti\ccsv7\tools\compiler\ti-cgt-arm_16.9.4.LTS\lib\</path>
         <kind>archive</kind>
         <file>rtsv7M4_T_le_v4SPD16_eabi.lib</file>
         <name>_printfi.obj</name>
      </input_file>
      <input_file id="fl-ee">
         <path>C:\ti\ccsv7\tools\compiler\ti-cgt-arm_16.9.4.LTS\lib\</path>
         <kind>archive</kind>
         <file>rtsv7M4_T_le_v4SPD16_eabi.lib</file>
         <name>args_main.obj</name>
      </input_file>
      <input_file id="fl-ef">
         <path>C:\ti\ccsv7\tools\compiler\ti-cgt-arm_16.9.4.LTS\lib\</path>
         <kind>archive</kind>
         <file>rtsv7M4_T_le_v4SPD16_eabi.lib</file>
         <name>atoi.obj</name>
      </input_file>
      <input_file id="fl-f0">
         <path>C:\ti\ccsv7\tools\compiler\ti-cgt-arm_16.9.4.LTS\lib\</path>
         <kind>archive</kind>
         <file>rtsv7M4_T_le_v4SPD16_eabi.lib</file>
         <name>autoinit.obj</name>
      </input_file>
      <input_file id="fl-f1">
         <path>C:\ti\ccsv7\tools\compiler\ti-cgt-arm_16.9.4.LTS\lib\</path>
         <kind>archive</kind>
         <file>rtsv7M4_T_le_v4SPD16_eabi.lib</file>
         <name>cpy_tbl.obj</name>
      </input_file>
      <input_file id="fl-f2">
         <path>C:\ti\ccsv7\tools\compiler\ti-cgt-arm_16.9.4.LTS\lib\</path>
         <kind>archive</kind>
         <file>rtsv7M4_T_le_v4SPD16_eabi.lib</file>
         <name>ctype.obj</name>
      </input_file>
      <input_file id="fl-f3">
         <path>C:\ti\ccsv7\tools\compiler\ti-cgt-arm_16.9.4.LTS\lib\</path>
         <kind>archive</kind>
         <file>rtsv7M4_T_le_v4SPD16_eabi.lib</file>
         <name>defs.obj</name>
      </input_file>
      <input_file id="fl-f4">
         <path>C:\ti\ccsv7\tools\compiler\ti-cgt-arm_16.9.4.LTS\lib\</path>
         <kind>archive</kind>
         <file>rtsv7M4_T_le_v4SPD16_eabi.lib</file>
         <name>fd_toi_t2.obj</name>
      </input_file>
      <input_file id="fl-f5">
         <path>C:\ti\ccsv7\tools\compiler\ti-cgt-arm_16.9.4.LTS\lib\</path>
         <kind>archive</kind>
         <file>rtsv7M4_T_le_v4SPD16_eabi.lib</file>
         <name>ltoa.obj</name>
      </input_file>
      <input_file id="fl-f6">
         <path>C:\ti\ccsv7\tools\compiler\ti-cgt-arm_16.9.4.LTS\lib\</path>
         <kind>archive</kind>
         <file>rtsv7M4_T_le_v4SPD16_eabi.lib</file>
         <name>memccpy.obj</name>
      </input_file>
      <input_file id="fl-f7">
         <path>C:\ti\ccsv7\tools\compiler\ti-cgt-arm_16.9.4.LTS\lib\</path>
         <kind>archive</kind>
         <file>rtsv7M4_T_le_v4SPD16_eabi.lib</file>
         <name>s_frexp.obj</name>
      </input_file>
      <input_file id="fl-f8">
         <path>C:\ti\ccsv7\tools\compiler\ti-cgt-arm_16.9.4.LTS\lib\</path>
         <kind>archive</kind>
         <file>rtsv7M4_T_le_v4SPD16_eabi.lib</file>
         <name>s_scalbn.obj</name>
      </input_file>
      <input_file id="fl-f9">
         <path>C:\ti\ccsv7\tools\compiler\ti-cgt-arm_16.9.4.LTS\lib\</path>
         <kind>archive</kind>
         <file>rtsv7M4_T_le_v4SPD16_eabi.lib</file>
         <name>startup.obj</name>
      </input_file>
      <input_file id="fl-fa">
         <path>C:\ti\ccsv7\tools\compiler\ti-cgt-arm_16.9.4.LTS\lib\</path>
         <kind>archive</kind>
         <file>rtsv7M4_T_le_v4SPD16_eabi.lib</file>
         <name>strchr.obj</name>
      </input_file>
      <input_file id="fl-fb">
         <path>C:\ti\ccsv7\tools\compiler\ti-cgt-arm_16.9.4.LTS\lib\</path>
         <kind>archive</kind>
         <file>rtsv7M4_T_le_v4SPD16_eabi.lib</file>
         <name>ull_div_t2.obj</name>
      </input_file>
      <input_file id="fl-fc">
         <path>C:\ti\ccsv7\tools\compiler\ti-cgt-arm_16.9.4.LTS\lib\</path>
         <kind>archive</kind>
         <file>rtsv7M4_T_le_v4SPD16_eabi.lib</file>
         <name>errno.obj</name>
      </input_file>
      <input_file id="fl-fd">
         <path>C:\ti\ccsv7\tools\compiler\ti-cgt-arm_16.9.4.LTS\lib\</path>
         <kind>archive</kind>
         <file>rtsv7M4_T_le_v4SPD16_eabi.lib</file>
         <name>s_copysign.obj</name>
      </input_file>
   </input_file_list>
   <object_component_list>
      <object_component id="oc-28">
         <name>.intvecs:retain</name>
         <load_address>0x0</load_address>
         <run_address>0x0</run_address>
         <size>0xe4</size>
         <input_file_ref idref="fl-10"/>
      </object_component>
      <object_component id="oc-1d6">
         <name>.text</name>
         <load_address>0xe4</load_address>
         <run_address>0xe4</run_address>
         <size>0x164c</size>
         <input_file_ref idref="fl-9"/>
      </object_component>
      <object_component id="oc-209">
         <name>.text</name>
         <load_address>0x1730</load_address>
         <run_address>0x1730</run_address>
         <size>0x113e</size>
         <input_file_ref idref="fl-ed"/>
      </object_component>
      <object_component id="oc-4f">
         <name>.text</name>
         <load_address>0x286e</load_address>
         <run_address>0x286e</run_address>
         <size>0x2</size>
         <input_file_ref idref="fl-e3"/>
      </object_component>
      <object_component id="oc-18e">
         <name>.text</name>
         <load_address>0x2870</load_address>
         <run_address>0x2870</run_address>
         <size>0xc48</size>
         <input_file_ref idref="fl-2"/>
      </object_component>
      <object_component id="oc-de">
         <name>.text</name>
         <load_address>0x34b8</load_address>
         <run_address>0x34b8</run_address>
         <size>0x9c6</size>
         <input_file_ref idref="fl-8"/>
      </object_component>
      <object_component id="oc-a4">
         <name>.text</name>
         <load_address>0x3e7e</load_address>
         <run_address>0x3e7e</run_address>
         <size>0x2</size>
         <input_file_ref idref="fl-f9"/>
      </object_component>
      <object_component id="oc-d2">
         <name>.text</name>
         <load_address>0x3e80</load_address>
         <run_address>0x3e80</run_address>
         <size>0x670</size>
         <input_file_ref idref="fl-a"/>
      </object_component>
      <object_component id="oc-c6">
         <name>.text</name>
         <load_address>0x44f0</load_address>
         <run_address>0x44f0</run_address>
         <size>0x670</size>
         <input_file_ref idref="fl-f"/>
      </object_component>
      <object_component id="oc-77">
         <name>.text</name>
         <load_address>0x4b60</load_address>
         <run_address>0x4b60</run_address>
         <size>0x66c</size>
         <input_file_ref idref="fl-c"/>
      </object_component>
      <object_component id="oc-1a8">
         <name>.text</name>
         <load_address>0x51cc</load_address>
         <run_address>0x51cc</run_address>
         <size>0x460</size>
         <input_file_ref idref="fl-3"/>
      </object_component>
      <object_component id="oc-b9">
         <name>.text</name>
         <load_address>0x562c</load_address>
         <run_address>0x562c</run_address>
         <size>0x328</size>
         <input_file_ref idref="fl-11"/>
      </object_component>
      <object_component id="oc-7d">
         <name>.text</name>
         <load_address>0x5954</load_address>
         <run_address>0x5954</run_address>
         <size>0x220</size>
         <input_file_ref idref="fl-13"/>
      </object_component>
      <object_component id="oc-1ae">
         <name>.text</name>
         <load_address>0x5b74</load_address>
         <run_address>0x5b74</run_address>
         <size>0x20c</size>
         <input_file_ref idref="fl-7"/>
      </object_component>
      <object_component id="oc-2fd">
         <name>.text</name>
         <load_address>0x5d80</load_address>
         <run_address>0x5d80</run_address>
         <size>0x1f4</size>
         <input_file_ref idref="fl-fb"/>
      </object_component>
      <object_component id="oc-109">
         <name>.text</name>
         <load_address>0x5f74</load_address>
         <run_address>0x5f74</run_address>
         <size>0x1c2</size>
         <input_file_ref idref="fl-5"/>
      </object_component>
      <object_component id="oc-1b4">
         <name>.text</name>
         <load_address>0x6136</load_address>
         <run_address>0x6136</run_address>
         <size>0x1b6</size>
         <input_file_ref idref="fl-da"/>
      </object_component>
      <object_component id="oc-2ad">
         <name>.text</name>
         <load_address>0x62ec</load_address>
         <run_address>0x62ec</run_address>
         <size>0x168</size>
         <input_file_ref idref="fl-d"/>
      </object_component>
      <object_component id="oc-1e1">
         <name>.text</name>
         <load_address>0x6454</load_address>
         <run_address>0x6454</run_address>
         <size>0x136</size>
         <input_file_ref idref="fl-dc"/>
      </object_component>
      <object_component id="oc-104">
         <name>.text</name>
         <load_address>0x658a</load_address>
         <run_address>0x658a</run_address>
         <size>0xfc</size>
         <input_file_ref idref="fl-dd"/>
      </object_component>
      <object_component id="oc-313">
         <name>.text</name>
         <load_address>0x6688</load_address>
         <run_address>0x6688</run_address>
         <size>0xfc</size>
         <input_file_ref idref="fl-f8"/>
      </object_component>
      <object_component id="oc-d8">
         <name>.text</name>
         <load_address>0x6784</load_address>
         <run_address>0x6784</run_address>
         <size>0xd0</size>
         <input_file_ref idref="fl-6"/>
      </object_component>
      <object_component id="oc-c0">
         <name>.text</name>
         <load_address>0x6854</load_address>
         <run_address>0x6854</run_address>
         <size>0xa8</size>
         <input_file_ref idref="fl-b"/>
      </object_component>
      <object_component id="oc-261">
         <name>.text:CS_startHFXTWithTimeout</name>
         <load_address>0x68fc</load_address>
         <run_address>0x68fc</run_address>
         <size>0x9c</size>
         <input_file_ref idref="fl-19"/>
      </object_component>
      <object_component id="oc-37">
         <name>.text</name>
         <load_address>0x6998</load_address>
         <run_address>0x6998</run_address>
         <size>0x9c</size>
         <input_file_ref idref="fl-e1"/>
      </object_component>
      <object_component id="oc-3a3">
         <name>.text:SPI_initMaster</name>
         <load_address>0x6a34</load_address>
         <run_address>0x6a34</run_address>
         <size>0x88</size>
         <input_file_ref idref="fl-1c"/>
      </object_component>
      <object_component id="oc-274">
         <name>.text:__aeabi_cdcmple</name>
         <load_address>0x6abc</load_address>
         <run_address>0x6abc</run_address>
         <size>0x86</size>
         <input_file_ref idref="fl-db"/>
      </object_component>
      <object_component id="oc-26f">
         <name>.text:__aeabi_cdrcmple</name>
         <load_address>0x6b42</load_address>
         <run_address>0x6b42</run_address>
         <size>0x86</size>
         <input_file_ref idref="fl-db"/>
      </object_component>
      <object_component id="oc-43">
         <name>.text</name>
         <load_address>0x6bc8</load_address>
         <run_address>0x6bc8</run_address>
         <size>0x7a</size>
         <input_file_ref idref="fl-e2"/>
      </object_component>
      <object_component id="oc-367">
         <name>.text:_CSGetHFXTFrequency</name>
         <load_address>0x6c44</load_address>
         <run_address>0x6c44</run_address>
         <size>0x70</size>
         <input_file_ref idref="fl-19"/>
      </object_component>
      <object_component id="oc-5b">
         <name>.text</name>
         <load_address>0x6cb4</load_address>
         <run_address>0x6cb4</run_address>
         <size>0x70</size>
         <input_file_ref idref="fl-f0"/>
      </object_component>
      <object_component id="oc-e4">
         <name>.text</name>
         <load_address>0x6d24</load_address>
         <run_address>0x6d24</run_address>
         <size>0x70</size>
         <input_file_ref idref="fl-e5"/>
      </object_component>
      <object_component id="oc-1b9">
         <name>.text</name>
         <load_address>0x6d94</load_address>
         <run_address>0x6d94</run_address>
         <size>0x6e</size>
         <input_file_ref idref="fl-de"/>
      </object_component>
      <object_component id="oc-10">
         <name>.text:decompress:lzss</name>
         <load_address>0x6e02</load_address>
         <run_address>0x6e02</run_address>
         <size>0x68</size>
         <input_file_ref idref="fl-d6"/>
      </object_component>
      <object_component id="oc-1d0">
         <name>.text</name>
         <load_address>0x6e6c</load_address>
         <run_address>0x6e6c</run_address>
         <size>0x64</size>
         <input_file_ref idref="fl-4"/>
      </object_component>
      <object_component id="oc-129">
         <name>.text:Interrupt_enableInterrupt</name>
         <load_address>0x6ed0</load_address>
         <run_address>0x6ed0</run_address>
         <size>0x64</size>
         <input_file_ref idref="fl-1b"/>
      </object_component>
      <object_component id="oc-203">
         <name>.text</name>
         <load_address>0x6f34</load_address>
         <run_address>0x6f34</run_address>
         <size>0x64</size>
         <input_file_ref idref="fl-e"/>
      </object_component>
      <object_component id="oc-30d">
         <name>.text</name>
         <load_address>0x6f98</load_address>
         <run_address>0x6f98</run_address>
         <size>0x64</size>
         <input_file_ref idref="fl-f7"/>
      </object_component>
      <object_component id="oc-188">
         <name>.text</name>
         <load_address>0x6ffc</load_address>
         <run_address>0x6ffc</run_address>
         <size>0x60</size>
         <input_file_ref idref="fl-e6"/>
      </object_component>
      <object_component id="oc-cc">
         <name>.text</name>
         <load_address>0x705c</load_address>
         <run_address>0x705c</run_address>
         <size>0x5c</size>
         <input_file_ref idref="fl-12"/>
      </object_component>
      <object_component id="oc-22">
         <name>.text</name>
         <load_address>0x70b8</load_address>
         <run_address>0x70b8</run_address>
         <size>0x54</size>
         <input_file_ref idref="fl-d5"/>
      </object_component>
      <object_component id="oc-67">
         <name>.text</name>
         <load_address>0x710c</load_address>
         <run_address>0x710c</run_address>
         <size>0x54</size>
         <input_file_ref idref="fl-d9"/>
      </object_component>
      <object_component id="oc-307">
         <name>.text</name>
         <load_address>0x7160</load_address>
         <run_address>0x7160</run_address>
         <size>0x54</size>
         <input_file_ref idref="fl-f5"/>
      </object_component>
      <object_component id="oc-31f">
         <name>.text</name>
         <load_address>0x71b4</load_address>
         <run_address>0x71b4</run_address>
         <size>0x4c</size>
         <input_file_ref idref="fl-ef"/>
      </object_component>
      <object_component id="oc-9e">
         <name>.text</name>
         <load_address>0x7200</load_address>
         <run_address>0x7200</run_address>
         <size>0x4c</size>
         <input_file_ref idref="fl-f1"/>
      </object_component>
      <object_component id="oc-397">
         <name>.text:GPIO_setAsPeripheralModuleFunctionInputPin</name>
         <load_address>0x724c</load_address>
         <run_address>0x724c</run_address>
         <size>0x48</size>
         <input_file_ref idref="fl-1a"/>
      </object_component>
      <object_component id="oc-302">
         <name>.text</name>
         <load_address>0x7294</load_address>
         <run_address>0x7294</run_address>
         <size>0x48</size>
         <input_file_ref idref="fl-f4"/>
      </object_component>
      <object_component id="oc-183">
         <name>.text</name>
         <load_address>0x72dc</load_address>
         <run_address>0x72dc</run_address>
         <size>0x38</size>
         <input_file_ref idref="fl-df"/>
      </object_component>
      <object_component id="oc-17d">
         <name>.text</name>
         <load_address>0x7314</load_address>
         <run_address>0x7314</run_address>
         <size>0x34</size>
         <input_file_ref idref="fl-ea"/>
      </object_component>
      <object_component id="oc-19c">
         <name>.text:GPIO_setAsInputPinWithPullUpResistor</name>
         <load_address>0x7348</load_address>
         <run_address>0x7348</run_address>
         <size>0x30</size>
         <input_file_ref idref="fl-1a"/>
      </object_component>
      <object_component id="oc-3ec">
         <name>.text:is_A_Module</name>
         <load_address>0x7378</load_address>
         <run_address>0x7378</run_address>
         <size>0x30</size>
         <input_file_ref idref="fl-1c"/>
      </object_component>
      <object_component id="oc-1dc">
         <name>.text</name>
         <load_address>0x73a8</load_address>
         <run_address>0x73a8</run_address>
         <size>0x2e</size>
         <input_file_ref idref="fl-e0"/>
      </object_component>
      <object_component id="oc-39d">
         <name>.text:GPIO_setAsOutputPin</name>
         <load_address>0x73d8</load_address>
         <run_address>0x73d8</run_address>
         <size>0x24</size>
         <input_file_ref idref="fl-1a"/>
      </object_component>
      <object_component id="oc-115">
         <name>.text:uartA0_tx</name>
         <load_address>0x73fc</load_address>
         <run_address>0x73fc</run_address>
         <size>0x24</size>
         <input_file_ref idref="fl-13"/>
      </object_component>
      <object_component id="oc-11c">
         <name>.text:uartA2_tx</name>
         <load_address>0x7420</load_address>
         <run_address>0x7420</run_address>
         <size>0x24</size>
         <input_file_ref idref="fl-13"/>
      </object_component>
      <object_component id="oc-1a2">
         <name>.text:GPIO_interruptEdgeSelect</name>
         <load_address>0x7444</load_address>
         <run_address>0x7444</run_address>
         <size>0x20</size>
         <input_file_ref idref="fl-1a"/>
      </object_component>
      <object_component id="oc-ff">
         <name>.text</name>
         <load_address>0x7464</load_address>
         <run_address>0x7464</run_address>
         <size>0x20</size>
         <input_file_ref idref="fl-eb"/>
      </object_component>
      <object_component id="oc-325">
         <name>.text</name>
         <load_address>0x7484</load_address>
         <run_address>0x7484</run_address>
         <size>0x1c</size>
         <input_file_ref idref="fl-f6"/>
      </object_component>
      <object_component id="oc-3a9">
         <name>.text:SPI_enableModule</name>
         <load_address>0x74a0</load_address>
         <run_address>0x74a0</run_address>
         <size>0x1a</size>
         <input_file_ref idref="fl-1c"/>
      </object_component>
      <object_component id="oc-2a7">
         <name>.text:GPIO_setOutputLowOnPin</name>
         <load_address>0x74bc</load_address>
         <run_address>0x74bc</run_address>
         <size>0x18</size>
         <input_file_ref idref="fl-1a"/>
      </object_component>
      <object_component id="oc-61">
         <name>.text</name>
         <load_address>0x74d4</load_address>
         <run_address>0x74d4</run_address>
         <size>0x18</size>
         <input_file_ref idref="fl-ee"/>
      </object_component>
      <object_component id="oc-123">
         <name>.text:UART_enableInterrupt</name>
         <load_address>0x74ec</load_address>
         <run_address>0x74ec</run_address>
         <size>0x16</size>
         <input_file_ref idref="fl-1e"/>
      </object_component>
      <object_component id="oc-319">
         <name>.text</name>
         <load_address>0x7502</load_address>
         <run_address>0x7502</run_address>
         <size>0x16</size>
         <input_file_ref idref="fl-fa"/>
      </object_component>
      <object_component id="oc-16a">
         <name>.text:CS_setExternalClockSourceFrequency</name>
         <load_address>0x7518</load_address>
         <run_address>0x7518</run_address>
         <size>0x14</size>
         <input_file_ref idref="fl-19"/>
      </object_component>
      <object_component id="oc-2b3">
         <name>.text:GPIO_setOutputHighOnPin</name>
         <load_address>0x752c</load_address>
         <run_address>0x752c</run_address>
         <size>0x14</size>
         <input_file_ref idref="fl-1a"/>
      </object_component>
      <object_component id="oc-15a">
         <name>.text</name>
         <load_address>0x7540</load_address>
         <run_address>0x7540</run_address>
         <size>0x14</size>
         <input_file_ref idref="fl-ec"/>
      </object_component>
      <object_component id="oc-3c8">
         <name>.text</name>
         <load_address>0x7554</load_address>
         <run_address>0x7554</run_address>
         <size>0x14</size>
         <input_file_ref idref="fl-fd"/>
      </object_component>
      <object_component id="oc-177">
         <name>.text</name>
         <load_address>0x7568</load_address>
         <run_address>0x7568</run_address>
         <size>0x14</size>
         <input_file_ref idref="fl-e8"/>
      </object_component>
      <object_component id="oc-2f5">
         <name>.text</name>
         <load_address>0x757c</load_address>
         <run_address>0x757c</run_address>
         <size>0x14</size>
         <input_file_ref idref="fl-e9"/>
      </object_component>
      <object_component id="oc-361">
         <name>.text:SysCtl_disableNMISource</name>
         <load_address>0x7590</load_address>
         <run_address>0x7590</run_address>
         <size>0x10</size>
         <input_file_ref idref="fl-1d"/>
      </object_component>
      <object_component id="oc-36d">
         <name>.text:SysCtl_enableNMISource</name>
         <load_address>0x75a0</load_address>
         <run_address>0x75a0</run_address>
         <size>0x10</size>
         <input_file_ref idref="fl-1d"/>
      </object_component>
      <object_component id="oc-16">
         <name>.text:decompress:none</name>
         <load_address>0x75b0</load_address>
         <run_address>0x75b0</run_address>
         <size>0xe</size>
         <input_file_ref idref="fl-d7"/>
      </object_component>
      <object_component id="oc-71">
         <name>.text</name>
         <load_address>0x75be</load_address>
         <run_address>0x75be</run_address>
         <size>0xe</size>
         <input_file_ref idref="fl-10"/>
      </object_component>
      <object_component id="oc-3fa">
         <name>.text:EUSCI_A_SPI_enable</name>
         <load_address>0x75cc</load_address>
         <run_address>0x75cc</run_address>
         <size>0xc</size>
         <input_file_ref idref="fl-1c"/>
      </object_component>
      <object_component id="oc-3f4">
         <name>.text:EUSCI_B_SPI_enable</name>
         <load_address>0x75d8</load_address>
         <run_address>0x75d8</run_address>
         <size>0xc</size>
         <input_file_ref idref="fl-1c"/>
      </object_component>
      <object_component id="oc-35b">
         <name>.text:SysCtl_getNMISourceStatus</name>
         <load_address>0x75e4</load_address>
         <run_address>0x75e4</run_address>
         <size>0xc</size>
         <input_file_ref idref="fl-1d"/>
      </object_component>
      <object_component id="oc-1c">
         <name>.text:decompress:ZI</name>
         <load_address>0x75f0</load_address>
         <run_address>0x75f0</run_address>
         <size>0xc</size>
         <input_file_ref idref="fl-d8"/>
      </object_component>
      <object_component id="oc-170">
         <name>.text:CS_startHFXT</name>
         <load_address>0x75fc</load_address>
         <run_address>0x75fc</run_address>
         <size>0x6</size>
         <input_file_ref idref="fl-19"/>
      </object_component>
      <object_component id="oc-55">
         <name>.text</name>
         <load_address>0x7602</load_address>
         <run_address>0x7602</run_address>
         <size>0x4</size>
         <input_file_ref idref="fl-e4"/>
      </object_component>
      <object_component id="oc-3d5">
         <name>.const:.string:_ctypes_</name>
         <load_address>0x7608</load_address>
         <run_address>0x7608</run_address>
         <size>0x101</size>
         <input_file_ref idref="fl-f2"/>
      </object_component>
      <object_component id="oc-1fe">
         <name>.const:.string:uch_spo2_table</name>
         <load_address>0x7709</load_address>
         <run_address>0x7709</run_address>
         <size>0xb8</size>
         <input_file_ref idref="fl-8"/>
      </object_component>
      <object_component id="oc-279">
         <name>.const</name>
         <load_address>0x77c1</load_address>
         <run_address>0x77c1</run_address>
         <size>0x1</size>
         <input_file_ref idref="fl-2"/>
      </object_component>
      <object_component id="oc-23d">
         <name>.const</name>
         <load_address>0x77c4</load_address>
         <run_address>0x77c4</run_address>
         <size>0x40</size>
         <input_file_ref idref="fl-1b"/>
      </object_component>
      <object_component id="oc-1f8">
         <name>.const:auw_hamm</name>
         <load_address>0x7804</load_address>
         <run_address>0x7804</run_address>
         <size>0x3e</size>
         <input_file_ref idref="fl-8"/>
      </object_component>
      <object_component id="oc-27c">
         <name>.const:$P$T0$1</name>
         <load_address>0x7848</load_address>
         <run_address>0x7848</run_address>
         <size>0x38</size>
         <input_file_ref idref="fl-2"/>
      </object_component>
      <object_component id="oc-27f">
         <name>.const:$P$T1$2</name>
         <load_address>0x7880</load_address>
         <run_address>0x7880</run_address>
         <size>0x38</size>
         <input_file_ref idref="fl-2"/>
      </object_component>
      <object_component id="oc-282">
         <name>.const:$P$T2$3</name>
         <load_address>0x78b8</load_address>
         <run_address>0x78b8</run_address>
         <size>0x38</size>
         <input_file_ref idref="fl-2"/>
      </object_component>
      <object_component id="oc-285">
         <name>.const:$P$T3$4</name>
         <load_address>0x78f0</load_address>
         <run_address>0x78f0</run_address>
         <size>0x38</size>
         <input_file_ref idref="fl-2"/>
      </object_component>
      <object_component id="oc-288">
         <name>.const:$P$T4$5</name>
         <load_address>0x7928</load_address>
         <run_address>0x7928</run_address>
         <size>0x38</size>
         <input_file_ref idref="fl-2"/>
      </object_component>
      <object_component id="oc-28b">
         <name>.const:$P$T5$6</name>
         <load_address>0x7960</load_address>
         <run_address>0x7960</run_address>
         <size>0x38</size>
         <input_file_ref idref="fl-2"/>
      </object_component>
      <object_component id="oc-28e">
         <name>.const:$P$T6$7</name>
         <load_address>0x7998</load_address>
         <run_address>0x7998</run_address>
         <size>0x38</size>
         <input_file_ref idref="fl-2"/>
      </object_component>
      <object_component id="oc-291">
         <name>.const:$P$T7$8</name>
         <load_address>0x79d0</load_address>
         <run_address>0x79d0</run_address>
         <size>0x38</size>
         <input_file_ref idref="fl-2"/>
      </object_component>
      <object_component id="oc-194">
         <name>.const:$P$T0$1</name>
         <load_address>0x7a08</load_address>
         <run_address>0x7a08</run_address>
         <size>0x24</size>
         <input_file_ref idref="fl-f"/>
      </object_component>
      <object_component id="oc-197">
         <name>.const:$P$T1$2</name>
         <load_address>0x7a2c</load_address>
         <run_address>0x7a2c</run_address>
         <size>0x24</size>
         <input_file_ref idref="fl-f"/>
      </object_component>
      <object_component id="oc-3af">
         <name>.const:$P$T0$1</name>
         <load_address>0x7a50</load_address>
         <run_address>0x7a50</run_address>
         <size>0x1c</size>
         <input_file_ref idref="fl-d"/>
      </object_component>
      <object_component id="oc-44e">
         <name>.cinit..data.load</name>
         <load_address>0x7a70</load_address>
         <run_address>0x7a70</run_address>
         <size>0x7d</size>
      </object_component>
      <object_component id="oc-44c">
         <name>__TI_handler_table</name>
         <load_address>0x7af0</load_address>
         <run_address>0x7af0</run_address>
         <size>0xc</size>
      </object_component>
      <object_component id="oc-44f">
         <name>.cinit..bss.load</name>
         <load_address>0x7b00</load_address>
         <run_address>0x7b00</run_address>
         <size>0x8</size>
      </object_component>
      <object_component id="oc-44d">
         <name>__TI_cinit_table</name>
         <load_address>0x7b08</load_address>
         <run_address>0x7b08</run_address>
         <size>0x10</size>
      </object_component>
      <object_component id="oc-f0">
         <name>.data:g_sensor_data</name>
         <load_address>0x200071d8</load_address>
         <run_address>0x200071d8</run_address>
         <size>0x1c</size>
         <input_file_ref idref="fl-c"/>
      </object_component>
      <object_component id="oc-ed">
         <name>.data</name>
         <load_address>0x20007170</load_address>
         <run_address>0x20007170</run_address>
         <size>0x35</size>
         <input_file_ref idref="fl-c"/>
      </object_component>
      <object_component id="oc-f3">
         <name>.data:g_rr_buff</name>
         <load_address>0x20003840</load_address>
         <run_address>0x20003840</run_address>
         <size>0x12c0</size>
         <input_file_ref idref="fl-c"/>
      </object_component>
      <object_component id="oc-f6">
         <name>.data:g_hr_buff</name>
         <load_address>0x20000000</load_address>
         <run_address>0x20000000</run_address>
         <size>0x12c0</size>
         <input_file_ref idref="fl-c"/>
      </object_component>
      <object_component id="oc-1be">
         <name>.data:g_rr_temp_buff</name>
         <load_address>0x20005dc0</load_address>
         <run_address>0x20005dc0</run_address>
         <size>0x12c0</size>
         <input_file_ref idref="fl-f"/>
      </object_component>
      <object_component id="oc-1c1">
         <name>.data:g_rr_filter_values</name>
         <load_address>0x20004b00</load_address>
         <run_address>0x20004b00</run_address>
         <size>0x12c0</size>
         <input_file_ref idref="fl-f"/>
      </object_component>
      <object_component id="oc-1c4">
         <name>.data:g_hr_temp_buff</name>
         <load_address>0x20002580</load_address>
         <run_address>0x20002580</run_address>
         <size>0x12c0</size>
         <input_file_ref idref="fl-f"/>
      </object_component>
      <object_component id="oc-1c7">
         <name>.data:g_hr_filter_values</name>
         <load_address>0x200012c0</load_address>
         <run_address>0x200012c0</run_address>
         <size>0x12c0</size>
         <input_file_ref idref="fl-f"/>
      </object_component>
      <object_component id="oc-1ca">
         <name>.data:bme280_data</name>
         <load_address>0x200071f4</load_address>
         <run_address>0x200071f4</run_address>
         <size>0x10</size>
         <input_file_ref idref="fl-f"/>
      </object_component>
      <object_component id="oc-19a">
         <name>.data</name>
         <load_address>0x20007220</load_address>
         <run_address>0x20007220</run_address>
         <size>0x4</size>
         <input_file_ref idref="fl-f"/>
      </object_component>
      <object_component id="oc-166">
         <name>.data</name>
         <load_address>0x20007224</load_address>
         <run_address>0x20007224</run_address>
         <size>0x4</size>
         <input_file_ref idref="fl-11"/>
      </object_component>
      <object_component id="oc-135">
         <name>.data</name>
         <load_address>0x20007228</load_address>
         <run_address>0x20007228</run_address>
         <size>0x4</size>
         <input_file_ref idref="fl-13"/>
      </object_component>
      <object_component id="oc-29a">
         <name>.data:GPIO_PORT_TO_BASE</name>
         <load_address>0x200071a8</load_address>
         <run_address>0x200071a8</run_address>
         <size>0x30</size>
         <input_file_ref idref="fl-1a"/>
      </object_component>
      <object_component id="oc-ae">
         <name>.data:$O1$$</name>
         <load_address>0x20007204</load_address>
         <run_address>0x20007204</run_address>
         <size>0xc</size>
         <input_file_ref idref="fl-d9"/>
      </object_component>
      <object_component id="oc-6d">
         <name>.data</name>
         <load_address>0x2000721c</load_address>
         <run_address>0x2000721c</run_address>
         <size>0x4</size>
         <input_file_ref idref="fl-e7"/>
      </object_component>
      <object_component id="oc-b1">
         <name>.data:$O1$$</name>
         <load_address>0x20007210</load_address>
         <run_address>0x20007210</run_address>
         <size>0x8</size>
         <input_file_ref idref="fl-ec"/>
      </object_component>
      <object_component id="oc-20f">
         <name>.data:_ftable</name>
         <load_address>0x20007080</load_address>
         <run_address>0x20007080</run_address>
         <size>0xf0</size>
         <input_file_ref idref="fl-f3"/>
      </object_component>
      <object_component id="oc-3ce">
         <name>.data</name>
         <load_address>0x20007218</load_address>
         <run_address>0x20007218</run_address>
         <size>0x4</size>
         <input_file_ref idref="fl-fc"/>
      </object_component>
      <object_component id="oc-1f5">
         <name>.bss:an_dx</name>
         <uninitialized>true</uninitialized>
         <run_address>0x2000916c</run_address>
         <size>0x7c0</size>
         <input_file_ref idref="fl-8"/>
      </object_component>
      <object_component id="oc-1f2">
         <name>.bss:an_x</name>
         <uninitialized>true</uninitialized>
         <run_address>0x2000722c</run_address>
         <size>0x7d0</size>
         <input_file_ref idref="fl-8"/>
      </object_component>
      <object_component id="oc-1fb">
         <name>.bss:an_y</name>
         <uninitialized>true</uninitialized>
         <run_address>0x200079fc</run_address>
         <size>0x7d0</size>
         <input_file_ref idref="fl-8"/>
      </object_component>
      <object_component id="oc-19b">
         <name>.bss:ble_buff$3</name>
         <uninitialized>true</uninitialized>
         <run_address>0x20009a2c</run_address>
         <size>0xc8</size>
         <input_file_ref idref="fl-f"/>
      </object_component>
      <object_component id="oc-1ea">
         <name>.common:regData</name>
         <uninitialized>true</uninitialized>
         <run_address>0x20009b30</run_address>
         <size>0x10</size>
      </object_component>
      <object_component id="oc-1e6">
         <name>.common:bme280</name>
         <uninitialized>true</uninitialized>
         <run_address>0x20009af4</run_address>
         <size>0x3c</size>
      </object_component>
      <object_component id="oc-1e9">
         <name>.common:p_bme280</name>
         <uninitialized>true</uninitialized>
         <run_address>0x20009b50</run_address>
         <size>0x4</size>
      </object_component>
      <object_component id="oc-ea">
         <name>.common:g_rx_buff</name>
         <uninitialized>true</uninitialized>
         <run_address>0x2000992c</run_address>
         <size>0x100</size>
      </object_component>
      <object_component id="oc-fc">
         <name>.common:g_aun_ir_buffer</name>
         <uninitialized>true</uninitialized>
         <run_address>0x200081cc</run_address>
         <size>0x7d0</size>
      </object_component>
      <object_component id="oc-fd">
         <name>.common:g_aun_red_buffer</name>
         <uninitialized>true</uninitialized>
         <run_address>0x2000899c</run_address>
         <size>0x7d0</size>
      </object_component>
      <object_component id="oc-fe">
         <name>.common:n_sp02</name>
         <uninitialized>true</uninitialized>
         <run_address>0x20009b4c</run_address>
         <size>0x4</size>
      </object_component>
      <object_component id="oc-f9">
         <name>.common:ch_spo2_valid</name>
         <uninitialized>true</uninitialized>
         <run_address>0x20009b61</run_address>
         <size>0x1</size>
      </object_component>
      <object_component id="oc-fa">
         <name>.common:n_heart_rate</name>
         <uninitialized>true</uninitialized>
         <run_address>0x20009b48</run_address>
         <size>0x4</size>
      </object_component>
      <object_component id="oc-fb">
         <name>.common:ch_hr_valid</name>
         <uninitialized>true</uninitialized>
         <run_address>0x20009b60</run_address>
         <size>0x1</size>
      </object_component>
      <object_component id="oc-12f">
         <name>.common:uartA0_rx_buff</name>
         <uninitialized>true</uninitialized>
         <run_address>0x20009b54</run_address>
         <size>0x4</size>
      </object_component>
      <object_component id="oc-133">
         <name>.common:uartA2_rx_buff</name>
         <uninitialized>true</uninitialized>
         <run_address>0x20009b58</run_address>
         <size>0x4</size>
      </object_component>
      <object_component id="oc-132">
         <name>.common:uartA0_rx_buff_len</name>
         <uninitialized>true</uninitialized>
         <run_address>0x20009b5c</run_address>
         <size>0x2</size>
      </object_component>
      <object_component id="oc-134">
         <name>.common:uartA2_rx_buff_len</name>
         <uninitialized>true</uninitialized>
         <run_address>0x20009b5e</run_address>
         <size>0x2</size>
      </object_component>
      <object_component id="oc-25f">
         <name>.common:hfxtFreq</name>
         <uninitialized>true</uninitialized>
         <run_address>0x20009b40</run_address>
         <size>0x4</size>
      </object_component>
      <object_component id="oc-25c">
         <name>.common:lfxtFreq</name>
         <uninitialized>true</uninitialized>
         <run_address>0x20009b44</run_address>
         <size>0x4</size>
      </object_component>
      <object_component id="oc-2b">
         <name>.stack</name>
         <uninitialized>true</uninitialized>
         <run_address>0x2000fe00</run_address>
         <size>0x0</size>
         <input_file_ref idref="fl-d5"/>
      </object_component>
      <object_component id="oc-450">
         <name>.stack</name>
         <uninitialized>true</uninitialized>
         <run_address>0x2000fe00</run_address>
         <size>0x0</size>
      </object_component>
      <object_component id="oc-295">
         <name>.debug_info</name>
         <load_address>0x0</load_address>
         <run_address>0x0</run_address>
         <size>0x2a0</size>
         <input_file_ref idref="fl-2"/>
      </object_component>
      <object_component id="oc-27a">
         <name>.debug_info</name>
         <load_address>0x2a0</load_address>
         <run_address>0x2a0</run_address>
         <size>0xe9</size>
         <input_file_ref idref="fl-2"/>
      </object_component>
      <object_component id="oc-27d">
         <name>.debug_info</name>
         <load_address>0x389</load_address>
         <run_address>0x389</run_address>
         <size>0xe6</size>
         <input_file_ref idref="fl-2"/>
      </object_component>
      <object_component id="oc-280">
         <name>.debug_info</name>
         <load_address>0x46f</load_address>
         <run_address>0x46f</run_address>
         <size>0xe6</size>
         <input_file_ref idref="fl-2"/>
      </object_component>
      <object_component id="oc-283">
         <name>.debug_info</name>
         <load_address>0x555</load_address>
         <run_address>0x555</run_address>
         <size>0xe6</size>
         <input_file_ref idref="fl-2"/>
      </object_component>
      <object_component id="oc-286">
         <name>.debug_info</name>
         <load_address>0x63b</load_address>
         <run_address>0x63b</run_address>
         <size>0xe6</size>
         <input_file_ref idref="fl-2"/>
      </object_component>
      <object_component id="oc-289">
         <name>.debug_info</name>
         <load_address>0x721</load_address>
         <run_address>0x721</run_address>
         <size>0xe6</size>
         <input_file_ref idref="fl-2"/>
      </object_component>
      <object_component id="oc-28c">
         <name>.debug_info</name>
         <load_address>0x807</load_address>
         <run_address>0x807</run_address>
         <size>0xe6</size>
         <input_file_ref idref="fl-2"/>
      </object_component>
      <object_component id="oc-28f">
         <name>.debug_info</name>
         <load_address>0x8ed</load_address>
         <run_address>0x8ed</run_address>
         <size>0xe6</size>
         <input_file_ref idref="fl-2"/>
      </object_component>
      <object_component id="oc-292">
         <name>.debug_info</name>
         <load_address>0x9d3</load_address>
         <run_address>0x9d3</run_address>
         <size>0xe6</size>
         <input_file_ref idref="fl-2"/>
      </object_component>
      <object_component id="oc-18f">
         <name>.debug_info</name>
         <load_address>0xab9</load_address>
         <run_address>0xab9</run_address>
         <size>0x1170</size>
         <input_file_ref idref="fl-2"/>
      </object_component>
      <object_component id="oc-22c">
         <name>.debug_info</name>
         <load_address>0x1c29</load_address>
         <run_address>0x1c29</run_address>
         <size>0x71</size>
         <input_file_ref idref="fl-2"/>
      </object_component>
      <object_component id="oc-2d3">
         <name>.debug_info</name>
         <load_address>0x1c9a</load_address>
         <run_address>0x1c9a</run_address>
         <size>0xc8</size>
         <input_file_ref idref="fl-2"/>
      </object_component>
      <object_component id="oc-32">
         <name>.debug_info</name>
         <load_address>0x1d62</load_address>
         <run_address>0x1d62</run_address>
         <size>0x84</size>
         <input_file_ref idref="fl-2"/>
      </object_component>
      <object_component id="oc-110">
         <name>.debug_info</name>
         <load_address>0x1de6</load_address>
         <run_address>0x1de6</run_address>
         <size>0x18b</size>
         <input_file_ref idref="fl-2"/>
      </object_component>
      <object_component id="oc-214">
         <name>.debug_info</name>
         <load_address>0x1f71</load_address>
         <run_address>0x1f71</run_address>
         <size>0x4e</size>
         <input_file_ref idref="fl-2"/>
      </object_component>
      <object_component id="oc-2a6">
         <name>.debug_info</name>
         <load_address>0x1fbf</load_address>
         <run_address>0x1fbf</run_address>
         <size>0x56c</size>
         <input_file_ref idref="fl-3"/>
      </object_component>
      <object_component id="oc-1a9">
         <name>.debug_info</name>
         <load_address>0x252b</load_address>
         <run_address>0x252b</run_address>
         <size>0x500</size>
         <input_file_ref idref="fl-3"/>
      </object_component>
      <object_component id="oc-225">
         <name>.debug_info</name>
         <load_address>0x2a2b</load_address>
         <run_address>0x2a2b</run_address>
         <size>0x1055</size>
         <input_file_ref idref="fl-3"/>
      </object_component>
      <object_component id="oc-220">
         <name>.debug_info</name>
         <load_address>0x3a80</load_address>
         <run_address>0x3a80</run_address>
         <size>0x37cd</size>
         <input_file_ref idref="fl-3"/>
      </object_component>
      <object_component id="oc-2a1">
         <name>.debug_info</name>
         <load_address>0x724d</load_address>
         <run_address>0x724d</run_address>
         <size>0x87</size>
         <input_file_ref idref="fl-3"/>
      </object_component>
      <object_component id="oc-1d1">
         <name>.debug_info</name>
         <load_address>0x72d4</load_address>
         <run_address>0x72d4</run_address>
         <size>0x10a</size>
         <input_file_ref idref="fl-4"/>
      </object_component>
      <object_component id="oc-1ec">
         <name>.debug_info</name>
         <load_address>0x73de</load_address>
         <run_address>0x73de</run_address>
         <size>0x87</size>
         <input_file_ref idref="fl-4"/>
      </object_component>
      <object_component id="oc-23a">
         <name>.debug_info</name>
         <load_address>0x7465</load_address>
         <run_address>0x7465</run_address>
         <size>0x5d2</size>
         <input_file_ref idref="fl-5"/>
      </object_component>
      <object_component id="oc-10a">
         <name>.debug_info</name>
         <load_address>0x7a37</load_address>
         <run_address>0x7a37</run_address>
         <size>0x66b</size>
         <input_file_ref idref="fl-5"/>
      </object_component>
      <object_component id="oc-356">
         <name>.debug_info</name>
         <load_address>0x80a2</load_address>
         <run_address>0x80a2</run_address>
         <size>0x1b5</size>
         <input_file_ref idref="fl-5"/>
      </object_component>
      <object_component id="oc-139">
         <name>.debug_info</name>
         <load_address>0x8257</load_address>
         <run_address>0x8257</run_address>
         <size>0x8b</size>
         <input_file_ref idref="fl-5"/>
      </object_component>
      <object_component id="oc-40a">
         <name>.debug_info</name>
         <load_address>0x82e2</load_address>
         <run_address>0x82e2</run_address>
         <size>0x131</size>
         <input_file_ref idref="fl-5"/>
      </object_component>
      <object_component id="oc-244">
         <name>.debug_info</name>
         <load_address>0x8413</load_address>
         <run_address>0x8413</run_address>
         <size>0xee</size>
         <input_file_ref idref="fl-5"/>
      </object_component>
      <object_component id="oc-db">
         <name>.debug_info</name>
         <load_address>0x8501</load_address>
         <run_address>0x8501</run_address>
         <size>0x1b8</size>
         <input_file_ref idref="fl-6"/>
      </object_component>
      <object_component id="oc-95">
         <name>.debug_info</name>
         <load_address>0x86b9</load_address>
         <run_address>0x86b9</run_address>
         <size>0x2c</size>
         <input_file_ref idref="fl-6"/>
      </object_component>
      <object_component id="oc-2ba">
         <name>.debug_info</name>
         <load_address>0x86e5</load_address>
         <run_address>0x86e5</run_address>
         <size>0x5f9</size>
         <input_file_ref idref="fl-7"/>
      </object_component>
      <object_component id="oc-1af">
         <name>.debug_info</name>
         <load_address>0x8cde</load_address>
         <run_address>0x8cde</run_address>
         <size>0x7d0</size>
         <input_file_ref idref="fl-7"/>
      </object_component>
      <object_component id="oc-2bb">
         <name>.debug_info</name>
         <load_address>0x94ae</load_address>
         <run_address>0x94ae</run_address>
         <size>0x101</size>
         <input_file_ref idref="fl-7"/>
      </object_component>
      <object_component id="oc-202">
         <name>.debug_info</name>
         <load_address>0x95af</load_address>
         <run_address>0x95af</run_address>
         <size>0x5a7</size>
         <input_file_ref idref="fl-8"/>
      </object_component>
      <object_component id="oc-1f9">
         <name>.debug_info</name>
         <load_address>0x9b56</load_address>
         <run_address>0x9b56</run_address>
         <size>0xe3</size>
         <input_file_ref idref="fl-8"/>
      </object_component>
      <object_component id="oc-1ff">
         <name>.debug_info</name>
         <load_address>0x9c39</load_address>
         <run_address>0x9c39</run_address>
         <size>0xef</size>
         <input_file_ref idref="fl-8"/>
      </object_component>
      <object_component id="oc-1f6">
         <name>.debug_info</name>
         <load_address>0x9d28</load_address>
         <run_address>0x9d28</run_address>
         <size>0xdc</size>
         <input_file_ref idref="fl-8"/>
      </object_component>
      <object_component id="oc-1f3">
         <name>.debug_info</name>
         <load_address>0x9e04</load_address>
         <run_address>0x9e04</run_address>
         <size>0xda</size>
         <input_file_ref idref="fl-8"/>
      </object_component>
      <object_component id="oc-1fc">
         <name>.debug_info</name>
         <load_address>0x9ede</load_address>
         <run_address>0x9ede</run_address>
         <size>0xda</size>
         <input_file_ref idref="fl-8"/>
      </object_component>
      <object_component id="oc-df">
         <name>.debug_info</name>
         <load_address>0x9fb8</load_address>
         <run_address>0x9fb8</run_address>
         <size>0xd45</size>
         <input_file_ref idref="fl-8"/>
      </object_component>
      <object_component id="oc-2df">
         <name>.debug_info</name>
         <load_address>0xacfd</load_address>
         <run_address>0xacfd</run_address>
         <size>0x317</size>
         <input_file_ref idref="fl-9"/>
      </object_component>
      <object_component id="oc-1d9">
         <name>.debug_info</name>
         <load_address>0xb014</load_address>
         <run_address>0xb014</run_address>
         <size>0x3152</size>
         <input_file_ref idref="fl-9"/>
      </object_component>
      <object_component id="oc-2da">
         <name>.debug_info</name>
         <load_address>0xe166</load_address>
         <run_address>0xe166</run_address>
         <size>0x330</size>
         <input_file_ref idref="fl-9"/>
      </object_component>
      <object_component id="oc-1e7">
         <name>.debug_info</name>
         <load_address>0xe496</load_address>
         <run_address>0xe496</run_address>
         <size>0xb7d</size>
         <input_file_ref idref="fl-a"/>
      </object_component>
      <object_component id="oc-d3">
         <name>.debug_info</name>
         <load_address>0xf013</load_address>
         <run_address>0xf013</run_address>
         <size>0xe36</size>
         <input_file_ref idref="fl-a"/>
      </object_component>
      <object_component id="oc-2e4">
         <name>.debug_info</name>
         <load_address>0xfe49</load_address>
         <run_address>0xfe49</run_address>
         <size>0x2c8</size>
         <input_file_ref idref="fl-a"/>
      </object_component>
      <object_component id="oc-c4">
         <name>.debug_info</name>
         <load_address>0x10111</load_address>
         <run_address>0x10111</run_address>
         <size>0x1e3</size>
         <input_file_ref idref="fl-b"/>
      </object_component>
      <object_component id="oc-eb">
         <name>.debug_info</name>
         <load_address>0x102f4</load_address>
         <run_address>0x102f4</run_address>
         <size>0xaa7</size>
         <input_file_ref idref="fl-c"/>
      </object_component>
      <object_component id="oc-f1">
         <name>.debug_info</name>
         <load_address>0x10d9b</load_address>
         <run_address>0x10d9b</run_address>
         <size>0xe8</size>
         <input_file_ref idref="fl-c"/>
      </object_component>
      <object_component id="oc-ee">
         <name>.debug_info</name>
         <load_address>0x10e83</load_address>
         <run_address>0x10e83</run_address>
         <size>0x4d1</size>
         <input_file_ref idref="fl-c"/>
      </object_component>
      <object_component id="oc-f4">
         <name>.debug_info</name>
         <load_address>0x11354</load_address>
         <run_address>0x11354</run_address>
         <size>0xe0</size>
         <input_file_ref idref="fl-c"/>
      </object_component>
      <object_component id="oc-f7">
         <name>.debug_info</name>
         <load_address>0x11434</load_address>
         <run_address>0x11434</run_address>
         <size>0xe0</size>
         <input_file_ref idref="fl-c"/>
      </object_component>
      <object_component id="oc-7b">
         <name>.debug_info</name>
         <load_address>0x11514</load_address>
         <run_address>0x11514</run_address>
         <size>0x55f</size>
         <input_file_ref idref="fl-c"/>
      </object_component>
      <object_component id="oc-21b">
         <name>.debug_info</name>
         <load_address>0x11a73</load_address>
         <run_address>0x11a73</run_address>
         <size>0x13c</size>
         <input_file_ref idref="fl-c"/>
      </object_component>
      <object_component id="oc-3b3">
         <name>.debug_info</name>
         <load_address>0x11baf</load_address>
         <run_address>0x11baf</run_address>
         <size>0x6bb</size>
         <input_file_ref idref="fl-d"/>
      </object_component>
      <object_component id="oc-3b0">
         <name>.debug_info</name>
         <load_address>0x1226a</load_address>
         <run_address>0x1226a</run_address>
         <size>0xe1</size>
         <input_file_ref idref="fl-d"/>
      </object_component>
      <object_component id="oc-2ae">
         <name>.debug_info</name>
         <load_address>0x1234b</load_address>
         <run_address>0x1234b</run_address>
         <size>0x379</size>
         <input_file_ref idref="fl-d"/>
      </object_component>
      <object_component id="oc-405">
         <name>.debug_info</name>
         <load_address>0x126c4</load_address>
         <run_address>0x126c4</run_address>
         <size>0x37cd</size>
         <input_file_ref idref="fl-d"/>
      </object_component>
      <object_component id="oc-2fc">
         <name>.debug_info</name>
         <load_address>0x15e91</load_address>
         <run_address>0x15e91</run_address>
         <size>0x5aa</size>
         <input_file_ref idref="fl-e"/>
      </object_component>
      <object_component id="oc-206">
         <name>.debug_info</name>
         <load_address>0x1643b</load_address>
         <run_address>0x1643b</run_address>
         <size>0x1fe</size>
         <input_file_ref idref="fl-e"/>
      </object_component>
      <object_component id="oc-1ce">
         <name>.debug_info</name>
         <load_address>0x16639</load_address>
         <run_address>0x16639</run_address>
         <size>0xbc3</size>
         <input_file_ref idref="fl-f"/>
      </object_component>
      <object_component id="oc-1bf">
         <name>.debug_info</name>
         <load_address>0x171fc</load_address>
         <run_address>0x171fc</run_address>
         <size>0xed</size>
         <input_file_ref idref="fl-f"/>
      </object_component>
      <object_component id="oc-1c2">
         <name>.debug_info</name>
         <load_address>0x172e9</load_address>
         <run_address>0x172e9</run_address>
         <size>0xf5</size>
         <input_file_ref idref="fl-f"/>
      </object_component>
      <object_component id="oc-1c5">
         <name>.debug_info</name>
         <load_address>0x173de</load_address>
         <run_address>0x173de</run_address>
         <size>0xed</size>
         <input_file_ref idref="fl-f"/>
      </object_component>
      <object_component id="oc-1c8">
         <name>.debug_info</name>
         <load_address>0x174cb</load_address>
         <run_address>0x174cb</run_address>
         <size>0xf5</size>
         <input_file_ref idref="fl-f"/>
      </object_component>
      <object_component id="oc-1cb">
         <name>.debug_info</name>
         <load_address>0x175c0</load_address>
         <run_address>0x175c0</run_address>
         <size>0xe8</size>
         <input_file_ref idref="fl-f"/>
      </object_component>
      <object_component id="oc-195">
         <name>.debug_info</name>
         <load_address>0x176a8</load_address>
         <run_address>0x176a8</run_address>
         <size>0xde</size>
         <input_file_ref idref="fl-f"/>
      </object_component>
      <object_component id="oc-198">
         <name>.debug_info</name>
         <load_address>0x17786</load_address>
         <run_address>0x17786</run_address>
         <size>0xde</size>
         <input_file_ref idref="fl-f"/>
      </object_component>
      <object_component id="oc-c7">
         <name>.debug_info</name>
         <load_address>0x17864</load_address>
         <run_address>0x17864</run_address>
         <size>0xeff</size>
         <input_file_ref idref="fl-f"/>
      </object_component>
      <object_component id="oc-2ce">
         <name>.debug_info</name>
         <load_address>0x18763</load_address>
         <run_address>0x18763</run_address>
         <size>0x37cd</size>
         <input_file_ref idref="fl-f"/>
      </object_component>
      <object_component id="oc-85">
         <name>.debug_info</name>
         <load_address>0x1bf30</load_address>
         <run_address>0x1bf30</run_address>
         <size>0x2c3</size>
         <input_file_ref idref="fl-10"/>
      </object_component>
      <object_component id="oc-29">
         <name>.debug_info</name>
         <load_address>0x1c1f3</load_address>
         <run_address>0x1c1f3</run_address>
         <size>0x101</size>
         <input_file_ref idref="fl-10"/>
      </object_component>
      <object_component id="oc-75">
         <name>.debug_info</name>
         <load_address>0x1c2f4</load_address>
         <run_address>0x1c2f4</run_address>
         <size>0x1c8</size>
         <input_file_ref idref="fl-10"/>
      </object_component>
      <object_component id="oc-167">
         <name>.debug_info</name>
         <load_address>0x1c4bc</load_address>
         <run_address>0x1c4bc</run_address>
         <size>0xfa</size>
         <input_file_ref idref="fl-11"/>
      </object_component>
      <object_component id="oc-bb">
         <name>.debug_info</name>
         <load_address>0x1c5b6</load_address>
         <run_address>0x1c5b6</run_address>
         <size>0x26c</size>
         <input_file_ref idref="fl-11"/>
      </object_component>
      <object_component id="oc-cd">
         <name>.debug_info</name>
         <load_address>0x1c822</load_address>
         <run_address>0x1c822</run_address>
         <size>0x18d</size>
         <input_file_ref idref="fl-12"/>
      </object_component>
      <object_component id="oc-130">
         <name>.debug_info</name>
         <load_address>0x1c9af</load_address>
         <run_address>0x1c9af</run_address>
         <size>0x68e</size>
         <input_file_ref idref="fl-13"/>
      </object_component>
      <object_component id="oc-136">
         <name>.debug_info</name>
         <load_address>0x1d03d</load_address>
         <run_address>0x1d03d</run_address>
         <size>0x113</size>
         <input_file_ref idref="fl-13"/>
      </object_component>
      <object_component id="oc-116">
         <name>.debug_info</name>
         <load_address>0x1d150</load_address>
         <run_address>0x1d150</run_address>
         <size>0x125</size>
         <input_file_ref idref="fl-13"/>
      </object_component>
      <object_component id="oc-11d">
         <name>.debug_info</name>
         <load_address>0x1d275</load_address>
         <run_address>0x1d275</run_address>
         <size>0x125</size>
         <input_file_ref idref="fl-13"/>
      </object_component>
      <object_component id="oc-7f">
         <name>.debug_info</name>
         <load_address>0x1d39a</load_address>
         <run_address>0x1d39a</run_address>
         <size>0x81e</size>
         <input_file_ref idref="fl-13"/>
      </object_component>
      <object_component id="oc-25d">
         <name>.debug_info</name>
         <load_address>0x1dbb8</load_address>
         <run_address>0x1dbb8</run_address>
         <size>0x5ef</size>
         <input_file_ref idref="fl-19"/>
      </object_component>
      <object_component id="oc-36b">
         <name>.debug_info</name>
         <load_address>0x1e1a7</load_address>
         <run_address>0x1e1a7</run_address>
         <size>0xfc</size>
         <input_file_ref idref="fl-19"/>
      </object_component>
      <object_component id="oc-265">
         <name>.debug_info</name>
         <load_address>0x1e2a3</load_address>
         <run_address>0x1e2a3</run_address>
         <size>0x23c</size>
         <input_file_ref idref="fl-19"/>
      </object_component>
      <object_component id="oc-174">
         <name>.debug_info</name>
         <load_address>0x1e4df</load_address>
         <run_address>0x1e4df</run_address>
         <size>0x122</size>
         <input_file_ref idref="fl-19"/>
      </object_component>
      <object_component id="oc-16e">
         <name>.debug_info</name>
         <load_address>0x1e601</load_address>
         <run_address>0x1e601</run_address>
         <size>0x1dd</size>
         <input_file_ref idref="fl-19"/>
      </object_component>
      <object_component id="oc-34b">
         <name>.debug_info</name>
         <load_address>0x1e7de</load_address>
         <run_address>0x1e7de</run_address>
         <size>0x103e</size>
         <input_file_ref idref="fl-19"/>
      </object_component>
      <object_component id="oc-29e">
         <name>.debug_info</name>
         <load_address>0x1f81c</load_address>
         <run_address>0x1f81c</run_address>
         <size>0x4a4</size>
         <input_file_ref idref="fl-1a"/>
      </object_component>
      <object_component id="oc-29b">
         <name>.debug_info</name>
         <load_address>0x1fcc0</load_address>
         <run_address>0x1fcc0</run_address>
         <size>0xd0</size>
         <input_file_ref idref="fl-1a"/>
      </object_component>
      <object_component id="oc-2a9">
         <name>.debug_info</name>
         <load_address>0x1fd90</load_address>
         <run_address>0x1fd90</run_address>
         <size>0x183</size>
         <input_file_ref idref="fl-1a"/>
      </object_component>
      <object_component id="oc-2b5">
         <name>.debug_info</name>
         <load_address>0x1ff13</load_address>
         <run_address>0x1ff13</run_address>
         <size>0x185</size>
         <input_file_ref idref="fl-1a"/>
      </object_component>
      <object_component id="oc-399">
         <name>.debug_info</name>
         <load_address>0x20098</load_address>
         <run_address>0x20098</run_address>
         <size>0x1db</size>
         <input_file_ref idref="fl-1a"/>
      </object_component>
      <object_component id="oc-39f">
         <name>.debug_info</name>
         <load_address>0x20273</load_address>
         <run_address>0x20273</run_address>
         <size>0x19c</size>
         <input_file_ref idref="fl-1a"/>
      </object_component>
      <object_component id="oc-19e">
         <name>.debug_info</name>
         <load_address>0x2040f</load_address>
         <run_address>0x2040f</run_address>
         <size>0x1be</size>
         <input_file_ref idref="fl-1a"/>
      </object_component>
      <object_component id="oc-1a4">
         <name>.debug_info</name>
         <load_address>0x205cd</load_address>
         <run_address>0x205cd</run_address>
         <size>0x1e3</size>
         <input_file_ref idref="fl-1a"/>
      </object_component>
      <object_component id="oc-241">
         <name>.debug_info</name>
         <load_address>0x207b0</load_address>
         <run_address>0x207b0</run_address>
         <size>0x432</size>
         <input_file_ref idref="fl-1b"/>
      </object_component>
      <object_component id="oc-23e">
         <name>.debug_info</name>
         <load_address>0x20be2</load_address>
         <run_address>0x20be2</run_address>
         <size>0x173</size>
         <input_file_ref idref="fl-1b"/>
      </object_component>
      <object_component id="oc-12d">
         <name>.debug_info</name>
         <load_address>0x20d55</load_address>
         <run_address>0x20d55</run_address>
         <size>0x16b</size>
         <input_file_ref idref="fl-1b"/>
      </object_component>
      <object_component id="oc-3f3">
         <name>.debug_info</name>
         <load_address>0x20ec0</load_address>
         <run_address>0x20ec0</run_address>
         <size>0x4b1</size>
         <input_file_ref idref="fl-1c"/>
      </object_component>
      <object_component id="oc-3ed">
         <name>.debug_info</name>
         <load_address>0x21371</load_address>
         <run_address>0x21371</run_address>
         <size>0x113</size>
         <input_file_ref idref="fl-1c"/>
      </object_component>
      <object_component id="oc-3a5">
         <name>.debug_info</name>
         <load_address>0x21484</load_address>
         <run_address>0x21484</run_address>
         <size>0x17c</size>
         <input_file_ref idref="fl-1c"/>
      </object_component>
      <object_component id="oc-3f7">
         <name>.debug_info</name>
         <load_address>0x21600</load_address>
         <run_address>0x21600</run_address>
         <size>0x135</size>
         <input_file_ref idref="fl-1c"/>
      </object_component>
      <object_component id="oc-3fe">
         <name>.debug_info</name>
         <load_address>0x21735</load_address>
         <run_address>0x21735</run_address>
         <size>0x135</size>
         <input_file_ref idref="fl-1c"/>
      </object_component>
      <object_component id="oc-3ad">
         <name>.debug_info</name>
         <load_address>0x2186a</load_address>
         <run_address>0x2186a</run_address>
         <size>0x187</size>
         <input_file_ref idref="fl-1c"/>
      </object_component>
      <object_component id="oc-3e7">
         <name>.debug_info</name>
         <load_address>0x219f1</load_address>
         <run_address>0x219f1</run_address>
         <size>0x379</size>
         <input_file_ref idref="fl-1d"/>
      </object_component>
      <object_component id="oc-35d">
         <name>.debug_info</name>
         <load_address>0x21d6a</load_address>
         <run_address>0x21d6a</run_address>
         <size>0x10f</size>
         <input_file_ref idref="fl-1d"/>
      </object_component>
      <object_component id="oc-370">
         <name>.debug_info</name>
         <load_address>0x21e79</load_address>
         <run_address>0x21e79</run_address>
         <size>0x12b</size>
         <input_file_ref idref="fl-1d"/>
      </object_component>
      <object_component id="oc-364">
         <name>.debug_info</name>
         <load_address>0x21fa4</load_address>
         <run_address>0x21fa4</run_address>
         <size>0x12d</size>
         <input_file_ref idref="fl-1d"/>
      </object_component>
      <object_component id="oc-23c">
         <name>.debug_info</name>
         <load_address>0x220d1</load_address>
         <run_address>0x220d1</run_address>
         <size>0x498</size>
         <input_file_ref idref="fl-1e"/>
      </object_component>
      <object_component id="oc-124">
         <name>.debug_info</name>
         <load_address>0x22569</load_address>
         <run_address>0x22569</run_address>
         <size>0x168</size>
         <input_file_ref idref="fl-1e"/>
      </object_component>
      <object_component id="oc-23">
         <name>.debug_info</name>
         <load_address>0x226d1</load_address>
         <run_address>0x226d1</run_address>
         <size>0x160</size>
         <input_file_ref idref="fl-d5"/>
      </object_component>
      <object_component id="oc-8b">
         <name>.debug_info</name>
         <load_address>0x22831</load_address>
         <run_address>0x22831</run_address>
         <size>0x293</size>
         <input_file_ref idref="fl-d6"/>
      </object_component>
      <object_component id="oc-13">
         <name>.debug_info</name>
         <load_address>0x22ac4</load_address>
         <run_address>0x22ac4</run_address>
         <size>0x245</size>
         <input_file_ref idref="fl-d6"/>
      </object_component>
      <object_component id="oc-2d">
         <name>.debug_info</name>
         <load_address>0x22d09</load_address>
         <run_address>0x22d09</run_address>
         <size>0x60</size>
         <input_file_ref idref="fl-d6"/>
      </object_component>
      <object_component id="oc-86">
         <name>.debug_info</name>
         <load_address>0x22d69</load_address>
         <run_address>0x22d69</run_address>
         <size>0x46</size>
         <input_file_ref idref="fl-d6"/>
      </object_component>
      <object_component id="oc-42">
         <name>.debug_info</name>
         <load_address>0x22daf</load_address>
         <run_address>0x22daf</run_address>
         <size>0x2da</size>
         <input_file_ref idref="fl-d7"/>
      </object_component>
      <object_component id="oc-19">
[...]
         <name>EUSCIA0_IRQHandler</name>
         <value>0x5abd</value>
         <object_component_ref idref="oc-7d"/>
      </symbol>
      <symbol id="sm-635">
         <name>uartA2_tx_str</name>
         <value>0x5973</value>
         <object_component_ref idref="oc-7d"/>
      </symbol>
      <symbol id="sm-67a">
         <name>CS_startHFXT</name>
         <value>0x75fd</value>
         <object_component_ref idref="oc-170"/>
      </symbol>
      <symbol id="sm-67b">
         <name>CS_setExternalClockSourceFrequency</name>
         <value>0x7519</value>
         <object_component_ref idref="oc-16a"/>
      </symbol>
      <symbol id="sm-67c">
         <name>CS_startHFXTWithTimeout</name>
         <value>0x68fd</value>
         <object_component_ref idref="oc-261"/>
      </symbol>
      <symbol id="sm-6cb">
         <name>GPIO_setOutputHighOnPin</name>
         <value>0x752d</value>
         <object_component_ref idref="oc-2b3"/>
      </symbol>
      <symbol id="sm-6cc">
         <name>GPIO_setAsInputPinWithPullUpResistor</name>
         <value>0x7349</value>
         <object_component_ref idref="oc-19c"/>
      </symbol>
      <symbol id="sm-6cd">
         <name>GPIO_setAsOutputPin</name>
         <value>0x73d9</value>
         <object_component_ref idref="oc-39d"/>
      </symbol>
      <symbol id="sm-6ce">
         <name>GPIO_interruptEdgeSelect</name>
         <value>0x7445</value>
         <object_component_ref idref="oc-1a2"/>
      </symbol>
      <symbol id="sm-6cf">
         <name>GPIO_setOutputLowOnPin</name>
         <value>0x74bd</value>
         <object_component_ref idref="oc-2a7"/>
      </symbol>
      <symbol id="sm-6d0">
         <name>GPIO_setAsPeripheralModuleFunctionInputPin</name>
         <value>0x724d</value>
         <object_component_ref idref="oc-397"/>
      </symbol>
      <symbol id="sm-6f7">
         <name>Interrupt_enableInterrupt</name>
         <value>0x6ed1</value>
         <object_component_ref idref="oc-129"/>
      </symbol>
      <symbol id="sm-72e">
         <name>EUSCI_B_SPI_enable</name>
         <value>0x75d9</value>
         <object_component_ref idref="oc-3f4"/>
      </symbol>
      <symbol id="sm-72f">
         <name>SPI_enableModule</name>
         <value>0x74a1</value>
         <object_component_ref idref="oc-3a9"/>
      </symbol>
      <symbol id="sm-730">
         <name>EUSCI_A_SPI_enable</name>
         <value>0x75cd</value>
         <object_component_ref idref="oc-3fa"/>
      </symbol>
      <symbol id="sm-731">
         <name>SPI_initMaster</name>
         <value>0x6a35</value>
         <object_component_ref idref="oc-3a3"/>
      </symbol>
      <symbol id="sm-754">
         <name>SysCtl_getNMISourceStatus</name>
         <value>0x75e5</value>
         <object_component_ref idref="oc-35b"/>
      </symbol>
      <symbol id="sm-755">
         <name>SysCtl_enableNMISource</name>
         <value>0x75a1</value>
         <object_component_ref idref="oc-36d"/>
      </symbol>
      <symbol id="sm-756">
         <name>SysCtl_disableNMISource</name>
         <value>0x7591</value>
         <object_component_ref idref="oc-361"/>
      </symbol>
      <symbol id="sm-763">
         <name>UART_enableInterrupt</name>
         <value>0x74ed</value>
         <object_component_ref idref="oc-123"/>
      </symbol>
      <symbol id="sm-775">
         <name>_c_int00</name>
         <value>0x70b9</value>
         <object_component_ref idref="oc-22"/>
      </symbol>
      <symbol id="sm-776">
         <name>__stack</name>
         <value>0x2000fe00</value>
         <object_component_ref idref="oc-2b"/>
      </symbol>
      <symbol id="sm-794">
         <name>__TI_decompress_lzss</name>
         <value>0x6e03</value>
         <object_component_ref idref="oc-10"/>
      </symbol>
      <symbol id="sm-7ab">
         <name>__TI_decompress_none</name>
         <value>0x75b1</value>
         <object_component_ref idref="oc-16"/>
      </symbol>
      <symbol id="sm-7bd">
         <name>__TI_zero_init</name>
         <value>0x75f1</value>
         <object_component_ref idref="oc-1c"/>
      </symbol>
      <symbol id="sm-7de">
         <name>C$$EXIT</name>
         <value>0x710d</value>
         <object_component_ref idref="oc-67"/>
      </symbol>
      <symbol id="sm-7df">
         <name>abort</name>
         <value>0x7111</value>
         <object_component_ref idref="oc-67"/>
      </symbol>
      <symbol id="sm-7e0">
         <name>exit</name>
         <value>0x7119</value>
         <object_component_ref idref="oc-67"/>
      </symbol>
      <symbol id="sm-7e1">
         <name>__TI_dtors_ptr</name>
         <value>0x20007208</value>
         <object_component_ref idref="oc-ae"/>
      </symbol>
      <symbol id="sm-7e2">
         <name>__TI_cleanup_ptr</name>
         <value>0x20007204</value>
         <object_component_ref idref="oc-ae"/>
      </symbol>
      <symbol id="sm-7e3">
         <name>__TI_enable_exit_profile_output</name>
         <value>0x2000720c</value>
         <object_component_ref idref="oc-ae"/>
      </symbol>
      <symbol id="sm-7fa">
         <name>__aeabi_dsub</name>
         <value>0x6137</value>
         <object_component_ref idref="oc-1b4"/>
      </symbol>
      <symbol id="sm-7fb">
         <name>__aeabi_dadd</name>
         <value>0x6141</value>
         <object_component_ref idref="oc-1b4"/>
      </symbol>
      <symbol id="sm-81d">
         <name>__aeabi_cdcmpeq</name>
         <value>0x6abd</value>
         <object_component_ref idref="oc-274"/>
      </symbol>
      <symbol id="sm-81e">
         <name>__aeabi_cdcmple</name>
         <value>0x6abd</value>
         <object_component_ref idref="oc-274"/>
      </symbol>
      <symbol id="sm-81f">
         <name>__aeabi_cdrcmple</name>
         <value>0x6b43</value>
         <object_component_ref idref="oc-26f"/>
      </symbol>
      <symbol id="sm-833">
         <name>__aeabi_ddiv</name>
         <value>0x6455</value>
         <object_component_ref idref="oc-1e1"/>
      </symbol>
      <symbol id="sm-83e">
         <name>__aeabi_dmul</name>
         <value>0x658b</value>
         <object_component_ref idref="oc-104"/>
      </symbol>
      <symbol id="sm-84a">
         <name>__aeabi_d2f</name>
         <value>0x6d95</value>
         <object_component_ref idref="oc-1b9"/>
      </symbol>
      <symbol id="sm-855">
         <name>__aeabi_f2d</name>
         <value>0x72dd</value>
         <object_component_ref idref="oc-183"/>
      </symbol>
      <symbol id="sm-85f">
         <name>__aeabi_i2d</name>
         <value>0x73a9</value>
         <object_component_ref idref="oc-1dc"/>
      </symbol>
      <symbol id="sm-87a">
         <name>memcpy</name>
         <value>0x6999</value>
         <object_component_ref idref="oc-37"/>
      </symbol>
      <symbol id="sm-87b">
         <name>__aeabi_memcpy</name>
         <value>0x6999</value>
         <object_component_ref idref="oc-37"/>
      </symbol>
      <symbol id="sm-87c">
         <name>__aeabi_memcpy8</name>
         <value>0x6999</value>
         <object_component_ref idref="oc-37"/>
      </symbol>
      <symbol id="sm-87d">
         <name>__aeabi_memcpy4</name>
         <value>0x6999</value>
         <object_component_ref idref="oc-37"/>
      </symbol>
      <symbol id="sm-88c">
         <name>__aeabi_memset</name>
         <value>0x6bcb</value>
         <object_component_ref idref="oc-43"/>
      </symbol>
      <symbol id="sm-88d">
         <name>memset</name>
         <value>0x6bd1</value>
         <object_component_ref idref="oc-43"/>
      </symbol>
      <symbol id="sm-88e">
         <name>__aeabi_memset8</name>
         <value>0x6bcb</value>
         <object_component_ref idref="oc-43"/>
      </symbol>
      <symbol id="sm-88f">
         <name>__aeabi_memset4</name>
         <value>0x6bcb</value>
         <object_component_ref idref="oc-43"/>
      </symbol>
      <symbol id="sm-890">
         <name>__aeabi_memclr8</name>
         <value>0x6bc9</value>
         <object_component_ref idref="oc-43"/>
      </symbol>
      <symbol id="sm-891">
         <name>__aeabi_memclr4</name>
         <value>0x6bc9</value>
         <object_component_ref idref="oc-43"/>
      </symbol>
      <symbol id="sm-892">
         <name>__aeabi_memclr</name>
         <value>0x6bc9</value>
         <object_component_ref idref="oc-43"/>
      </symbol>
      <symbol id="sm-89c">
         <name>__mpu_init</name>
         <value>0x286f</value>
         <object_component_ref idref="oc-4f"/>
      </symbol>
      <symbol id="sm-8a6">
         <name>_system_pre_init</name>
         <value>0x7603</value>
         <object_component_ref idref="oc-55"/>
      </symbol>
      <symbol id="sm-8c4">
         <name>printf</name>
         <value>0x6d2d</value>
         <object_component_ref idref="oc-e4"/>
      </symbol>
      <symbol id="sm-8dd">
         <name>sprintf</name>
         <value>0x6ffd</value>
         <object_component_ref idref="oc-188"/>
      </symbol>
      <symbol id="sm-8e5">
         <name>main_func_sp</name>
         <value>0x2000721c</value>
         <object_component_ref idref="oc-6d"/>
      </symbol>
      <symbol id="sm-8f3">
         <name>strcpy</name>
         <value>0x7569</value>
         <object_component_ref idref="oc-177"/>
      </symbol>
      <symbol id="sm-901">
         <name>strlen</name>
         <value>0x757d</value>
         <object_component_ref idref="oc-2f5"/>
      </symbol>
      <symbol id="sm-914">
         <name>strstr</name>
         <value>0x7315</value>
         <object_component_ref idref="oc-17d"/>
      </symbol>
      <symbol id="sm-91e">
         <name>__aeabi_ui2d</name>
         <value>0x7465</value>
         <object_component_ref idref="oc-ff"/>
      </symbol>
      <symbol id="sm-937">
         <name>_nop</name>
         <value>0x754f</value>
         <object_component_ref idref="oc-15a"/>
      </symbol>
      <symbol id="sm-938">
         <name>_lock</name>
         <value>0x20007210</value>
         <object_component_ref idref="oc-b1"/>
      </symbol>
      <symbol id="sm-939">
         <name>_unlock</name>
         <value>0x20007214</value>
         <object_component_ref idref="oc-b1"/>
      </symbol>
      <symbol id="sm-93a">
         <name>_register_lock</name>
         <value>0x7547</value>
         <object_component_ref idref="oc-15a"/>
      </symbol>
      <symbol id="sm-93b">
         <name>_register_unlock</name>
         <value>0x7541</value>
         <object_component_ref idref="oc-15a"/>
      </symbol>
      <symbol id="sm-a3c">
         <name>__TI_printfi</name>
         <value>0x1f75</value>
         <object_component_ref idref="oc-209"/>
      </symbol>
      <symbol id="sm-a50">
         <name>_args_main</name>
         <value>0x74d5</value>
         <object_component_ref idref="oc-61"/>
      </symbol>
      <symbol id="sm-a66">
         <name>atoi</name>
         <value>0x71b5</value>
         <object_component_ref idref="oc-31f"/>
      </symbol>
      <symbol id="sm-a90">
         <name>__TI_auto_init</name>
         <value>0x6cb5</value>
         <object_component_ref idref="oc-5b"/>
      </symbol>
      <symbol id="sm-aaa">
         <name>copy_in</name>
         <value>0x7201</value>
         <object_component_ref idref="oc-9e"/>
      </symbol>
      <symbol id="sm-ab5">
         <name>_ctypes_</name>
         <value>0x7608</value>
         <object_component_ref idref="oc-3d5"/>
      </symbol>
      <symbol id="sm-ac1">
         <name>_ftable</name>
         <value>0x20007080</value>
         <object_component_ref idref="oc-20f"/>
      </symbol>
      <symbol id="sm-acb">
         <name>__aeabi_d2iz</name>
         <value>0x7295</value>
         <object_component_ref idref="oc-302"/>
      </symbol>
      <symbol id="sm-ada">
         <name>ltoa</name>
         <value>0x7161</value>
         <object_component_ref idref="oc-307"/>
      </symbol>
      <symbol id="sm-aea">
         <name>memccpy</name>
         <value>0x7485</value>
         <object_component_ref idref="oc-325"/>
      </symbol>
      <symbol id="sm-b05">
         <name>frexpl</name>
         <value>0x6f99</value>
         <object_component_ref idref="oc-30d"/>
      </symbol>
      <symbol id="sm-b06">
         <name>frexp</name>
         <value>0x6f99</value>
         <object_component_ref idref="oc-30d"/>
      </symbol>
      <symbol id="sm-b23">
         <name>scalbn</name>
         <value>0x6689</value>
         <object_component_ref idref="oc-313"/>
      </symbol>
      <symbol id="sm-b24">
         <name>scalbnl</name>
         <value>0x6689</value>
         <object_component_ref idref="oc-313"/>
      </symbol>
      <symbol id="sm-b25">
         <name>ldexpl</name>
         <value>0x6689</value>
         <object_component_ref idref="oc-313"/>
      </symbol>
      <symbol id="sm-b26">
         <name>ldexp</name>
         <value>0x6689</value>
         <object_component_ref idref="oc-313"/>
      </symbol>
      <symbol id="sm-b30">
         <name>_system_post_cinit</name>
         <value>0x3e7f</value>
         <object_component_ref idref="oc-a4"/>
      </symbol>
      <symbol id="sm-b40">
         <name>strchr</name>
         <value>0x7503</value>
         <object_component_ref idref="oc-319"/>
      </symbol>
      <symbol id="sm-b5c">
         <name>__aeabi_uldivmod</name>
         <value>0x5d81</value>
         <object_component_ref idref="oc-2fd"/>
      </symbol>
      <symbol id="sm-b64">
         <name>errno</name>
         <value>0x20007218</value>
         <object_component_ref idref="oc-3ce"/>
      </symbol>
      <symbol id="sm-b6e">
         <name>copysign</name>
         <value>0x7555</value>
         <object_component_ref idref="oc-3c8"/>
      </symbol>
      <symbol id="sm-b6f">
         <name>copysignl</name>
         <value>0x7555</value>
         <object_component_ref idref="oc-3c8"/>
      </symbol>
      <symbol id="sm-b70">
         <name>__TI_static_base__</name>
         <value>0x0</value>
      </symbol>
      <symbol id="sm-b73">
         <name>SHT$$INIT_ARRAY$$Limit</name>
         <value>0x0</value>
      </symbol>
      <symbol id="sm-b74">
         <name>SHT$$INIT_ARRAY$$Base</name>
         <value>0x0</value>
      </symbol>
      <symbol id="sm-b75">
         <name>NMI_Handler</name>
         <value>0x75cb</value>
      </symbol>
      <symbol id="sm-b76">
         <name>HardFault_Handler</name>
         <value>0x75cb</value>
      </symbol>
      <symbol id="sm-b77">
         <name>MemManage_Handler</name>
         <value>0x75cb</value>
      </symbol>
      <symbol id="sm-b78">
         <name>BusFault_Handler</name>
         <value>0x75cb</value>
      </symbol>
      <symbol id="sm-b79">
         <name>UsageFault_Handler</name>
         <value>0x75cb</value>
      </symbol>
      <symbol id="sm-b7a">
         <name>SVC_Handler</name>
         <value>0x75cb</value>
      </symbol>
      <symbol id="sm-b7b">
         <name>DebugMon_Handler</name>
         <value>0x75cb</value>
      </symbol>
      <symbol id="sm-b7c">
         <name>PendSV_Handler</name>
         <value>0x75cb</value>
      </symbol>
      <symbol id="sm-b7d">
         <name>SysTick_Handler</name>
         <value>0x4e41</value>
      </symbol>
      <symbol id="sm-b7e">
         <name>PSS_IRQHandler</name>
         <value>0x75cb</value>
      </symbol>
      <symbol id="sm-b7f">
         <name>CS_IRQHandler</name>
         <value>0x75cb</value>
      </symbol>
      <symbol id="sm-b80">
         <name>PCM_IRQHandler</name>
         <value>0x75cb</value>
      </symbol>
      <symbol id="sm-b81">
         <name>WDT_A_IRQHandler</name>
         <value>0x75cb</value>
      </symbol>
      <symbol id="sm-b82">
         <name>FPU_IRQHandler</name>
         <value>0x75cb</value>
      </symbol>
      <symbol id="sm-b83">
         <name>FLCTL_IRQHandler</name>
         <value>0x75cb</value>
      </symbol>
      <symbol id="sm-b84">
         <name>COMP_E0_IRQHandler</name>
         <value>0x75cb</value>
      </symbol>
      <symbol id="sm-b85">
         <name>COMP_E1_IRQHandler</name>
         <value>0x75cb</value>
      </symbol>
      <symbol id="sm-b86">
         <name>TA0_0_IRQHandler</name>
         <value>0x75cb</value>
      </symbol>
      <symbol id="sm-b87">
         <name>TA0_N_IRQHandler</name>
         <value>0x75cb</value>
      </symbol>
      <symbol id="sm-b88">
         <name>TA1_0_IRQHandler</name>
         <value>0x75cb</value>
      </symbol>
      <symbol id="sm-b89">
         <name>TA1_N_IRQHandler</name>
         <value>0x75cb</value>
      </symbol>
      <symbol id="sm-b8a">
         <name>TA2_0_IRQHandler</name>
         <value>0x75cb</value>
      </symbol>
      <symbol id="sm-b8b">
         <name>TA2_N_IRQHandler</name>
         <value>0x75cb</value>
      </symbol>
      <symbol id="sm-b8c">
         <name>TA3_0_IRQHandler</name>
         <value>0x75cb</value>
      </symbol>
      <symbol id="sm-b8d">
         <name>TA3_N_IRQHandler</name>
         <value>0x75cb</value>
      </symbol>
      <symbol id="sm-b8e">
         <name>EUSCIA0_IRQHandler</name>
         <value>0x5abd</value>
      </symbol>
      <symbol id="sm-b8f">
         <name>EUSCIA1_IRQHandler</name>
         <value>0x75cb</value>
      </symbol>
      <symbol id="sm-b90">
         <name>EUSCIA2_IRQHandler</name>
         <value>0x5af3</value>
      </symbol>
      <symbol id="sm-b91">
         <name>EUSCIA3_IRQHandler</name>
         <value>0x75cb</value>
      </symbol>
      <symbol id="sm-b92">
         <name>EUSCIB0_IRQHandler</name>
         <value>0x75cb</value>
      </symbol>
      <symbol id="sm-b93">
         <name>EUSCIB1_IRQHandler</name>
         <value>0x75cb</value>
      </symbol>
      <symbol id="sm-b94">
         <name>EUSCIB2_IRQHandler</name>
         <value>0x75cb</value>
      </symbol>
      <symbol id="sm-b95">
         <name>EUSCIB3_IRQHandler</name>
         <value>0x75cb</value>
      </symbol>
      <symbol id="sm-b96">
         <name>ADC14_IRQHandler</name>
         <value>0x4fa5</value>
      </symbol>
      <symbol id="sm-b97">
         <name>T32_INT1_IRQHandler</name>
         <value>0x75cb</value>
      </symbol>
      <symbol id="sm-b98">
         <name>T32_INT2_IRQHandler</name>
         <value>0x75cb</value>
      </symbol>
      <symbol id="sm-b99">
         <name>T32_INTC_IRQHandler</name>
         <value>0x75cb</value>
      </symbol>
      <symbol id="sm-b9a">
         <name>AES256_IRQHandler</name>
         <value>0x75cb</value>
      </symbol>
      <symbol id="sm-b9b">
         <name>RTC_C_IRQHandler</name>
         <value>0x75cb</value>
      </symbol>
      <symbol id="sm-b9c">
         <name>DMA_ERR_IRQHandler</name>
         <value>0x75cb</value>
      </symbol>
      <symbol id="sm-b9d">
         <name>DMA_INT3_IRQHandler</name>
         <value>0x75cb</value>
      </symbol>
      <symbol id="sm-b9e">
         <name>DMA_INT2_IRQHandler</name>
         <value>0x75cb</value>
      </symbol>
      <symbol id="sm-b9f">
         <name>DMA_INT1_IRQHandler</name>
         <value>0x75cb</value>
      </symbol>
      <symbol id="sm-ba0">
         <name>DMA_INT0_IRQHandler</name>
         <value>0x75cb</value>
      </symbol>
      <symbol id="sm-ba1">
         <name>PORT1_IRQHandler</name>
         <value>0x75cb</value>
      </symbol>
      <symbol id="sm-ba2">
         <name>PORT2_IRQHandler</name>
         <value>0x75cb</value>
      </symbol>
      <symbol id="sm-ba3">
         <name>PORT3_IRQHandler</name>
         <value>0x75cb</value>
      </symbol>
      <symbol id="sm-ba4">
         <name>PORT4_IRQHandler</name>
         <value>0x5105</value>
      </symbol>
      <symbol id="sm-ba5">
         <name>PORT5_IRQHandler</name>
         <value>0x75cb</value>
      </symbol>
      <symbol id="sm-ba6">
         <name>PORT6_IRQHandler</name>
         <value>0x75cb</value>
      </symbol>
   </symbol_table>
   <title>Link successful</title>
</link_info>
