******************************************************************************
                  TI ARM Linker PC v16.9.4                     
******************************************************************************
>> Linked Mon Jan 22 17:34:41 2018

OUTPUT FILE NAME:   <ProjectFinal.out>
ENTRY POINT SYMBOL: "_c_int00"  address: 000070b9


MEMORY CONFIGURATION

         name            origin    length      used     unused   attr    fill
----------------------  --------  ---------  --------  --------  ----  --------
  MAIN                  00000000   00040000  00007b12  000384ee  R  X
  INFO                  00200000   00004000  00000000  00004000  R  X
  SRAM_CODE             01000000   00010000  00000000  00010000  RW X
  SRAM_DATA             20000000   00010000  00009d62  0000629e  RW  


SEGMENT ALLOCATION MAP

run origin  load origin   length   init length attrs members
----------  ----------- ---------- ----------- ----- -------
00000000    00000000    00007b18   00007b18    r-x
  00000000    00000000    000000e4   000000e4    r-- .intvecs
  000000e4    000000e4    00007522   00007522    r-x .text
  00007608    00007608    00000464   00000464    r-- .const
  00007a70    00007a70    000000a8   000000a8    r-- .cinit
20000000    20000000    00009b62   00000000    rw-
  20000000    20000000    0000722c   00000000    rw- .data
  2000722c    2000722c    00002936   00000000    rw- .bss
2000fe00    2000fe00    00000200   00000000    rw-
  2000fe00    2000fe00    00000200   00000000    rw- .stack


SECTION ALLOCATION MAP

 output                                  attributes/
section   page    origin      length       input sections
--------  ----  ----------  ----------   ----------------
.intvecs   0    00000000    000000e4     
                  00000000    000000e4     startup_msp432p401r_ccs.obj (.intvecs:retain)

.text      0    000000e4    00007522     
                  000000e4    0000164c     bme280.obj (.text)
                  00001730    0000113e     rtsv7M4_T_le_v4SPD16_eabi.lib : _printfi.obj (.text)
                  0000286e    00000002                                   : mpu_init.obj (.text)
                  00002870    00000c48     HR_RR_Algorithm.obj (.text)
                  000034b8    000009c6     algorithm.obj (.text)
                  00003e7e    00000002     rtsv7M4_T_le_v4SPD16_eabi.lib : startup.obj (.text)
                  00003e80    00000670     bme280_sensor.obj (.text)
                  000044f0    00000670     sensors.obj (.text)
                  00004b60    0000066c     main.obj (.text)
                  000051cc    00000460     I2C0.obj (.text)
                  0000562c    00000328     system_msp432p401r.obj (.text)
                  00005954    00000220     uart.obj (.text)
                  00005b74    0000020c     adxl345.obj (.text)
                  00005d80    000001f4     rtsv7M4_T_le_v4SPD16_eabi.lib : ull_div_t2.obj (.text)
                  00005f74    000001c2     MAX30102.obj (.text)
                  00006136    000001b6     rtsv7M4_T_le_v4SPD16_eabi.lib : fd_add_t2.obj (.text)
                  000062ec    00000168     msp432_spi.obj (.text)
                  00006454    00000136     rtsv7M4_T_le_v4SPD16_eabi.lib : fd_div_t2.obj (.text)
                  0000658a    000000fc                                   : fd_mul_t2.obj (.text)
                  00006686    00000002     --HOLE-- [fill = 0]
                  00006688    000000fc                                   : s_scalbn.obj (.text)
                  00006784    000000d0     adc.obj (.text)
                  00006854    000000a8     clk.obj (.text)
                  000068fc    0000009c     msp432p4xx_driverlib.lib : cs.o (.text:CS_startHFXTWithTimeout)
                  00006998    0000009c     rtsv7M4_T_le_v4SPD16_eabi.lib : memcpy_t2.obj (.text)
                  00006a34    00000088     msp432p4xx_driverlib.lib : spi.o (.text:SPI_initMaster)
                  00006abc    00000086     rtsv7M4_T_le_v4SPD16_eabi.lib : fd_cmp_t2.obj (.text:__aeabi_cdcmple)
                  00006b42    00000086                                   : fd_cmp_t2.obj (.text:__aeabi_cdrcmple)
                  00006bc8    0000007a                                   : memset_t2.obj (.text)
                  00006c42    00000002     --HOLE-- [fill = 0]
                  00006c44    00000070     msp432p4xx_driverlib.lib : cs.o (.text:_CSGetHFXTFrequency)
                  00006cb4    00000070     rtsv7M4_T_le_v4SPD16_eabi.lib : autoinit.obj (.text)
                  00006d24    00000070                                   : printf.obj (.text)
                  00006d94    0000006e                                   : fd_tos_t2.obj (.text)
                  00006e02    00000068                                   : copy_decompress_lzss.obj (.text:decompress:lzss)
                  00006e6a    00000002     --HOLE-- [fill = 0]
                  00006e6c    00000064     I2C1.obj (.text)
                  00006ed0    00000064     msp432p4xx_driverlib.lib : interrupt.o (.text:Interrupt_enableInterrupt)
                  00006f34    00000064     printfOverride.obj (.text)
                  00006f98    00000064     rtsv7M4_T_le_v4SPD16_eabi.lib : s_frexp.obj (.text)
                  00006ffc    00000060                                   : sprintf.obj (.text)
                  0000705c    0000005c     systick.obj (.text)
                  000070b8    00000054     rtsv7M4_T_le_v4SPD16_eabi.lib : boot.obj (.text)
                  0000710c    00000054                                   : exit.obj (.text)
                  00007160    00000054                                   : ltoa.obj (.text)
                  000071b4    0000004c                                   : atoi.obj (.text)
                  00007200    0000004c                                   : cpy_tbl.obj (.text)
                  0000724c    00000048     msp432p4xx_driverlib.lib : gpio.o (.text:GPIO_setAsPeripheralModuleFunctionInputPin)
                  00007294    00000048     rtsv7M4_T_le_v4SPD16_eabi.lib : fd_toi_t2.obj (.text)
                  000072dc    00000038                                   : fs_tod_t2.obj (.text)
                  00007314    00000034                                   : strstr.obj (.text)
                  00007348    00000030     msp432p4xx_driverlib.lib : gpio.o (.text:GPIO_setAsInputPinWithPullUpResistor)
                  00007378    00000030                              : spi.o (.text:is_A_Module)
                  000073a8    0000002e     rtsv7M4_T_le_v4SPD16_eabi.lib : i_tofd_t2.obj (.text)
                  000073d6    00000002     --HOLE-- [fill = 0]
                  000073d8    00000024     msp432p4xx_driverlib.lib : gpio.o (.text:GPIO_setAsOutputPin)
                  000073fc    00000024     uart.obj (.text:uartA0_tx)
                  00007420    00000024     uart.obj (.text:uartA2_tx)
                  00007444    00000020     msp432p4xx_driverlib.lib : gpio.o (.text:GPIO_interruptEdgeSelect)
                  00007464    00000020     rtsv7M4_T_le_v4SPD16_eabi.lib : u_tofd_t2.obj (.text)
                  00007484    0000001c                                   : memccpy.obj (.text)
                  000074a0    0000001a     msp432p4xx_driverlib.lib : spi.o (.text:SPI_enableModule)
                  000074ba    00000002     --HOLE-- [fill = 0]
                  000074bc    00000018                              : gpio.o (.text:GPIO_setOutputLowOnPin)
                  000074d4    00000018     rtsv7M4_T_le_v4SPD16_eabi.lib : args_main.obj (.text)
                  000074ec    00000016     msp432p4xx_driverlib.lib : uart.o (.text:UART_enableInterrupt)
                  00007502    00000016     rtsv7M4_T_le_v4SPD16_eabi.lib : strchr.obj (.text)
                  00007518    00000014     msp432p4xx_driverlib.lib : cs.o (.text:CS_setExternalClockSourceFrequency)
                  0000752c    00000014                              : gpio.o (.text:GPIO_setOutputHighOnPin)
                  00007540    00000014     rtsv7M4_T_le_v4SPD16_eabi.lib : _lock.obj (.text)
                  00007554    00000014                                   : s_copysign.obj (.text)
                  00007568    00000014                                   : strcpy.obj (.text)
                  0000757c    00000014                                   : strlen.obj (.text)
                  00007590    00000010     msp432p4xx_driverlib.lib : sysctl.o (.text:SysCtl_disableNMISource)
                  000075a0    00000010                              : sysctl.o (.text:SysCtl_enableNMISource)
                  000075b0    0000000e     rtsv7M4_T_le_v4SPD16_eabi.lib : copy_decompress_none.obj (.text:decompress:none)
                  000075be    0000000e     startup_msp432p401r_ccs.obj (.text)
                  000075cc    0000000c     msp432p4xx_driverlib.lib : spi.o (.text:EUSCI_A_SPI_enable)
                  000075d8    0000000c                              : spi.o (.text:EUSCI_B_SPI_enable)
                  000075e4    0000000c                              : sysctl.o (.text:SysCtl_getNMISourceStatus)
                  000075f0    0000000c     rtsv7M4_T_le_v4SPD16_eabi.lib : copy_zero_init.obj (.text:decompress:ZI)
                  000075fc    00000006     msp432p4xx_driverlib.lib : cs.o (.text:CS_startHFXT)
                  00007602    00000004     rtsv7M4_T_le_v4SPD16_eabi.lib : pre_init.obj (.text)

.const     0    00007608    00000464     
                  00007608    00000101     rtsv7M4_T_le_v4SPD16_eabi.lib : ctype.obj (.const:.string:_ctypes_)
                  00007709    000000b8     algorithm.obj (.const:.string:uch_spo2_table)
                  000077c1    00000001     HR_RR_Algorithm.obj (.const)
                  000077c2    00000002     --HOLE-- [fill = 0]
                  000077c4    00000040     msp432p4xx_driverlib.lib : interrupt.o (.const)
                  00007804    0000003e     algorithm.obj (.const:auw_hamm)
                  00007842    00000006     --HOLE-- [fill = 0]
                  00007848    00000038     HR_RR_Algorithm.obj (.const:$P$T0$1)
                  00007880    00000038     HR_RR_Algorithm.obj (.const:$P$T1$2)
                  000078b8    00000038     HR_RR_Algorithm.obj (.const:$P$T2$3)
                  000078f0    00000038     HR_RR_Algorithm.obj (.const:$P$T3$4)
                  00007928    00000038     HR_RR_Algorithm.obj (.const:$P$T4$5)
                  00007960    00000038     HR_RR_Algorithm.obj (.const:$P$T5$6)
                  00007998    00000038     HR_RR_Algorithm.obj (.const:$P$T6$7)
                  000079d0    00000038     HR_RR_Algorithm.obj (.const:$P$T7$8)
                  00007a08    00000024     sensors.obj (.const:$P$T0$1)
                  00007a2c    00000024     sensors.obj (.const:$P$T1$2)
                  00007a50    0000001c     msp432_spi.obj (.const:$P$T0$1)

.cinit     0    00007a70    000000a8     
                  00007a70    0000007d     (.cinit..data.load) [load image, compression = lzss]
                  00007aed    00000003     --HOLE-- [fill = 0]
                  00007af0    0000000c     (__TI_handler_table)
                  00007afc    00000004     --HOLE-- [fill = 0]
                  00007b00    00000008     (.cinit..bss.load) [load image, compression = zero_init]
                  00007b08    00000010     (__TI_cinit_table)

.init_array 
*          0    00000000    00000000     UNINITIALIZED

.data      0    20000000    0000722c     UNINITIALIZED
                  20000000    000012c0     main.obj (.data:g_hr_buff)
                  200012c0    000012c0     sensors.obj (.data:g_hr_filter_values)
                  20002580    000012c0     sensors.obj (.data:g_hr_temp_buff)
                  20003840    000012c0     main.obj (.data:g_rr_buff)
                  20004b00    000012c0     sensors.obj (.data:g_rr_filter_values)
                  20005dc0    000012c0     sensors.obj (.data:g_rr_temp_buff)
                  20007080    000000f0     rtsv7M4_T_le_v4SPD16_eabi.lib : defs.obj (.data:_ftable)
                  20007170    00000035     main.obj (.data)
                  200071a5    00000003     --HOLE--
                  200071a8    00000030     msp432p4xx_driverlib.lib : gpio.o (.data:GPIO_PORT_TO_BASE)
                  200071d8    0000001c     main.obj (.data:g_sensor_data)
                  200071f4    00000010     sensors.obj (.data:bme280_data)
                  20007204    0000000c     rtsv7M4_T_le_v4SPD16_eabi.lib : exit.obj (.data:$O1$$)
                  20007210    00000008                                   : _lock.obj (.data:$O1$$)
                  20007218    00000004                                   : errno.obj (.data)
                  2000721c    00000004                                   : stkdepth_vars.obj (.data)
                  20007220    00000004     sensors.obj (.data)
                  20007224    00000004     system_msp432p401r.obj (.data)
                  20007228    00000004     uart.obj (.data)

.bss       0    2000722c    00002936     UNINITIALIZED
                  2000722c    000007d0     algorithm.obj (.bss:an_x)
                  200079fc    000007d0     algorithm.obj (.bss:an_y)
                  200081cc    000007d0     (.common:g_aun_ir_buffer)
                  2000899c    000007d0     (.common:g_aun_red_buffer)
                  2000916c    000007c0     algorithm.obj (.bss:an_dx)
                  2000992c    00000100     (.common:g_rx_buff)
                  20009a2c    000000c8     sensors.obj (.bss:ble_buff$3)
                  20009af4    0000003c     (.common:bme280)
                  20009b30    00000010     (.common:regData)
                  20009b40    00000004     (.common:hfxtFreq)
                  20009b44    00000004     (.common:lfxtFreq)
                  20009b48    00000004     (.common:n_heart_rate)
                  20009b4c    00000004     (.common:n_sp02)
                  20009b50    00000004     (.common:p_bme280)
                  20009b54    00000004     (.common:uartA0_rx_buff)
                  20009b58    00000004     (.common:uartA2_rx_buff)
                  20009b5c    00000002     (.common:uartA0_rx_buff_len)
                  20009b5e    00000002     (.common:uartA2_rx_buff_len)
                  20009b60    00000001     (.common:ch_hr_valid)
                  20009b61    00000001     (.common:ch_spo2_valid)

.stack     0    2000fe00    00000200     UNINITIALIZED
                  2000fe00    00000200     --HOLE--

MODULE SUMMARY

       Module                        code    ro data   rw data
       ------                        ----    -------   -------
    .\
       sensors.obj                   1648    72        19420  
       main.obj                      1644    0         13947  
       algorithm.obj                 2502    246       5984   
       bme280.obj                    5708    0         0      
       HR_RR_Algorithm.obj           3144    449       0      
       bme280_sensor.obj             1648    0         80     
       I2C0.obj                      1120    0         0      
       system_msp432p401r.obj        808     0         4      
       uart.obj                      616     0         16     
       adxl345.obj                   524     0         0      
       MAX30102.obj                  450     0         0      
       msp432_spi.obj                360     28        0      
       startup_msp432p401r_ccs.obj   14      228       0      
       adc.obj                       208     0         0      
       clk.obj                       168     0         0      
       I2C1.obj                      100     0         0      
       printfOverride.obj            100     0         0      
       systick.obj                   92      0         0      
    +--+-----------------------------+-------+---------+---------+
       Total:                        20854   1023      39451  
                                                              
    C:/ti/msp/MSP432Ware_3_50_00_02/driverlib/driverlib/MSP432P4xx/ccs/msp432p4xx_driverlib.lib
       cs.o                          294     0         8      
       gpio.o                        232     0         48     
       spi.o                         234     0         0      
       interrupt.o                   100     64        0      
       sysctl.o                      44      0         0      
       uart.o                        22      0         0      
    +--+-----------------------------+-------+---------+---------+
       Total:                        926     64        56     
                                                              
    C:\ti\ccsv7\tools\compiler\ti-cgt-arm_16.9.4.LTS\lib\rtsv7M4_T_le_v4SPD16_eabi.lib
       _printfi.obj                  4414    0         0      
       ull_div_t2.obj                500     0         0      
       fd_add_t2.obj                 438     0         0      
       fd_div_t2.obj                 310     0         0      
       fd_cmp_t2.obj                 268     0         0      
       ctype.obj                     0       257       0      
       fd_mul_t2.obj                 252     0         0      
       s_scalbn.obj                  252     0         0      
       defs.obj                      0       0         240    
       memcpy_t2.obj                 156     0         0      
       memset_t2.obj                 122     0         0      
       autoinit.obj                  112     0         0      
       printf.obj                    112     0         0      
       fd_tos_t2.obj                 110     0         0      
       copy_decompress_lzss.obj      104     0         0      
       s_frexp.obj                   100     0         0      
       exit.obj                      84      0         12     
       sprintf.obj                   96      0         0      
       boot.obj                      84      0         0      
       ltoa.obj                      84      0         0      
       atoi.obj                      76      0         0      
       cpy_tbl.obj                   76      0         0      
       fd_toi_t2.obj                 72      0         0      
       fs_tod_t2.obj                 56      0         0      
       strstr.obj                    52      0         0      
       i_tofd_t2.obj                 46      0         0      
       u_tofd_t2.obj                 32      0         0      
       _lock.obj                     20      0         8      
       memccpy.obj                   28      0         0      
       args_main.obj                 24      0         0      
       strchr.obj                    22      0         0      
       s_copysign.obj                20      0         0      
       strcpy.obj                    20      0         0      
       strlen.obj                    20      0         0      
       copy_decompress_none.obj      14      0         0      
       copy_zero_init.obj            12      0         0      
       errno.obj                     0       0         4      
       pre_init.obj                  4       0         0      
       stkdepth_vars.obj             0       0         4      
       mpu_init.obj                  2       0         0      
       startup.obj                   2       0         0      
    +--+-----------------------------+-------+---------+---------+
       Total:                        8196    257       268    
                                                              
       Stack:                        0       0         512    
       Linker Generated:             0       161       0      
    +--+-----------------------------+-------+---------+---------+
       Grand Total:                  29976   1505      40287  


LINKER GENERATED COPY TABLES

__TI_cinit_table @ 00007b08 records: 2, size/record: 8, table size: 16
	.data: load addr=00007a70, load size=0000007d bytes, run addr=20000000, run size=0000722c bytes, compression=lzss
	.bss: load addr=00007b00, load size=00000008 bytes, run addr=2000722c, run size=00002936 bytes, compression=zero_init


LINKER GENERATED HANDLER TABLE

__TI_handler_table @ 00007af0 records: 3, size/record: 4, table size: 12
	index: 0, handler: __TI_decompress_lzss
	index: 1, handler: __TI_decompress_none
	index: 2, handler: __TI_zero_init


GLOBAL SYMBOLS: SORTED ALPHABETICALLY BY Name 

address   name                                                  
-------   ----                                                  
00004fa5  ADC14_IRQHandler                                      
00004fa5  ADC14_IRQHandler                                      
00005d63  ADXL345_getDataRate                                   
00005d43  ADXL345_getRange                                      
00005bdd  ADXL345_powerOn                                       
00005bf9  ADXL345_readAccel                                     
00005c7b  ADXL345_readNormalizedAccel                           
00005d51  ADXL345_setDataRate                                   
00005d01  ADXL345_setRange                                      
000075cb  AES256_IRQHandler                                     
0000409d  BME280_I2C_bus_read                                   
00003eb9  BME280_I2C_bus_write                                  
000075cb  BusFault_Handler                                      
00002aed  ButterworthLowpassFilter0040SixthOrder                
00002fbd  ButterworthLowpassFilter0050SixthOrder                
00003221  ButterworthLowpassFilter0080SixthOrder                
00002d35  ButterworthLowpassFilter0100SixthOrder                
0000710d  C$$EXIT                                               
000075cb  COMP_E0_IRQHandler                                    
000075cb  COMP_E1_IRQHandler                                    
000075cb  CS_IRQHandler                                         
00007519  CS_setExternalClockSourceFrequency                    
000075fd  CS_startHFXT                                          
000068fd  CS_startHFXTWithTimeout                               
000075cb  DMA_ERR_IRQHandler                                    
000075cb  DMA_INT0_IRQHandler                                   
000075cb  DMA_INT1_IRQHandler                                   
000075cb  DMA_INT2_IRQHandler                                   
000075cb  DMA_INT3_IRQHandler                                   
000075cb  DebugMon_Handler                                      
000075cb  Default_Handler                                       
00005abd  EUSCIA0_IRQHandler                                    
00005abd  EUSCIA0_IRQHandler                                    
000075cb  EUSCIA1_IRQHandler                                    
00005af3  EUSCIA2_IRQHandler                                    
00005af3  EUSCIA2_IRQHandler                                    
000075cb  EUSCIA3_IRQHandler                                    
000075cb  EUSCIB0_IRQHandler                                    
000075cb  EUSCIB1_IRQHandler                                    
000075cb  EUSCIB2_IRQHandler                                    
000075cb  EUSCIB3_IRQHandler                                    
000075cd  EUSCI_A_SPI_enable                                    
000075d9  EUSCI_B_SPI_enable                                    
000075cb  FLCTL_IRQHandler                                      
000075cb  FPU_IRQHandler                                        
00007445  GPIO_interruptEdgeSelect                              
00007349  GPIO_setAsInputPinWithPullUpResistor                  
000073d9  GPIO_setAsOutputPin                                   
0000724d  GPIO_setAsPeripheralModuleFunctionInputPin            
0000752d  GPIO_setOutputHighOnPin                               
000074bd  GPIO_setOutputLowOnPin                                
000075cb  HardFault_Handler                                     
000051cd  I2C0_Init                                             
00005213  I2C0_bus_read                                         
00005429  I2C0_bus_write                                        
00006e6d  I2C1_Init                                             
000042b7  I2C_routine                                           
00006ed1  Interrupt_enableInterrupt                             
000077c1  MIN_DIST                                              
000075cb  MemManage_Handler                                     
000075cb  NMI_Handler                                           
000075cb  PCM_IRQHandler                                        
000075cb  PORT1_IRQHandler                                      
000075cb  PORT2_IRQHandler                                      
000075cb  PORT3_IRQHandler                                      
00005105  PORT4_IRQHandler                                      
00005105  PORT4_IRQHandler                                      
000075cb  PORT5_IRQHandler                                      
000075cb  PORT6_IRQHandler                                      
000075cb  PSS_IRQHandler                                        
000075cb  PendSV_Handler                                        
000075cb  RTC_C_IRQHandler                                      
000075bf  Reset_Handler                                         
UNDEFED   SHT$$INIT_ARRAY$$Base                                 
UNDEFED   SHT$$INIT_ARRAY$$Limit                                
000074a1  SPI_enableModule                                      
00006a35  SPI_initMaster                                        
000075cb  SVC_Handler                                           
00007591  SysCtl_disableNMISource                               
000075a1  SysCtl_enableNMISource                                
000075e5  SysCtl_getNMISourceStatus                             
00004e41  SysTick_Handler                                       
00004e41  SysTick_Handler                                       
20007224  SystemCoreClock                                       
0000562d  SystemCoreClockUpdate                                 
000058a1  SystemInit                                            
000075cb  T32_INT1_IRQHandler                                   
000075cb  T32_INT2_IRQHandler                                   
000075cb  T32_INTC_IRQHandler                                   
000075cb  TA0_0_IRQHandler                                      
000075cb  TA0_N_IRQHandler                                      
000075cb  TA1_0_IRQHandler                                      
000075cb  TA1_N_IRQHandler                                      
000075cb  TA2_0_IRQHandler                                      
000075cb  TA2_N_IRQHandler                                      
000075cb  TA3_0_IRQHandler                                      
000075cb  TA3_N_IRQHandler                                      
000074ed  UART_enableInterrupt                                  
000075cb  UsageFault_Handler                                    
4000480c  WDTCTL_SYM                                            
000075cb  WDT_A_IRQHandler                                      
20010000  __STACK_END                                           
00000200  __STACK_SIZE                                          
00007b08  __TI_CINIT_Base                                       
00007b18  __TI_CINIT_Limit                                      
00007af0  __TI_Handler_Table_Base                               
00007afc  __TI_Handler_Table_Limit                              
00006cb5  __TI_auto_init                                        
20007204  __TI_cleanup_ptr                                      
00006e03  __TI_decompress_lzss                                  
000075b1  __TI_decompress_none                                  
20007208  __TI_dtors_ptr                                        
2000720c  __TI_enable_exit_profile_output                       
ffffffff  __TI_pprof_out_hndl                                   
00001f75  __TI_printfi                                          
ffffffff  __TI_prof_data_size                                   
ffffffff  __TI_prof_data_start                                  
00000000  __TI_static_base__                                    
000075f1  __TI_zero_init                                        
00006abd  __aeabi_cdcmpeq                                       
00006abd  __aeabi_cdcmple                                       
00006b43  __aeabi_cdrcmple                                      
00006d95  __aeabi_d2f                                           
00007295  __aeabi_d2iz                                          
00006141  __aeabi_dadd                                          
00006455  __aeabi_ddiv                                          
0000658b  __aeabi_dmul                                          
00006137  __aeabi_dsub                                          
000072dd  __aeabi_f2d                                           
000073a9  __aeabi_i2d                                           
00006bc9  __aeabi_memclr                                        
00006bc9  __aeabi_memclr4                                       
00006bc9  __aeabi_memclr8                                       
00006999  __aeabi_memcpy                                        
00006999  __aeabi_memcpy4                                       
00006999  __aeabi_memcpy8                                       
00006bcb  __aeabi_memset                                        
00006bcb  __aeabi_memset4                                       
00006bcb  __aeabi_memset8                                       
00007465  __aeabi_ui2d                                          
00005d81  __aeabi_uldivmod                                      
ffffffff  __binit__                                             
ffffffff  __c_args__                                            
0000286f  __mpu_init                                            
2000fe00  __stack                                               
000074d5  _args_main                                            
000070b9  _c_int00                                              
00007608  _ctypes_                                              
20007080  _ftable                                               
20007210  _lock                                                 
0000754f  _nop                                                  
00007547  _register_lock                                        
00007541  _register_unlock                                      
00003e7f  _system_post_cinit                                    
00007603  _system_pre_init                                      
20007214  _unlock                                               
00007111  abort                                                 
0000495b  accel_init                                            
00006785  adc_init                                              
00006839  adc_start_sample                                      
00003e81  altitude_compensated_pressure_inchHg                  
000071b5  atoi                                                  
00007804  auw_hamm                                              
ffffffff  binit                                                 
0000474d  ble_check_connection                                  
00004621  ble_pins_init                                         
0000468d  ble_send_data                                         
20009af4  bme280                                                
00000471  bme280_compensate_humidity_int32                      
0000052d  bme280_compensate_humidity_int32_sixteen_bit_output   
000002e9  bme280_compensate_pressure_int32                      
000001e7  bme280_compensate_temperature_int32                   
0000025f  bme280_compensate_temperature_int32_sixteen_bit_output
000016a7  bme280_compute_wait_time                              
200071f4  bme280_data                                           
00000647  bme280_get_calib_param                                
000010fb  bme280_get_filter                                     
00001465  bme280_get_forced_uncomp_pressure_temperature_humidity
00000b5f  bme280_get_oversamp_humidity                          
000009ab  bme280_get_oversamp_pressure                          
000007e9  bme280_get_oversamp_temperature                       
00000d4d  bme280_get_power_mode                                 
00000f4d  bme280_get_spi3                                       
000012b1  bme280_get_standby_durn                               
000000e5  bme280_init                                           
000005e7  bme280_read_pressure_temperature_humidity             
00001661  bme280_read_register                                  
0000041b  bme280_read_uncomp_humidity                           
00000289  bme280_read_uncomp_pressure                           
00000555  bme280_read_uncomp_pressure_temperature_humidity      
00000187  bme280_read_uncomp_temperature                        
000042d9  bme280_sensor_init                                    
00001151  bme280_set_filter                                     
00000bb9  bme280_set_oversamp_humidity                          
00000a07  bme280_set_oversamp_pressure                          
00000845  bme280_set_oversamp_temperature                       
00000da1  bme280_set_power_mode                                 
00000f0d  bme280_set_soft_rst                                   
00000f9b  bme280_set_spi3                                       
00001301  bme280_set_standby_durn                               
0000161b  bme280_write_register                                 
0000483d  calculate_HR                                          
0000479f  calculate_RR                                          
20009b60  ch_hr_valid                                           
20009b61  ch_spo2_valid                                         
00004671  check_response                                        
000068bf  clk_init                                              
00007201  copy_in                                               
00007555  copysign                                              
00007555  copysignl                                             
000028df  diff_from_mean                                        
0000464b  dummy_uart_init                                       
20007218  errno                                                 
00007119  exit                                                  
00002871  find_mean                                             
00002931  four_pt_MA                                            
00006f35  fputc                                                 
00006f53  fputs                                                 
00006f99  frexp                                                 
00006f99  frexpl                                                
20007198  gIrRedCount                                           
20007188  g_adcSamplingCount                                    
20007184  g_adcSamplingPeriod                                   
20007182  g_adc_state                                           
2000719e  g_adxl345_flag                                        
2000719c  g_adxl345_interval                                    
200081cc  g_aun_ir_buffer                                       
2000899c  g_aun_red_buffer                                      
20007180  g_ble_connect_state                                   
20007181  g_ble_state                                           
200071a4  g_bme280_flag                                         
200071a0  g_bme280_get_data_count                               
20007178  g_check_connection_count                              
2000717c  g_data_send_interval_count                            
20000000  g_hr_buff                                             
20007196  g_hr_cal_signal                                       
200012c0  g_hr_filter_values                                    
20007194  g_hr_sample_count                                     
20007197  g_hr_spo2_state                                       
20007191  g_hr_state                                            
20002580  g_hr_temp_buff                                        
20007192  g_hr_valid                                            
20007170  g_ms_timeout                                          
20003840  g_rr_buff                                             
20007190  g_rr_cal_signal                                       
20004b00  g_rr_filter_values                                    
2000718e  g_rr_sample_count                                     
2000718c  g_rr_state                                            
20005dc0  g_rr_temp_buff                                        
2000992c  g_rx_buff                                             
200071d8  g_sensor_data                                         
20007174  g_ticks                                               
0000439f  get_bme280_values                                     
00000000  interruptVectors                                      
00006689  ldexp                                                 
00006689  ldexpl                                                
00007161  ltoa                                                  
00004b61  main                                                  
2000721c  main_func_sp                                          
00003bbb  maxim_find_peaks                                      
000034b9  maxim_heart_rate_and_oxygen_saturation                
00005fb9  maxim_max30102_init                                   
00006059  maxim_max30102_read_fifo                              
00005f99  maxim_max30102_read_reg                               
00006123  maxim_max30102_reset                                  
00005f75  maxim_max30102_write_reg                              
00003bff  maxim_peaks_above_min_height                          
00003cd1  maxim_remove_close_peaks                              
00003d8b  maxim_sort_ascend                                     
00003e01  maxim_sort_indices_descend                            
000048d5  maxrefdes117_init                                     
00007485  memccpy                                               
00006999  memcpy                                                
00006bd1  memset                                                
00002a33  myPeakCounter                                         
20009b48  n_heart_rate                                          
20009b4c  n_sp02                                                
20009b50  p_bme280                                              
00006d2d  printf                                                
00005b75  r_reg                                                 
20009b30  regData                                               
00004609  reset_rx_buffer                                       
00005b29  return_UARTA2_rx_ptr                                  
00006689  scalbn                                                
00006689  scalbnl                                               
00005b2f  set_UARTA2_rx_ptr                                     
000062ed  spi_init                                              
0000632d  spi_transfer                                          
0000638f  spi_transfer16                                        
00006ffd  sprintf                                               
00007503  strchr                                                
00007569  strcpy                                                
0000757d  strlen                                                
00007315  strstr                                                
00007079  systick_delay_ms                                      
0000705d  systick_init                                          
000029cf  threshold_calc                                        
000059d5  uartA0_init                                           
00005a79  uartA0_read_rx_buff                                   
20009b54  uartA0_rx_buff                                        
20009b5c  uartA0_rx_buff_len                                    
20007228  uartA0_rx_ptr                                         
000073fd  uartA0_tx                                             
00005991  uartA0_tx_bytes                                       
00005955  uartA0_tx_str                                         
00005a27  uartA2_init                                           
00005a9b  uartA2_read_rx_buff                                   
20009b58  uartA2_rx_buff                                        
20009b5e  uartA2_rx_buff_len                                    
2000722a  uartA2_rx_ptr                                         
00007421  uartA2_tx                                             
000059b3  uartA2_tx_bytes                                       
00005973  uartA2_tx_str                                         
00007709  uch_spo2_table                                        
00004997  update_accel_params                                   
00004a8d  update_temp_value                                     
00005baf  w_reg                                                 


GLOBAL SYMBOLS: SORTED BY Symbol Address 

address   name                                                  
-------   ----                                                  
00000000  __TI_static_base__                                    
00000000  interruptVectors                                      
000000e5  bme280_init                                           
00000187  bme280_read_uncomp_temperature                        
000001e7  bme280_compensate_temperature_int32                   
00000200  __STACK_SIZE                                          
0000025f  bme280_compensate_temperature_int32_sixteen_bit_output
00000289  bme280_read_uncomp_pressure                           
000002e9  bme280_compensate_pressure_int32                      
0000041b  bme280_read_uncomp_humidity                           
00000471  bme280_compensate_humidity_int32                      
0000052d  bme280_compensate_humidity_int32_sixteen_bit_output   
00000555  bme280_read_uncomp_pressure_temperature_humidity      
000005e7  bme280_read_pressure_temperature_humidity             
00000647  bme280_get_calib_param                                
000007e9  bme280_get_oversamp_temperature                       
00000845  bme280_set_oversamp_temperature                       
000009ab  bme280_get_oversamp_pressure                          
00000a07  bme280_set_oversamp_pressure                          
00000b5f  bme280_get_oversamp_humidity                          
00000bb9  bme280_set_oversamp_humidity                          
00000d4d  bme280_get_power_mode                                 
00000da1  bme280_set_power_mode                                 
00000f0d  bme280_set_soft_rst                                   
00000f4d  bme280_get_spi3                                       
00000f9b  bme280_set_spi3                                       
000010fb  bme280_get_filter                                     
00001151  bme280_set_filter                                     
000012b1  bme280_get_standby_durn                               
00001301  bme280_set_standby_durn                               
00001465  bme280_get_forced_uncomp_pressure_temperature_humidity
0000161b  bme280_write_register                                 
00001661  bme280_read_register                                  
000016a7  bme280_compute_wait_time                              
00001f75  __TI_printfi                                          
0000286f  __mpu_init                                            
00002871  find_mean                                             
000028df  diff_from_mean                                        
00002931  four_pt_MA                                            
000029cf  threshold_calc                                        
00002a33  myPeakCounter                                         
00002aed  ButterworthLowpassFilter0040SixthOrder                
00002d35  ButterworthLowpassFilter0100SixthOrder                
00002fbd  ButterworthLowpassFilter0050SixthOrder                
00003221  ButterworthLowpassFilter0080SixthOrder                
000034b9  maxim_heart_rate_and_oxygen_saturation                
00003bbb  maxim_find_peaks                                      
00003bff  maxim_peaks_above_min_height                          
00003cd1  maxim_remove_close_peaks                              
00003d8b  maxim_sort_ascend                                     
00003e01  maxim_sort_indices_descend                            
00003e7f  _system_post_cinit                                    
00003e81  altitude_compensated_pressure_inchHg                  
00003eb9  BME280_I2C_bus_write                                  
0000409d  BME280_I2C_bus_read                                   
000042b7  I2C_routine                                           
000042d9  bme280_sensor_init                                    
0000439f  get_bme280_values                                     
00004609  reset_rx_buffer                                       
00004621  ble_pins_init                                         
0000464b  dummy_uart_init                                       
00004671  check_response                                        
0000468d  ble_send_data                                         
0000474d  ble_check_connection                                  
0000479f  calculate_RR                                          
0000483d  calculate_HR                                          
000048d5  maxrefdes117_init                                     
0000495b  accel_init                                            
00004997  update_accel_params                                   
00004a8d  update_temp_value                                     
00004b61  main                                                  
00004e41  SysTick_Handler                                       
00004e41  SysTick_Handler                                       
00004fa5  ADC14_IRQHandler                                      
00004fa5  ADC14_IRQHandler                                      
00005105  PORT4_IRQHandler                                      
00005105  PORT4_IRQHandler                                      
000051cd  I2C0_Init                                             
00005213  I2C0_bus_read                                         
00005429  I2C0_bus_write                                        
0000562d  SystemCoreClockUpdate                                 
000058a1  SystemInit                                            
00005955  uartA0_tx_str                                         
00005973  uartA2_tx_str                                         
00005991  uartA0_tx_bytes                                       
000059b3  uartA2_tx_bytes                                       
000059d5  uartA0_init                                           
00005a27  uartA2_init                                           
00005a79  uartA0_read_rx_buff                                   
00005a9b  uartA2_read_rx_buff                                   
00005abd  EUSCIA0_IRQHandler                                    
00005abd  EUSCIA0_IRQHandler                                    
00005af3  EUSCIA2_IRQHandler                                    
00005af3  EUSCIA2_IRQHandler                                    
00005b29  return_UARTA2_rx_ptr                                  
00005b2f  set_UARTA2_rx_ptr                                     
00005b75  r_reg                                                 
00005baf  w_reg                                                 
00005bdd  ADXL345_powerOn                                       
00005bf9  ADXL345_readAccel                                     
00005c7b  ADXL345_readNormalizedAccel                           
00005d01  ADXL345_setRange                                      
00005d43  ADXL345_getRange                                      
00005d51  ADXL345_setDataRate                                   
00005d63  ADXL345_getDataRate                                   
00005d81  __aeabi_uldivmod                                      
00005f75  maxim_max30102_write_reg                              
00005f99  maxim_max30102_read_reg                               
00005fb9  maxim_max30102_init                                   
00006059  maxim_max30102_read_fifo                              
00006123  maxim_max30102_reset                                  
00006137  __aeabi_dsub                                          
00006141  __aeabi_dadd                                          
000062ed  spi_init                                              
0000632d  spi_transfer                                          
0000638f  spi_transfer16                                        
00006455  __aeabi_ddiv                                          
0000658b  __aeabi_dmul                                          
00006689  ldexp                                                 
00006689  ldexpl                                                
00006689  scalbn                                                
00006689  scalbnl                                               
00006785  adc_init                                              
00006839  adc_start_sample                                      
000068bf  clk_init                                              
000068fd  CS_startHFXTWithTimeout                               
00006999  __aeabi_memcpy                                        
00006999  __aeabi_memcpy4                                       
00006999  __aeabi_memcpy8                                       
00006999  memcpy                                                
00006a35  SPI_initMaster                                        
00006abd  __aeabi_cdcmpeq                                       
00006abd  __aeabi_cdcmple                                       
00006b43  __aeabi_cdrcmple                                      
00006bc9  __aeabi_memclr                                        
00006bc9  __aeabi_memclr4                                       
00006bc9  __aeabi_memclr8                                       
00006bcb  __aeabi_memset                                        
00006bcb  __aeabi_memset4                                       
00006bcb  __aeabi_memset8                                       
00006bd1  memset                                                
00006cb5  __TI_auto_init                                        
00006d2d  printf                                                
00006d95  __aeabi_d2f                                           
00006e03  __TI_decompress_lzss                                  
00006e6d  I2C1_Init                                             
00006ed1  Interrupt_enableInterrupt                             
00006f35  fputc                                                 
00006f53  fputs                                                 
00006f99  frexp                                                 
00006f99  frexpl                                                
00006ffd  sprintf                                               
0000705d  systick_init                                          
00007079  systick_delay_ms                                      
000070b9  _c_int00                                              
0000710d  C$$EXIT                                               
00007111  abort                                                 
00007119  exit                                                  
00007161  ltoa                                                  
000071b5  atoi                                                  
00007201  copy_in                                               
0000724d  GPIO_setAsPeripheralModuleFunctionInputPin            
00007295  __aeabi_d2iz                                          
000072dd  __aeabi_f2d                                           
00007315  strstr                                                
00007349  GPIO_setAsInputPinWithPullUpResistor                  
000073a9  __aeabi_i2d                                           
000073d9  GPIO_setAsOutputPin                                   
000073fd  uartA0_tx                                             
00007421  uartA2_tx                                             
00007445  GPIO_interruptEdgeSelect                              
00007465  __aeabi_ui2d                                          
00007485  memccpy                                               
000074a1  SPI_enableModule                                      
000074bd  GPIO_setOutputLowOnPin                                
000074d5  _args_main                                            
000074ed  UART_enableInterrupt                                  
00007503  strchr                                                
00007519  CS_setExternalClockSourceFrequency                    
0000752d  GPIO_setOutputHighOnPin                               
00007541  _register_unlock                                      
00007547  _register_lock                                        
0000754f  _nop                                                  
00007555  copysign                                              
00007555  copysignl                                             
00007569  strcpy                                                
0000757d  strlen                                                
00007591  SysCtl_disableNMISource                               
000075a1  SysCtl_enableNMISource                                
000075b1  __TI_decompress_none                                  
000075bf  Reset_Handler                                         
000075cb  AES256_IRQHandler                                     
000075cb  BusFault_Handler                                      
000075cb  COMP_E0_IRQHandler                                    
000075cb  COMP_E1_IRQHandler                                    
000075cb  CS_IRQHandler                                         
000075cb  DMA_ERR_IRQHandler                                    
000075cb  DMA_INT0_IRQHandler                                   
000075cb  DMA_INT1_IRQHandler                                   
000075cb  DMA_INT2_IRQHandler                                   
000075cb  DMA_INT3_IRQHandler                                   
000075cb  DebugMon_Handler                                      
000075cb  Default_Handler                                       
000075cb  EUSCIA1_IRQHandler                                    
000075cb  EUSCIA3_IRQHandler                                    
000075cb  EUSCIB0_IRQHandler                                    
000075cb  EUSCIB1_IRQHandler                                    
000075cb  EUSCIB2_IRQHandler                                    
000075cb  EUSCIB3_IRQHandler                                    
000075cb  FLCTL_IRQHandler                                      
000075cb  FPU_IRQHandler                                        
000075cb  HardFault_Handler                                     
000075cb  MemManage_Handler                                     
000075cb  NMI_Handler                                           
000075cb  PCM_IRQHandler                                        
000075cb  PORT1_IRQHandler                                      
000075cb  PORT2_IRQHandler                                      
000075cb  PORT3_IRQHandler                                      
000075cb  PORT5_IRQHandler                                      
000075cb  PORT6_IRQHandler                                      
000075cb  PSS_IRQHandler                                        
000075cb  PendSV_Handler                                        
000075cb  RTC_C_IRQHandler                                      
000075cb  SVC_Handler                                           
000075cb  T32_INT1_IRQHandler                                   
000075cb  T32_INT2_IRQHandler                                   
000075cb  T32_INTC_IRQHandler                                   
000075cb  TA0_0_IRQHandler                                      
000075cb  TA0_N_IRQHandler                                      
000075cb  TA1_0_IRQHandler                                      
000075cb  TA1_N_IRQHandler                                      
000075cb  TA2_0_IRQHandler                                      
000075cb  TA2_N_IRQHandler                                      
000075cb  TA3_0_IRQHandler                                      
000075cb  TA3_N_IRQHandler                                      
000075cb  UsageFault_Handler                                    
000075cb  WDT_A_IRQHandler                                      
000075cd  EUSCI_A_SPI_enable                                    
000075d9  EUSCI_B_SPI_enable                                    
000075e5  SysCtl_getNMISourceStatus                             
000075f1  __TI_zero_init                                        
000075fd  CS_startHFXT                                          
00007603  _system_pre_init                                      
00007608  _ctypes_                                              
00007709  uch_spo2_table                                        
000077c1  MIN_DIST                                              
00007804  auw_hamm                                              
00007af0  __TI_Handler_Table_Base                               
00007afc  __TI_Handler_Table_Limit                              
00007b08  __TI_CINIT_Base                                       
00007b18  __TI_CINIT_Limit                                      
20000000  g_hr_buff                                             
200012c0  g_hr_filter_values                                    
20002580  g_hr_temp_buff                                        
20003840  g_rr_buff                                             
20004b00  g_rr_filter_values                                    
20005dc0  g_rr_temp_buff                                        
20007080  _ftable                                               
20007170  g_ms_timeout                                          
20007174  g_ticks                                               
20007178  g_check_connection_count                              
2000717c  g_data_send_interval_count                            
20007180  g_ble_connect_state                                   
20007181  g_ble_state                                           
20007182  g_adc_state                                           
20007184  g_adcSamplingPeriod                                   
20007188  g_adcSamplingCount                                    
2000718c  g_rr_state                                            
2000718e  g_rr_sample_count                                     
20007190  g_rr_cal_signal                                       
20007191  g_hr_state                                            
20007192  g_hr_valid                                            
20007194  g_hr_sample_count                                     
20007196  g_hr_cal_signal                                       
20007197  g_hr_spo2_state                                       
20007198  gIrRedCount                                           
2000719c  g_adxl345_interval                                    
2000719e  g_adxl345_flag                                        
200071a0  g_bme280_get_data_count                               
200071a4  g_bme280_flag                                         
200071d8  g_sensor_data                                         
200071f4  bme280_data                                           
20007204  __TI_cleanup_ptr                                      
20007208  __TI_dtors_ptr                                        
2000720c  __TI_enable_exit_profile_output                       
20007210  _lock                                                 
20007214  _unlock                                               
20007218  errno                                                 
2000721c  main_func_sp                                          
20007224  SystemCoreClock                                       
20007228  uartA0_rx_ptr                                         
2000722a  uartA2_rx_ptr                                         
200081cc  g_aun_ir_buffer                                       
2000899c  g_aun_red_buffer                                      
2000992c  g_rx_buff                                             
20009af4  bme280                                                
20009b30  regData                                               
20009b48  n_heart_rate                                          
20009b4c  n_sp02                                                
20009b50  p_bme280                                              
20009b54  uartA0_rx_buff                                        
20009b58  uartA2_rx_buff                                        
20009b5c  uartA0_rx_buff_len                                    
20009b5e  uartA2_rx_buff_len                                    
20009b60  ch_hr_valid                                           
20009b61  ch_spo2_valid                                         
2000fe00  __stack                                               
20010000  __STACK_END                                           
4000480c  WDTCTL_SYM                                            
ffffffff  __TI_pprof_out_hndl                                   
ffffffff  __TI_prof_data_size                                   
ffffffff  __TI_prof_data_start                                  
ffffffff  __binit__                                             
ffffffff  __c_args__                                            
ffffffff  binit                                                 
UNDEFED   SHT$$INIT_ARRAY$$Base                                 
UNDEFED   SHT$$INIT_ARRAY$$Limit                                

[317 symbols]
